import "go:net/url"
import "go:strings"

import "models"
import "pb"
import "query"
import "search"

/// The PocketBase clause that admits a record containing ANY query term in
/// any of `fields` ('~' is a case-insensitive LIKE). The ranker then sees
/// candidates rather than the corpus: the hosted board serialised a
/// megabyte of bodies per query before, erratically taking 5 to 20 seconds.
/// An empty query admits everything.
pub fn candidate_clause(q: string, fields: Slice<string>) -> string {
  let mut parts: Slice<string> = []
  for t in search.tokenize(q) {
    for f in fields {
      parts = parts.append(f"{f} ~ {query.quote(t)}")
    }
  }
  if parts.is_empty() { return "" }
  "(" + strings.Join(parts, " || ") + ")"
}

/// Every doc of a team with only the fields the ranker reads, paged.
pub fn fetch_team_docs_light(
  ctx: pb.Client,
  team_id: string,
  where: string,
) -> Result<Slice<models.Doc>, string> {
  let mut clause = f"team={query.quote(team_id)}"
  if where != "" { clause = f"{clause} && {where}" }
  fetch_docs(ctx, clause, "slug", "id,slug,kind,title,body,updated")
}

pub fn fetch_team_issues_where(
  ctx: pb.Client,
  team_id: string,
  where: string,
) -> Result<Slice<models.Issue>, string> {
  let mut clause = query.filter(team_id, "", "", "", "", "")
  if where != "" { clause = f"{clause} && {where}" }
  let filter = url.QueryEscape(clause)
  let mut out: Slice<models.Issue> = []
  let mut page = 1
  loop {
    let mut list = models.IssueList { .. }
    pb.fetch(
      ctx,
      f"/api/collections/issues/records?perPage=500&page={page}&sort=number&expand=team,assignee,labels&filter={filter}",
      "issues",
      &list,
    )?
    out = out.append(list.items...)
    if list.items.length() < 500 { break }
    page += 1
  }
  Ok(out)
}

pub fn fetch_team_comments_where(
  ctx: pb.Client,
  team_id: string,
  where: string,
) -> Result<Slice<models.Comment>, string> {
  let mut clause = f"issue.team={query.quote(team_id)}"
  if where != "" { clause = f"{clause} && {where}" }
  let cfilter = url.QueryEscape(clause)
  let mut out: Slice<models.Comment> = []
  let mut page = 1
  loop {
    let mut list = models.CommentList { .. }
    pb.fetch(
      ctx,
      f"/api/collections/comments/records?perPage=500&page={page}&sort=created,id&expand=author&fields=id,issue,author,body,updated,expand.author.name&filter={cfilter}",
      "comments",
      &list,
    )?
    out = out.append(list.items...)
    if list.items.length() < 500 { break }
    page += 1
  }
  Ok(out)
}
