
  ▲ Unused import
   ╭─[src/commands/serve_settings.lis:1:8]
 1 │ import "go:encoding/json"
   ·        ─────────┬────────
   ·                 ╰── never used
 2 │ import "go:crypto/rand"
   ╰────
  help: Use or remove this import · code: [lint.unused_import]

  ✓ Emit completed `lll` v0.1.0 (81ms)
  ✓ Binary at `target/.lisette/bin/lll`
e2e: all assertions passed

  ▲ Unused import
   ╭─[src/commands/serve_settings.lis:1:8]
 1 │ import "go:encoding/json"
   ·        ─────────┬────────
   ·                 ╰── never used
 2 │ import "go:crypto/rand"
   ╰────
  help: Use or remove this import · code: [lint.unused_import]

  ✓ Emit completed `lll` v0.1.0 (77ms)
  ✓ Binary at `target/.lisette/bin/lll`
e2e_web: browser-level realtime check passed
e2e_web: browser-level /search live-typing check passed
e2e_web: all assertions passed

  ▲ Unused import
   ╭─[src/commands/serve_settings.lis:1:8]
 1 │ import "go:encoding/json"
   ·        ─────────┬────────
   ·                 ╰── never used
 2 │ import "go:crypto/rand"
   ╰────
  help: Use or remove this import · code: [lint.unused_import]

  ✓ Emit completed `lll` v0.1.0 (83ms)
  ✓ Binary at `target/.lisette/bin/lll`
e2e_up: all assertions passed
