import "go:bytes"
import "go:html/template"
import chromahtml "go:github.com/alecthomas/chroma/v2/formatters/html"
import "go:github.com/yuin/goldmark"
import highlighting "go:github.com/yuin/goldmark-highlighting/v2"
import "go:github.com/yuin/goldmark/extension"
import "go:github.com/yuin/goldmark/renderer"
import mdhtml "go:github.com/yuin/goldmark/renderer/html"

// Markdown for issue descriptions and comment bodies.
//
// Its own module because the whole goldmark + chroma stack lands here and
// nowhere else: six imports the web board no longer carries, behind one
// function.

/// Markdown -> HTML for comment bodies and issue descriptions. GitHub-flavored
/// (tables, strikethrough, autolinks, task lists) with hard wraps on, so every
/// newline becomes a <br> the way GitHub comments do and pasted plain text
/// keeps its shape. WithUnsafe stays off, so the renderer still drops raw HTML
/// in user input; on parse failure fall back to escaped text.
///
/// Fenced code is tokenized server-side by chroma. WithClasses(true) makes it
/// emit bare class names instead of inline hex, so the colors come from
/// theme.css tokens and DESIGN.md's ladder stays the only palette.
///
/// A ```mermaid fence has no chroma lexer, and guessing is off, so highlighting
/// hands it back to goldmark's plain renderer as
/// <pre><code class="language-mermaid">. web/static/mermaid-init.js finds those
/// and draws them. That is the whole mermaid integration on this side.
///
/// The renderer is rebuilt per call because lis has no package-level composite
/// bindings. Measured at 13.5us/call for prose and 70us when the body carries a
/// code fence (chroma builds its lexer each time). A page renders a description
/// and its comments, so that is microseconds against a PocketBase round trip.
pub fn md_html(src: string) -> template.HTML {
  let mut buf = bytes.Buffer { .. }
  // WithHardWraps() returns an anonymous Go interface, which binds as Unknown,
  // so it needs narrowing before WithRendererOptions will take it.
  let Some(hard_wraps) = assert_type<renderer.Option>(mdhtml.WithHardWraps()) else {
    return template.HTMLEscapeString(src) as template.HTML
  }
  // extension.GFM is a package var of an unexported type, so lis binds it as
  // Unit; assert_type narrows it back to the interface goldmark wants.
  let Some(gfm) = assert_type<goldmark.Extender>(extension.GFM) else {
    return template.HTMLEscapeString(src) as template.HTML
  }
  let code = highlighting.NewHighlighting(
    highlighting.WithFormatOptions(chromahtml.WithClasses(true)),
  )
  let md = goldmark.New(
    goldmark.WithExtensions(gfm, code),
    goldmark.WithRendererOptions(hard_wraps),
  )
  if let Err(_) = md.Convert(src.bytes(), &buf) {
    return template.HTMLEscapeString(src) as template.HTML
  }
  buf.String() as template.HTML
}
