import "go:bytes"
import "go:io"
import "go:net/http"
import "go:strings"

import "config"
import "flags"
import "output"
import "pb"

// `lll api METHOD PATH` — raw passthrough to the board's server API, the
// documented escape hatch (LLL-408). Scripts and agents in other repos get
// the board's whole REST surface without hand-rolling curl plus token
// wiring: the request rides the same configured url and member token every
// other command uses, and the response comes back raw — status line on
// stderr, body on stdout, nothing prettied, so `| jq .` works and a non-200
// is visible instead of swallowed. `lll api --schema` prints the generated
// collection/field reference (api_schema.lis, written by
// scripts/gen_api_schema.py from the migrations' end state).

pub fn api_spec() -> Slice<flags.Flag> {
  [
    flags.Flag { name: "--body", alias: "-b", value: true, hint: "text", help: "request body to send (application/json)", .. },
    flags.Flag { name: "--schema", help: "print the collection/field reference instead of sending a request", .. },
    flags.Flag { name: "--fail", help: "exit non-zero on an HTTP error answer, with the code its status maps to\n(docs/cli-contract.md); the body still goes to stdout", .. },
    flags.Flag { name: "--help", alias: "-h", hidden: true, help: "show this help", .. },
  ]
}

pub fn api(ctx: pb.Client, args: Slice<string>) -> Result<output.Output, pb.CliError> {
  let spec = api_spec()
  // Two bare words: METHOD and PATH, like `veans api` and curl.
  let p = flags.parse_n(spec, args, 2, 2, "lll api METHOD PATH [--body TEXT] [--fail]")?
  if p.given("--help") {
    return Ok(output.line(api_usage_page()))
  }
  if p.given("--schema") {
    if p.positional_count() != 0 {
      return Err(flags.usage_error("--schema prints the reference; it takes no METHOD PATH"))
    }
    return Ok(output.text(schema_reference()))
  }
  let method = strings.ToUpper(p.nth(0))
  let path = p.nth(1)
  if method == "" && path == "" {
    return Ok(output.line(api_usage_page()))
  }
  if path == "" {
    return Err(flags.usage_error("lll api needs METHOD and PATH (see 'lll api --help')"))
  }
  if !strings.HasPrefix(path, "/") {
    return Err(flags.usage_error(f"path must start with '/': got '{path}'. The path is joined to the configured board url ('lll config list' shows it)"))
  }
  send(ctx, method, path, p.one("--body"), p.given("--fail"))
}

/// One raw request, deliberately NOT through pb.send: the client classifies
/// responses (refused tokens, empty lists) and returns bodies alone, which is
/// right for the verbs and wrong for a passthrough whose whole job is to show
/// the API as it answered. Transport failures still get the client's
/// "cannot reach PocketBase" message, because that failure is the same one.
fn send(ctx: pb.Client, method: string, path: string, payload: string, fail: bool) -> Result<output.Output, pb.CliError> {
  let (cfg, _src) = ctx.settings.traced().map_err(pb.failed)?
  let base = strings.TrimRight(cfg.url, "/")
  let mut req = match http.NewRequest(method, base + path, bytes.NewReader(payload.bytes())) {
    Ok(r) => r,
    Err(e) => return Err(pb.failed(f"{method} {path}: {e}")),
  }
  // http.NewRequest always populates Header, so None cannot happen; the
  // unwrap is the Option<Header> field type's toll, not a real branch.
  if let Some(h) = req.Header {
    let mut h = h
    if payload != "" { h.Set("Content-Type", "application/json") }
    if cfg.token != "" { h.Set("Authorization", pb.bearer(cfg.token)) }
  }
  let resp = match pb.no_redirects().Do(req) {
    Ok(r) => r,
    Err(e) => return Err(pb.unreachable(cfg.url, e)),
  }
  let Some(stream) = resp.Body else {
    return Err(pb.failed(f"{method} {path}: empty response body"))
  }
  defer stream.Close()
  let body = match io.ReadAll(stream) {
    Partial.Ok(b) => b,
    Partial.Both(_, e) | Partial.Err(e) => return Err(pb.failed(f"{method} {path}: reading response: {e}")),
  }
  // Status to stderr, body to stdout: a human sees both, a script pipes the
  // body to jq and reads the status from stderr when it wants it.
  let answer = output.notice(resp.Status).line(body as string)
  // --fail (LLL-645): an error answer exits with the code its status maps
  // to, as every other command's would, after printing the answer. Without
  // it any answer is exit 0.
  if fail && resp.StatusCode >= 400 {
    return Err(pb.http_error(f"{method} {path}", resp.StatusCode, resp.Status, body as string).after(answer))
  }
  Ok(answer)
}

/// The hand-written page for `lll api`, pure so its text can be asserted:
/// the endpoint-selection paragraph is the part a fresh-machine operator
/// reads when a command refuses their guessed --url (LLL-501).
fn api_usage_page() -> string {
  "lll api - raw passthrough to the board's server API

Usage:
  lll api METHOD PATH [--body TEXT] [--fail]
  lll api --schema

Sends METHOD PATH to the configured board url (LLL_URL for one command, or
'url' in config; save a default with 'lll config set url URL') with the
configured member token as `Authorization: Bearer`. The response
body goes to stdout and the status line to stderr, so
`lll api GET /api/collections/issues/records | jq .` works in scripts and a
non-200 stays visible. A non-200 is not a command error: the passthrough
shows the API as it answered, and exits 0. With --fail, an answer of 400 or
above exits with the code its status maps to (3 for 404, 4 for 403, 6 for
401; see docs/cli-contract.md).

  --body TEXT    send TEXT as the request body (application/json)
  --schema       print the collection/field reference and exit
  --fail         exit non-zero on an HTTP error answer (the body still prints)

Every collection is served at /api/collections/<name>/records with
list/view/create/update/delete and server filter expressions, e.g.
`lll api GET \"/api/collections/issues/records?filter=(state='todo')\"`.
`lll api --schema` names every collection and field with the rules a member
token answers to; regenerate it from the migrations with `mise run api-schema`."
}
