// GENERATED by scripts/gen_api_schema.py from the migrations' end state -
// do not edit. Regenerate with: mise run api-schema

/// The collection/field reference `lll api --schema` prints.
pub fn schema_reference() -> string {
  "
lll board API - collection and field reference

Generated from a board booted from pb/pb_migrations (the schema the
server enforces) by scripts/gen_api_schema.py; regenerate with
`mise run api-schema`. Never edit this output by hand.

Every collection is served under /api/collections/<name>/records with
list/view/create/update/delete, filtered by server filter
expressions: ?filter=(state='todo' && title~'login'), sorted with
?sort=-created. Rules name who may call each verb: (any) is every
authenticated member, (superuser only) is nobody else, anything else
is the rule itself. Auth is the member token the CLI stores
(lll login, or lll token create), as `Authorization: Bearer <token>`;
`lll api METHOD PATH` sends it for you.

## claims (base)

Rules: list @request.auth.id != \"\" && (@request.auth.scope = \"all\" || @request.auth.teams.id ?= issue.team) && (@request.auth.owner = \"\" || @request.auth.owner.scope = \"all\" || @request.auth.owner.teams.id ?= issue.team) view @request.auth.id != \"\" && (@request.auth.scope = \"all\" || @request.auth.teams.id ?= issue.team) && (@request.auth.owner = \"\" || @request.auth.owner.scope = \"all\" || @request.auth.owner.teams.id ?= issue.team) create (superuser only) update (superuser only) delete (superuser only)

| field | type | required | notes |
|-------|------|----------|-------|
| issue | relation | yes | relation to issues |
| member | relation | yes | relation to members |
| created | autodate |  | set on create |
| updated | autodate |  | set on create; refreshed on update |
| agent | text |  |  |

## comments (base)

Rules: list @request.auth.id != \"\" && (@request.auth.scope = \"all\" || @request.auth.teams.id ?= issue.team) && (@request.auth.owner = \"\" || @request.auth.owner.scope = \"all\" || @request.auth.owner.teams.id ?= issue.team) view @request.auth.id != \"\" && (@request.auth.scope = \"all\" || @request.auth.teams.id ?= issue.team) && (@request.auth.owner = \"\" || @request.auth.owner.scope = \"all\" || @request.auth.owner.teams.id ?= issue.team) create @request.auth.id != \"\" && (@request.auth.scope = \"all\" || @request.auth.teams.id ?= issue.team) && (@request.auth.owner = \"\" || @request.auth.owner.scope = \"all\" || @request.auth.owner.teams.id ?= issue.team) && (@request.auth.mode = \"rw\" && (@request.auth.owner = \"\" || @request.auth.owner.mode = \"rw\")) update @request.auth.id != \"\" && (@request.auth.scope = \"all\" || @request.auth.teams.id ?= issue.team) && (@request.auth.owner = \"\" || @request.auth.owner.scope = \"all\" || @request.auth.owner.teams.id ?= issue.team) && (@request.auth.mode = \"rw\" && (@request.auth.owner = \"\" || @request.auth.owner.mode = \"rw\")) && ((@request.auth.scope = \"all\" && (@request.auth.owner = \"\" || @request.auth.owner.scope = \"all\")) || @request.body.issue:isset = false) delete @request.auth.id != \"\" && (@request.auth.scope = \"all\" || @request.auth.teams.id ?= issue.team) && (@request.auth.owner = \"\" || @request.auth.owner.scope = \"all\" || @request.auth.owner.teams.id ?= issue.team) && (@request.auth.mode = \"rw\" && (@request.auth.owner = \"\" || @request.auth.owner.mode = \"rw\"))

| field | type | required | notes |
|-------|------|----------|-------|
| issue | relation | yes | relation to issues |
| author | relation |  | relation to members |
| body | text | yes |  |
| created | autodate |  | set on create |
| updated | autodate |  | set on create; refreshed on update |
| agent | text |  |  |
| author_kind | select |  | values: system |
| server_record | bool |  |  |

## docs (base)

Rules: list @request.auth.id != \"\" && (@request.auth.scope = \"all\" || @request.auth.teams.id ?= team) && (@request.auth.owner = \"\" || @request.auth.owner.scope = \"all\" || @request.auth.owner.teams.id ?= team) view @request.auth.id != \"\" && (@request.auth.scope = \"all\" || @request.auth.teams.id ?= team) && (@request.auth.owner = \"\" || @request.auth.owner.scope = \"all\" || @request.auth.owner.teams.id ?= team) create @request.auth.id != \"\" && (@request.auth.scope = \"all\" || @request.auth.teams.id ?= team) && (@request.auth.owner = \"\" || @request.auth.owner.scope = \"all\" || @request.auth.owner.teams.id ?= team) && (@request.auth.mode = \"rw\" && (@request.auth.owner = \"\" || @request.auth.owner.mode = \"rw\")) && @request.body.author:isset = false update @request.auth.id != \"\" && (@request.auth.scope = \"all\" || @request.auth.teams.id ?= team) && (@request.auth.owner = \"\" || @request.auth.owner.scope = \"all\" || @request.auth.owner.teams.id ?= team) && (@request.auth.mode = \"rw\" && (@request.auth.owner = \"\" || @request.auth.owner.mode = \"rw\")) && (@request.body.team:isset = false || ((@request.auth.scope = \"all\" || @request.auth.teams.id ?= @request.body.team) && (@request.auth.owner = \"\" || @request.auth.owner.scope = \"all\" || @request.auth.owner.teams.id ?= @request.body.team))) && @request.body.author:isset = false delete @request.auth.id != \"\" && (@request.auth.scope = \"all\" || @request.auth.teams.id ?= team) && (@request.auth.owner = \"\" || @request.auth.owner.scope = \"all\" || @request.auth.owner.teams.id ?= team) && (@request.auth.mode = \"rw\" && (@request.auth.owner = \"\" || @request.auth.owner.mode = \"rw\"))

| field | type | required | notes |
|-------|------|----------|-------|
| slug | text | yes |  |
| title | text | yes |  |
| kind | text |  |  |
| body | text |  |  |
| issues | relation |  | maxSelect: 99; relation to issues |
| created | autodate |  | set on create |
| updated | autodate |  | set on create; refreshed on update |
| area | text |  |  |
| paths | text |  |  |
| team | relation | yes | relation to teams |
| confidence | select |  | values: suspected, confirmed, refuted |
| confidence_note | text |  |  |
| author | relation |  | relation to members |

## favorites (base)

Rules: list @request.auth.id != \"\" && (@request.auth.scope = \"all\" || @request.auth.teams.id ?= issue.team) && (@request.auth.owner = \"\" || @request.auth.owner.scope = \"all\" || @request.auth.owner.teams.id ?= issue.team) && (((@request.auth.scope = \"all\" && (@request.auth.owner = \"\" || @request.auth.owner.scope = \"all\")) && (@request.auth.mode = \"rw\" && (@request.auth.owner = \"\" || @request.auth.owner.mode = \"rw\"))) || member = @request.auth.id) view @request.auth.id != \"\" && (@request.auth.scope = \"all\" || @request.auth.teams.id ?= issue.team) && (@request.auth.owner = \"\" || @request.auth.owner.scope = \"all\" || @request.auth.owner.teams.id ?= issue.team) && (((@request.auth.scope = \"all\" && (@request.auth.owner = \"\" || @request.auth.owner.scope = \"all\")) && (@request.auth.mode = \"rw\" && (@request.auth.owner = \"\" || @request.auth.owner.mode = \"rw\"))) || member = @request.auth.id) create @request.auth.id != \"\" && (@request.auth.scope = \"all\" || @request.auth.teams.id ?= issue.team) && (@request.auth.owner = \"\" || @request.auth.owner.scope = \"all\" || @request.auth.owner.teams.id ?= issue.team) && (((@request.auth.scope = \"all\" && (@request.auth.owner = \"\" || @request.auth.owner.scope = \"all\")) && (@request.auth.mode = \"rw\" && (@request.auth.owner = \"\" || @request.auth.owner.mode = \"rw\"))) || @request.body.member = @request.auth.id) && (member = \"\" || member = @request.auth.id) update @request.auth.id != \"\" && (@request.auth.scope = \"all\" || @request.auth.teams.id ?= issue.team) && (@request.auth.owner = \"\" || @request.auth.owner.scope = \"all\" || @request.auth.owner.teams.id ?= issue.team) && ((@request.auth.scope = \"all\" && (@request.auth.owner = \"\" || @request.auth.owner.scope = \"all\")) || @request.body.issue:isset = false) && (((@request.auth.scope = \"all\" && (@request.auth.owner = \"\" || @request.auth.owner.scope = \"all\")) && (@request.auth.mode = \"rw\" && (@request.auth.owner = \"\" || @request.auth.owner.mode = \"rw\"))) || member = @request.auth.id) && (member = \"\" || member = @request.auth.id) && @request.body.member:isset = false delete @request.auth.id != \"\" && (@request.auth.scope = \"all\" || @request.auth.teams.id ?= issue.team) && (@request.auth.owner = \"\" || @request.auth.owner.scope = \"all\" || @request.auth.owner.teams.id ?= issue.team) && (((@request.auth.scope = \"all\" && (@request.auth.owner = \"\" || @request.auth.owner.scope = \"all\")) && (@request.auth.mode = \"rw\" && (@request.auth.owner = \"\" || @request.auth.owner.mode = \"rw\"))) || member = @request.auth.id)

| field | type | required | notes |
|-------|------|----------|-------|
| issue | relation | yes | relation to issues |
| member | relation |  | relation to members |
| created | autodate |  | set on create |
| updated | autodate |  | set on create; refreshed on update |

## invites (base)

Rules: list (superuser only) view (superuser only) create (superuser only) update (superuser only) delete (superuser only)

| field | type | required | notes |
|-------|------|----------|-------|
| code_hash | text | yes |  |
| teams | relation |  | maxSelect: 999; relation to teams |
| mode | select | yes | values: ro, rw |
| expires | date | yes |  |
| creator | relation |  | relation to members |
| superuser | bool |  |  |
| redeemed | date |  |  |
| redeemed_by | relation |  | relation to members |
| created | autodate |  | set on create |

## issue_counters (base)

Rules: list (superuser only) view (superuser only) create (superuser only) update (superuser only) delete (superuser only)

| field | type | required | notes |
|-------|------|----------|-------|
| team | relation | yes | relation to teams |
| last | number |  |  |

## issues (base)

Rules: list @request.auth.id != \"\" && (@request.auth.scope = \"all\" || @request.auth.teams.id ?= team) && (@request.auth.owner = \"\" || @request.auth.owner.scope = \"all\" || @request.auth.owner.teams.id ?= team) view @request.auth.id != \"\" && (@request.auth.scope = \"all\" || @request.auth.teams.id ?= team) && (@request.auth.owner = \"\" || @request.auth.owner.scope = \"all\" || @request.auth.owner.teams.id ?= team) create @request.auth.id != \"\" && (@request.auth.scope = \"all\" || @request.auth.teams.id ?= team) && (@request.auth.owner = \"\" || @request.auth.owner.scope = \"all\" || @request.auth.owner.teams.id ?= team) && (@request.auth.mode = \"rw\" && (@request.auth.owner = \"\" || @request.auth.owner.mode = \"rw\")) update @request.auth.id != \"\" && (@request.auth.scope = \"all\" || @request.auth.teams.id ?= team) && (@request.auth.owner = \"\" || @request.auth.owner.scope = \"all\" || @request.auth.owner.teams.id ?= team) && (@request.auth.mode = \"rw\" && (@request.auth.owner = \"\" || @request.auth.owner.mode = \"rw\")) && (@request.body.team:isset = false || ((@request.auth.scope = \"all\" || @request.auth.teams.id ?= @request.body.team) && (@request.auth.owner = \"\" || @request.auth.owner.scope = \"all\" || @request.auth.owner.teams.id ?= @request.body.team))) && @request.body.creator:isset = false && @request.body.origin:isset = false delete @request.auth.id != \"\" && (@request.auth.scope = \"all\" || @request.auth.teams.id ?= team) && (@request.auth.owner = \"\" || @request.auth.owner.scope = \"all\" || @request.auth.owner.teams.id ?= team) && (@request.auth.mode = \"rw\" && (@request.auth.owner = \"\" || @request.auth.owner.mode = \"rw\"))

| field | type | required | notes |
|-------|------|----------|-------|
| team | relation | yes | relation to teams |
| number | number |  |  |
| title | text | yes |  |
| description | text |  |  |
| state | select | yes | values: backlog, todo, in-progress, in-review, done, cancelled |
| priority | number |  |  |
| sort | number |  |  |
| work_branch | text |  |  |
| work_host | text |  |  |
| work_path | text |  |  |
| assignee | relation |  | relation to members |
| project | relation |  | relation to projects |
| labels | relation |  | maxSelect: 999; relation to labels |
| created | autodate |  | set on create |
| updated | autodate |  | set on create; refreshed on update |
| emoji | text |  |  |
| blocked_by | relation |  | maxSelect: 999; relation to issues |
| attachments | file |  | maxSelect: 20 |
| creator | relation |  | relation to members |
| origin | json |  |  |
| refs | text |  |  |
| idempotency_key | text |  |  |
| idempotency_fingerprint | text |  |  |

## labels (base)

Rules: list @request.auth.id != \"\" && (@request.auth.scope = \"all\" || @request.auth.teams.id ?= team) && (@request.auth.owner = \"\" || @request.auth.owner.scope = \"all\" || @request.auth.owner.teams.id ?= team) view @request.auth.id != \"\" && (@request.auth.scope = \"all\" || @request.auth.teams.id ?= team) && (@request.auth.owner = \"\" || @request.auth.owner.scope = \"all\" || @request.auth.owner.teams.id ?= team) create @request.auth.id != \"\" && (@request.auth.scope = \"all\" || @request.auth.teams.id ?= team) && (@request.auth.owner = \"\" || @request.auth.owner.scope = \"all\" || @request.auth.owner.teams.id ?= team) && (@request.auth.mode = \"rw\" && (@request.auth.owner = \"\" || @request.auth.owner.mode = \"rw\")) update @request.auth.id != \"\" && (@request.auth.scope = \"all\" || @request.auth.teams.id ?= team) && (@request.auth.owner = \"\" || @request.auth.owner.scope = \"all\" || @request.auth.owner.teams.id ?= team) && (@request.auth.mode = \"rw\" && (@request.auth.owner = \"\" || @request.auth.owner.mode = \"rw\")) && (@request.body.team:isset = false || ((@request.auth.scope = \"all\" || @request.auth.teams.id ?= @request.body.team) && (@request.auth.owner = \"\" || @request.auth.owner.scope = \"all\" || @request.auth.owner.teams.id ?= @request.body.team))) delete @request.auth.id != \"\" && (@request.auth.scope = \"all\" || @request.auth.teams.id ?= team) && (@request.auth.owner = \"\" || @request.auth.owner.scope = \"all\" || @request.auth.owner.teams.id ?= team) && (@request.auth.mode = \"rw\" && (@request.auth.owner = \"\" || @request.auth.owner.mode = \"rw\"))

| field | type | required | notes |
|-------|------|----------|-------|
| name | text | yes |  |
| color | text |  |  |
| team | relation | yes | relation to teams |
| created | autodate |  | set on create |
| updated | autodate |  | set on create; refreshed on update |

## link_viewers (auth)

Rules: list @request.auth.id != \"\" && id = @request.auth.id view @request.auth.id != \"\" && id = @request.auth.id create (superuser only) update (superuser only) delete (superuser only)

| field | type | required | notes |
|-------|------|----------|-------|
| teams | relation |  | maxSelect: 999; relation to teams |
| scope | select | yes | values: all, teams |
| mode | select | yes | values: rw, ro |
| owner | relation |  | relation to members |
| link_team | text | yes |  |
| password | password | yes |  |
| tokenKey | text | yes |  |
| email | email | yes |  |
| emailVisibility | bool |  |  |
| verified | bool |  |  |

## members (auth)

Rules: list @request.auth.id != \"\" && ((@request.auth.scope = \"all\" && (@request.auth.owner = \"\" || @request.auth.owner.scope = \"all\")) || id = @request.auth.id || (scope = \"all\" && kind != \"bot\") || ((@request.auth.scope = \"all\" || teams.id ?= @request.auth.teams.id) && (@request.auth.owner = \"\" || @request.auth.owner.scope = \"all\" || teams.id ?= @request.auth.owner.teams.id))) view @request.auth.id != \"\" && ((@request.auth.scope = \"all\" && (@request.auth.owner = \"\" || @request.auth.owner.scope = \"all\")) || id = @request.auth.id || (scope = \"all\" && kind != \"bot\") || ((@request.auth.scope = \"all\" || teams.id ?= @request.auth.teams.id) && (@request.auth.owner = \"\" || @request.auth.owner.scope = \"all\" || teams.id ?= @request.auth.owner.teams.id))) create @request.auth.id != \"\" && (((@request.auth.scope = \"all\" && (@request.auth.owner = \"\" || @request.auth.owner.scope = \"all\")) && (@request.auth.mode = \"rw\" && (@request.auth.owner = \"\" || @request.auth.owner.mode = \"rw\"))) || (@request.body.kind = \"bot\" && @request.body.owner = @request.auth.id && (@request.auth.mode = \"rw\" && (@request.auth.owner = \"\" || @request.auth.owner.mode = \"rw\")))) && ((kind = \"bot\" && owner = @request.auth.id) || (kind != \"bot\" && owner = \"\")) update @request.auth.id != \"\" && @request.body.teams:isset = false && @request.body.scope:isset = false && @request.body.mode:isset = false && @request.body.owner:isset = false && @request.body.kind:isset = false && (((@request.auth.scope = \"all\" && (@request.auth.owner = \"\" || @request.auth.owner.scope = \"all\")) && (@request.auth.mode = \"rw\" && (@request.auth.owner = \"\" || @request.auth.owner.mode = \"rw\"))) || id = @request.auth.id) delete (superuser only)

| field | type | required | notes |
|-------|------|----------|-------|
| name | text | yes |  |
| email | email | yes |  |
| created | autodate |  | set on create |
| updated | autodate |  | set on create; refreshed on update |
| password | password | yes |  |
| tokenKey | text | yes |  |
| emailVisibility | bool |  |  |
| verified | bool |  |  |
| kind | select |  | values: person, bot |
| owner | relation |  | relation to members |
| teams | relation |  | maxSelect: 999; relation to teams |
| scope | select | yes | values: all, teams |
| mode | select | yes | values: rw, ro |

## projects (base)

Rules: list @request.auth.id != \"\" && (@request.auth.scope = \"all\" || @request.auth.teams.id ?= team) && (@request.auth.owner = \"\" || @request.auth.owner.scope = \"all\" || @request.auth.owner.teams.id ?= team) view @request.auth.id != \"\" && (@request.auth.scope = \"all\" || @request.auth.teams.id ?= team) && (@request.auth.owner = \"\" || @request.auth.owner.scope = \"all\" || @request.auth.owner.teams.id ?= team) create @request.auth.id != \"\" && (@request.auth.scope = \"all\" || @request.auth.teams.id ?= team) && (@request.auth.owner = \"\" || @request.auth.owner.scope = \"all\" || @request.auth.owner.teams.id ?= team) && (@request.auth.mode = \"rw\" && (@request.auth.owner = \"\" || @request.auth.owner.mode = \"rw\")) update @request.auth.id != \"\" && (@request.auth.scope = \"all\" || @request.auth.teams.id ?= team) && (@request.auth.owner = \"\" || @request.auth.owner.scope = \"all\" || @request.auth.owner.teams.id ?= team) && (@request.auth.mode = \"rw\" && (@request.auth.owner = \"\" || @request.auth.owner.mode = \"rw\")) && (@request.body.team:isset = false || ((@request.auth.scope = \"all\" || @request.auth.teams.id ?= @request.body.team) && (@request.auth.owner = \"\" || @request.auth.owner.scope = \"all\" || @request.auth.owner.teams.id ?= @request.body.team))) delete @request.auth.id != \"\" && (@request.auth.scope = \"all\" || @request.auth.teams.id ?= team) && (@request.auth.owner = \"\" || @request.auth.owner.scope = \"all\" || @request.auth.owner.teams.id ?= team) && (@request.auth.mode = \"rw\" && (@request.auth.owner = \"\" || @request.auth.owner.mode = \"rw\"))

| field | type | required | notes |
|-------|------|----------|-------|
| name | text | yes |  |
| description | text |  |  |
| status | select | yes | values: planned, started, paused, completed, cancelled |
| team | relation | yes | relation to teams |
| created | autodate |  | set on create |
| updated | autodate |  | set on create; refreshed on update |

## teams (base)

Rules: list @request.auth.id != \"\" && (@request.auth.scope = \"all\" || @request.auth.teams.id ?= id) && (@request.auth.owner = \"\" || @request.auth.owner.scope = \"all\" || @request.auth.owner.teams.id ?= id) view @request.auth.id != \"\" && (@request.auth.scope = \"all\" || @request.auth.teams.id ?= id) && (@request.auth.owner = \"\" || @request.auth.owner.scope = \"all\" || @request.auth.owner.teams.id ?= id) create @request.auth.id != \"\" && (@request.auth.scope = \"all\" && (@request.auth.owner = \"\" || @request.auth.owner.scope = \"all\")) && (@request.auth.mode = \"rw\" && (@request.auth.owner = \"\" || @request.auth.owner.mode = \"rw\")) update @request.auth.id != \"\" && (@request.auth.scope = \"all\" && (@request.auth.owner = \"\" || @request.auth.owner.scope = \"all\")) && (@request.auth.mode = \"rw\" && (@request.auth.owner = \"\" || @request.auth.owner.mode = \"rw\")) delete @request.auth.id != \"\" && (@request.auth.scope = \"all\" && (@request.auth.owner = \"\" || @request.auth.owner.scope = \"all\")) && (@request.auth.mode = \"rw\" && (@request.auth.owner = \"\" || @request.auth.owner.mode = \"rw\"))

| field | type | required | notes |
|-------|------|----------|-------|
| key | text | yes |  |
| name | text |  |  |
| archived | bool |  |  |
| created | autodate |  | set on create |
| updated | autodate |  | set on create; refreshed on update |
| accent | text |  |  |
| emoji | text |  |  |

## views (base)

Rules: list @request.auth.id != \"\" && (((@request.auth.scope = \"all\" && (@request.auth.owner = \"\" || @request.auth.owner.scope = \"all\")) && (@request.auth.mode = \"rw\" && (@request.auth.owner = \"\" || @request.auth.owner.mode = \"rw\"))) || member = @request.auth.id) view @request.auth.id != \"\" && (((@request.auth.scope = \"all\" && (@request.auth.owner = \"\" || @request.auth.owner.scope = \"all\")) && (@request.auth.mode = \"rw\" && (@request.auth.owner = \"\" || @request.auth.owner.mode = \"rw\"))) || member = @request.auth.id) create @request.auth.id != \"\" && (((@request.auth.scope = \"all\" && (@request.auth.owner = \"\" || @request.auth.owner.scope = \"all\")) && (@request.auth.mode = \"rw\" && (@request.auth.owner = \"\" || @request.auth.owner.mode = \"rw\"))) || @request.body.member = @request.auth.id) && (member = \"\" || member = @request.auth.id) update @request.auth.id != \"\" && (((@request.auth.scope = \"all\" && (@request.auth.owner = \"\" || @request.auth.owner.scope = \"all\")) && (@request.auth.mode = \"rw\" && (@request.auth.owner = \"\" || @request.auth.owner.mode = \"rw\"))) || member = @request.auth.id) && (member = \"\" || member = @request.auth.id) && @request.body.member:isset = false delete @request.auth.id != \"\" && (((@request.auth.scope = \"all\" && (@request.auth.owner = \"\" || @request.auth.owner.scope = \"all\")) && (@request.auth.mode = \"rw\" && (@request.auth.owner = \"\" || @request.auth.owner.mode = \"rw\"))) || member = @request.auth.id)

| field | type | required | notes |
|-------|------|----------|-------|
| name | text | yes |  |
| query | text | yes |  |
| member | relation |  | relation to members |
| created | autodate |  | set on create |
| updated | autodate |  | set on create; refreshed on update |

## webhooks (base)

Rules: list @request.auth.id != \"\" && (@request.auth.scope = \"all\" || @request.auth.teams.id ?= team) && (@request.auth.owner = \"\" || @request.auth.owner.scope = \"all\" || @request.auth.owner.teams.id ?= team) view @request.auth.id != \"\" && (@request.auth.scope = \"all\" || @request.auth.teams.id ?= team) && (@request.auth.owner = \"\" || @request.auth.owner.scope = \"all\" || @request.auth.owner.teams.id ?= team) create @request.auth.id != \"\" && (@request.auth.scope = \"all\" || @request.auth.teams.id ?= team) && (@request.auth.owner = \"\" || @request.auth.owner.scope = \"all\" || @request.auth.owner.teams.id ?= team) && (@request.auth.mode = \"rw\" && (@request.auth.owner = \"\" || @request.auth.owner.mode = \"rw\")) update (superuser only) delete @request.auth.id != \"\" && (@request.auth.scope = \"all\" || @request.auth.teams.id ?= team) && (@request.auth.owner = \"\" || @request.auth.owner.scope = \"all\" || @request.auth.owner.teams.id ?= team) && (@request.auth.mode = \"rw\" && (@request.auth.owner = \"\" || @request.auth.owner.mode = \"rw\"))

| field | type | required | notes |
|-------|------|----------|-------|
| team | relation | yes | relation to teams |
| project | relation |  | relation to projects |
| url | text | yes |  |
| secret | text |  |  |
| created | autodate |  | set on create |
| secret_set | bool |  |  |
| creator | relation |  | relation to members |
"
}
