import "attachments"
import "flags"
import "output"
import "pb"
import "records"
import "go:os"

fn issue_attach(input: flags.CommandInput) -> Result<output.Output, pb.CliError> {
  let ctx = input.ctx
  let issue = records.fetch_issue(ctx, deslug(input.parsed.first()))?
  let path = input.parsed.nth(1)
  let file = match os.Open(path) {
    Ok(file) => file,
    Err(e) => return Err(pb.failed(f"opening attachment: {e}")),
  }
  defer file.Close()
  let data = attachments.read_upload(file)?
  let name = attachments.upload(ctx, pb.Caller.Process, issue, path, data)?
  let key = f"{issue.expand.team.key}-{issue.number}"
  issue_ending(ctx, input.parsed, key, f"Attached to {key}: {name}")
}

fn issue_detach(input: flags.CommandInput) -> Result<output.Output, pb.CliError> {
  let ctx = input.ctx
  let issue = records.fetch_issue(ctx, deslug(input.parsed.first()))?
  let name = input.parsed.nth(1)
  attachments.remove(ctx, pb.Caller.Process, issue, name)?
  issue_ending(ctx, input.parsed, f"{issue.expand.team.key}-{issue.number}", f"Removed attachment from {input.parsed.first()}: {name}")
}

fn issue_download(input: flags.CommandInput) -> Result<output.Output, pb.CliError> {
  let ctx = input.ctx
  let issue = records.fetch_issue(ctx, deslug(input.parsed.first()))?
  let data = attachments.read_file(ctx, issue, input.parsed.nth(1))?
  Ok(output.text(data))
}
