import "records"
import "claims"
import "go:encoding/json"
import "go:fmt"
import "go:net/url"
import "go:os"
import "go:regexp"
import "go:strconv"
import "go:strings"
import "go:time"

import "display"
import "flags"
import "models"
import "pb"
import "query"
import "writes"

// `lll issue list` and `lll issue next`: reading a team's issues as a
// table or JSON page, and ranking the ready ones into a work queue.

/// The hint a title-only search prints when nothing matched (LLL-484). The
/// contract ("titles only") is the part a fresh reader cannot see from an
/// empty result, and 'lll search' is the escape hatch into descriptions,
/// comments and docs.
fn empty_search_hint(search: string) -> string {
  f"no issues with '{search}' in the title; --search matches titles only: 'lll search {search}' also looks in descriptions, comments and docs"
}

fn list(input: flags.CommandInput) -> Result<(), string> {
  let ctx = input.ctx
  let p = input.parsed
  let filters = filters_from(p)?
  let since = if p.given("--since") { issue_since_stamp(p.one("--since"))? } else { "" }
  let sort_flag = p.one("--sort")
  let mut limit = 0
  if p.given("--limit") {
    let raw = p.one("--limit")
    let Ok(n) = strconv.Atoi(raw) else {
      return Err(flags.usage_error(f"--limit must be a positive integer, got '{raw}'"))
    }
    if n < 1 { return Err(flags.usage_error(f"--limit must be a positive integer, got {n}")) }
    limit = n
  }
  let mut page = 1
  if p.given("--page") {
    let raw = p.one("--page")
    let Ok(n) = strconv.Atoi(raw) else {
      return Err(flags.usage_error(f"--page must be a positive integer, got '{raw}'"))
    }
    if n < 1 { return Err(flags.usage_error(f"--page must be a positive integer, got {n}")) }
    page = n
  }
  let json_mode = p.given("--json")
  let ready_only = p.given("--ready")
  let blocked_only = p.given("--blocked")
  if ready_only && blocked_only { return Err(flags.usage_error("--ready and --blocked exclude each other")) }

  let cfg = ctx.settings.config()?

  // A configured team (LLL_TEAM or .lll.toml) scopes the list by default,
  // and with it the label and project names the list filters by.
  let scope = configured_scope(ctx)?

  let mut sort_spec = sort_flag
  if sort_spec == "" { sort_spec = cfg.sort }
  if sort_spec == "" { sort_spec = "created" }
  let sort = query.sort(sort_spec)?

  // --limit applies server-side via PB's perPage (capped by PB at 500).
  let mut per_page = 200
  if limit > 0 { per_page = limit }
  let mut filter = resolve_filter_query(ctx, scope, filters)?
  if since != "" {
    let clause = f"updated >= {query.quote(since)}"
    filter = if filter == "" { clause } else { f"{filter} && {clause}" }
  }
  let mut tail = "&expand=team,assignee,labels,blocked_by,project"
  if filter != "" { tail = f"{tail}&filter={url.QueryEscape(filter)}" }

  // LLL-382: PocketBase can only sort priority as the number it stores, and
  // none is 0, so its ascending order leads with the unprioritised - the
  // opposite of what a triage list is for. No PB sort expression can say
  // "none last", so that order is decided here, over the WHOLE result set:
  // one page of the raw numeric order holds the wrong issues, not merely the
  // right ones in the wrong order, and urgent work past the page falls off.
  let by_priority = strings.TrimPrefix(sort_spec, "-") == "priority"
  // LLL-673: --ready and --blocked are decided here, after the fetch, so like
  // priority order they need the WHOLE result: filtering one page dropped
  // ready issues past it and reported the page's count as the total.
  let mode = if by_priority || ready_only || blocked_only { ListMode.Whole } else { ListMode.Page }
  let (fetched, raw_records, served) = match mode {
    ListMode.Whole => {
      let order = if by_priority { "&sort=priority,id" } else { f"&sort={url.QueryEscape(sort + ",id")}" }
      let (all, raw) = fetch_all_listed(ctx, f"{order}{tail}")?
      let ordered = if by_priority { rank_by_priority(all, strings.HasPrefix(sort_spec, "-")) } else { all }
      (ordered, raw, page_of_total(page, per_page, 0))
    },
    ListMode.Page => {
      let path = f"/api/collections/issues/records?perPage={per_page}{tail}&sort={url.QueryEscape(sort + ",id")}&page={page}"
      let listed = fetch_listed_page(ctx, path)?
      (listed.issues, listed.raw, page_of_total(page, per_page, listed.total_items))
    },
  }
  let mut items = fetched
  let mut at = served
  // LLL-175: --ready is what an agent can pick up now - open, and every
  // blocker done or cancelled; --blocked is the complement with at least
  // one open blocker. Decided here, after the fetch, because PocketBase
  // cannot filter on an expanded relation's state.
  if ready_only {
    items = items.filter(|i| records.is_ready(i, i.expand.blocked_by))
  }
  if blocked_only {
    items = items.filter(|i| records.blockers_of(i, i.expand.blocked_by).any())
  }
  if let ListMode.Whole = mode {
    at = page_of_total(page, per_page, items.length())
    items = page_of(items, page, per_page)
  }
  // LLL-651: the claim rides the list, so automation need not view each card.
  let held = if items.is_empty() { Map.new<string, models.Claim>() } else { claims_by_issue(ctx, scope.filter_team())? }
  if json_mode {
    let mut out: Slice<Map<string, json.RawMessage>> = []
    for i in items {
      out = out.append(issue_json(raw_records.get(i.id).unwrap_or("null".bytes() as json.RawMessage), held.get(i.id))?)
    }
    return print_list_json(out, at, "issues")
  }
  // LLL-484 (fleet case 01): --search matches TITLES, and seven of ten fresh
  // workers read the bare "no issues" as "the term is nowhere on the board"
  // when it sat in a description. When a title search came up empty, name
  // the narrower contract and the full-text escape hatch. STDERR, like the
  // plain empty message, so stdout stays empty for pipes and --json is
  // untouched.
  if items.is_empty() && filters.search != "" {
    let _ = fmt.Fprintln(os.Stderr, empty_search_hint(filters.search))
    return Ok(())
  }
  print_issue_table(items, held)
}

/// How `issue list` reads: one server page, or every page when the order or
/// the filter is decided here and a page of the server's answer would hold
/// the wrong issues (LLL-382 priority, LLL-673 ready and blocked).
enum ListMode {
  Page,
  Whole,
}

/// One page of issues, decoded for filtering and kept raw for --json, which
/// prints the server's record (plus key and claim), not the decoded subset.
struct ListedPage {
  issues: Slice<models.Issue>,
  raw: Map<string, json.RawMessage>,
  total_items: int,
  total_pages: int,
}

#[json]
struct RawIssuePage {
  items: Slice<json.RawMessage>,
  #[json("totalItems")]
  total_items: int,
  #[json("totalPages")]
  total_pages: int,
}

fn fetch_listed_page(ctx: pb.Client, path: string) -> Result<ListedPage, string> {
  let mut page = RawIssuePage { .. }
  pb.fetch(ctx, path, "issues", &page)?
  let mut issues: Slice<models.Issue> = []
  let mut by_id = Map.new<string, json.RawMessage>()
  for record in page.items {
    let mut issue = models.Issue { .. }
    if let Err(e) = json.Unmarshal(record, &issue) { return Err(f"decoding issues: {e}") }
    issues = issues.append(issue)
    by_id[issue.id] = record
  }
  Ok(ListedPage { issues, raw: by_id, total_items: page.total_items, total_pages: page.total_pages })
}

/// Every page of an issues query, decoded and raw (fetch_all_issues, for a
/// list that prints records).
fn fetch_all_listed(ctx: pb.Client, tail: string) -> Result<(Slice<models.Issue>, Map<string, json.RawMessage>), string> {
  let mut issues: Slice<models.Issue> = []
  let mut by_id = Map.new<string, json.RawMessage>()
  let mut page = 1
  loop {
    let listed = fetch_listed_page(ctx, f"/api/collections/issues/records?perPage=500&page={page}{tail}")?
    issues = issues.append(listed.issues...)
    for (id, record) in listed.raw { by_id[id] = record }
    if page >= listed.total_pages || listed.issues.is_empty() { break }
    page += 1
  }
  Ok((issues, by_id))
}

/// Every claim on the team's issues (every visible team's when `team_id` is
/// ""), by issue id. Claims are one per issue in progress, so this is small.
fn claims_by_issue(ctx: pb.Client, team_id: string) -> Result<Map<string, models.Claim>, string> {
  let filter = if team_id == "" { "" } else { f"&filter={url.QueryEscape(f"issue.team={query.quote(team_id)}")}" }
  let mut out = Map.new<string, models.Claim>()
  let mut page = 1
  loop {
    let mut list = models.ClaimList { .. }
    pb.fetch(ctx, f"/api/collections/claims/records?expand=member&sort=id&perPage=500&page={page}{filter}", "claims", &list)?
    for c in list.items { out[c.issue] = c }
    if page >= list.total_pages || list.items.is_empty() { break }
    page += 1
  }
  Ok(out)
}

/// Normalize an inclusive bound to the server's millisecond UTC stamps.
/// Round UP when the input falls between stored milliseconds, so an issue
/// updated just before the requested instant cannot slip into the result.
fn issue_since_stamp(given: string) -> Result<string, string> {
  let value = rfc3339_of(given)
  let invalid = flags.usage_error(f"--since takes an RFC3339 timestamp, e.g. 2026-09-18T00:00:00Z or 2026-09-18T02:00:00+02:00, or the space form older output printed; got '{given}'")
  // Go's parser also accepts comma fractions and malformed numeric offsets.
  // Keep the advertised RFC3339 grammar, then let Parse validate the date.
  let parts = regexp
    .MustCompile(
      r"^[0-9]{4}-[0-9]{2}-[0-9]{2}T[0-9]{2}:[0-9]{2}:[0-9]{2}(\.[0-9]+)?(Z|[+-]([01][0-9]|2[0-3]):[0-5][0-9])$",
    )
    .FindStringSubmatch(value)
  if parts.is_empty() { return Err(invalid) }
  let Ok(parsed) = time.Parse(time.RFC3339, value) else {
    return Err(invalid)
  }
  let mut stamp = parsed.UTC().Truncate(time.Millisecond)
  let fraction = parts[1]
  // The regex guarantees ASCII, so these rune offsets also count digits.
  // Inspect the original fraction: Parse truncates precision beyond nanos.
  if fraction.length() > 4 && strings.Trim(fraction.substring(4..), "0") != "" {
    stamp = stamp.Add(time.Millisecond)
  }
  if stamp.Year() < 0 || stamp.Year() > 9999 {
    return Err(flags.usage_error("--since must fit a UTC year from 0000 to 9999"))
  }
  Ok(stamp.Format("2006-01-02 15:04:05.000Z"))
}

/// A time flag's value in RFC3339 (LLL-645). Time flags take RFC3339 and the
/// space form PocketBase stores ("2026-10-08 03:02:11.982Z"), which --json
/// printed before 1.0, so a stamp copied from either still works. Anything
/// else is returned unchanged for the caller's own validation.
fn rfc3339_of(value: string) -> string {
  let space_form = regexp.MustCompile(r"^[0-9]{4}-[0-9]{2}-[0-9]{2} [0-9]{2}:[0-9]{2}:[0-9]{2}(\.[0-9]+)?Z$")
  if space_form.MatchString(value) { return strings.Replace(value, " ", "T", 1) }
  value
}

/// The standard issue table (ID, state, priority, title, assignee, age),
/// shared by `issue list` and `project view`. `held` is the claims by issue
/// id: a claimed issue names its holder, agent label and claim age where the
/// assignee goes (LLL-651).
fn print_issue_table(issues: Slice<models.Issue>, held: Map<string, models.Claim>) -> Result<(), string> {
  // An empty board printed zero bytes, which a newcomer cannot tell apart
  // from a silently broken read — the exact doubt the not-logged-in refusal
  // warns about, landing one command later. Says so on STDERR: stdout stays
  // empty so pipes and `| wc -l` are unchanged, and --json returns before
  // ever reaching here.
  if issues.is_empty() {
    let _ = fmt.Fprintln(os.Stderr, "no issues")
    return Ok(())
  }
  let mut rows: Slice<Slice<string>> = []
  for item in issues {
    let key = item.expand.team.key
    let assignee = match held.get(item.id) {
      Some(c) => f"{display.byline(display.member_name(c.member, c.expand.member.name, ""), c.agent)}, claimed {display.relative(c.updated)}",
      None => display.member_name(item.assignee, item.expand.assignee.name, ""),
    }
    let mut row = [f"{key}-{item.number}", f"{display.glyph(item.state)} {item.state}", display.priority_marker(item.priority), item.title, assignee, display.relative(item.updated)]
    if item.emoji != "" { row = row.append(item.emoji) }
    rows = rows.append(row)
  }
  if let Err(e) = fmt.Fprint(os.Stdout, display.table(rows)) { return Err(f"writing output: {e}") }
  Ok(())
}

fn issue_next_spec() -> Slice<flags.Flag> {
  // The list command's --project and --label (LLL-307), so a filtered queue
  // speaks the same dialect; state and assignee are fixed by "ready, unclaimed".
  let shared = filter_spec(FilterUse.List).filter(|f| f.name == "--project" || f.name == "--label")
  flags.with_team(shared.append([
    flags.Flag {
      name: "--exclude-label",
      value: true,
      hint: "name",
      repeat: true,
      help: "skip issues carrying this label; repeatable, skipping any of them",
      ..,
    },
    flags.Flag {
      name: "--json",
      help: "print the chosen issue as the 'lll issue view --json' object instead\nof just its key: the record with key, claim, expand.blocked_by (blockers),\ncomments, docs and findings",
      ..,
    },
    flags.Flag {
      name: "--claim",
      help: "atomically claim the chosen issue before printing it; if another\nmember wins the race, exit non-zero and print no key",
      ..,
    },
    flags.Flag {
      name: "--agent",
      value: true,
      hint: "NAME",
      help: "self-asserted session label, for agents sharing one member token\n(default: LLL_AGENT)",
      ..,
    },
  ]...))
}

/// Dispatch `lll issue next` (LLL-395) — the agenda verb. Prints ONE key so a
/// shell loop can compose it (`next=$(lll issue next)`): the best unclaimed
/// ready issue, ranked by rank_agenda. An empty agenda is an error, the same
/// bargain `claim` makes: the command either hands out work or says there is
/// none. With --claim the printed key is always secured first.
fn issue_next(input: flags.CommandInput) -> Result<(), string> {
  let ctx = input.ctx
  let p = input.parsed
  let agent = if p.given("--claim") { agent_label(ctx, p)? } else { "" }
  let filters = filters_from(p)?
  let scope = configured_scope(ctx)?
  // Names resolve before any fetch, so a typo fails naming the fix instead of
  // reporting an empty agenda.
  let mut excluded: Slice<string> = []
  for name in p.all("--exclude-label") {
    excluded = excluded.append(records.label_ids(ctx, scope, name)?...)
  }
  let candidates = ready_issues(ctx, resolve_filter_query(ctx, scope, filters)?)?
    .filter(|i| !i.labels.any(|l| excluded.contains(l)))
  let unblocks = unblocks_map(ctx, scope.filter_team(), candidates)?
  // A claimed ready issue is someone's work in progress, not an invitation -
  // including my own claims. The agenda is what an agent can pick up NOW.
  // The claims themselves are read, not only the assignee (LLL-662): the
  // holder may set the assignee to someone else or clear it, and an issue
  // offered here that 'claim' then refuses is a lie to the loop.
  let held = claims.for_team(ctx, scope.filter_team())?.map(|c| c.issue)
  let agenda = rank_agenda(candidates, unblocks).filter(|i| i.assignee == "" && !held.contains(i.id))
  if agenda.is_empty() {
    return Err(pb.fail(pb.ErrorKind.NothingToDo, "no unclaimed ready issues: the agenda is empty; 'lll issue list --ready' shows what is claimed, 'lll issue create' makes new work"))
  }
  let best = agenda[0]
  let key = f"{best.expand.team.key}-{best.number}"
  if p.given("--claim") {
    let Some(member) = records.find_actor(ctx)? else {
      return Err(
        "claiming needs a member token: 'lll login' as a person, or 'lll token create <member>' with admin credentials",
      )
    }
    // Acquire before printing: a key this command did not secure is a lie to
    // the shell loop that composed it. A lost race exits non-zero, keyless.
    let result = writes.acquire_claim(ctx, pb.Caller.Process, best.id, member.id, agent).map_err(|e| {
      if pb.classify(e).code == "claim_held" {
        f"{key}: {e}; {held_elsewhere_hint(key)}"
      } else { e }
    })?
    fmt.Fprintln(os.Stderr, f"Claimed {key} for {result.member_name}")
  }
  if p.given("--json") {
    // One packet replaces next-then-view: the 'lll issue view --json' object,
    // read after any claim so the record carries the new assignee. One shape
    // with or without --claim (LLL-645).
    let record = records.fetch_issue_record(ctx, key)?
    let mut full = models.Issue { .. }
    if let Err(e) = json.Unmarshal(record.bytes(), &full) {
      return Err(f"decoding issue: {e}")
    }
    let reads = begin_issue_view_reads(ctx, full, true, false)
    fmt.Println(issue_view_json(
      record,
      await_issue_view(reads.comments, "comments")?,
      await_issue_view(reads.claim, "claim")?,
      await_issue_view(reads.docs, "docs")?,
      await_issue_view(reads.findings, "findings")?,
    )?)
    return Ok(())
  }
  fmt.Println(key)
  Ok(())
}

/// The `list --ready` candidate set (LLL-175), reused as the `issue next`
/// agenda input: open, every blocker done or cancelled, within `scope` (a PB
/// filter: the configured team plus any --project/--label). PocketBase cannot
/// filter on an expanded relation's state, so readiness is decided here,
/// after the fetch.
fn ready_issues(ctx: pb.Client, scope: string) -> Result<Slice<models.Issue>, string> {
  let filter = url.QueryEscape(scope)
  let items = records.fetch_all_issues(ctx, f"&sort=created,id&expand=team,assignee,labels,blocked_by,project&filter={filter}")?
  Ok(items.filter(|i| records.is_ready(i, i.expand.blocked_by)))
}

/// Triage order (LLL-382). prio_rank is the house answer to "how urgent is
/// this" - 1 urgent .. 4 low, none last - shared with the board's priority
/// ordering and `issue next`. Descending reverses the prioritised ones and
/// still leaves none last: none is the ABSENCE of a priority, not one below
/// low, so it belongs at the end of a triage list whichever way it runs.
/// Stable insertion sort, so the PB order (priority,id) breaks ties.
fn rank_by_priority(items: Slice<models.Issue>, descending: bool) -> Slice<models.Issue> {
  let mut out = items.clone()
  for i in 1..out.length() {
    let mut j = i
    while j > 0 && prio_before(out[j], out[j - 1], descending) {
      let tmp = out[j - 1]
      out[j - 1] = out[j]
      out[j] = tmp
      j -= 1
    }
  }
  out
}

fn prio_before(a: models.Issue, b: models.Issue, descending: bool) -> bool {
  let ra = display.prio_rank(a.priority)
  let rb = display.prio_rank(b.priority)
  if ra == rb { return false }
  if ra == none_rank() || rb == none_rank() { return rb == none_rank() }
  if descending { return ra > rb }
  ra < rb
}

/// What prio_rank gives an issue with no priority.
fn none_rank() -> int { display.prio_rank(0) }

/// One --page window of a locally ordered list, the slice PB's perPage/page
/// would have returned had it been able to produce this order itself.
fn page_of(items: Slice<models.Issue>, page: int, per_page: int) -> Slice<models.Issue> {
  let start = (page - 1) * per_page
  if start >= items.length() { return [] }
  let mut end = start + per_page
  if end > items.length() { end = items.length() }
  items[start..end]
}

/// How many issues each candidate unblocks: the open issues that name it as
/// a blocker. A tie-break, not a goal — the more work one issue frees, the
/// sooner it should go.
fn unblocks_map(ctx: pb.Client, team_id: string, candidates: Slice<models.Issue>) -> Result<Map<string, int>, string> {
  let mut out = Map.new<string, int>()
  for c in candidates { out[c.id] = 0 }
  let scope = query.filter(team_id, "", "", "", "", "")
  let open = "state != 'done' && state != 'cancelled'"
  let clause = if scope == "" { open } else { f"{scope} && {open}" }
  let filter = url.QueryEscape(clause)
  let issues = records.fetch_all_issues(ctx, f"&sort=created,id&fields=id,blocked_by&filter={filter}")?
  for i in issues {
    for b in i.blocked_by {
      if let Some(n) = out.get(b) { out[b] = n + 1 }
    }
  }
  Ok(out)
}

/// Orders the agenda the way `issue next` hands out work: unclaimed first,
/// then more urgent (prio_rank, so none sorts after low), then older, then
/// the issue that unblocks more others. Insertion sort over a few hundred
/// ready issues at most, stable on the four keys' ties (import.lis's
/// sort_by_number is the house shape).
fn rank_agenda(items: Slice<models.Issue>, unblocks: Map<string, int>) -> Slice<models.Issue> {
  let mut out = items.clone()
  for i in 1..out.length() {
    let mut j = i
    while j > 0 && agenda_before(out[j], out[j - 1], unblocks) {
      let tmp = out[j - 1]
      out[j - 1] = out[j]
      out[j] = tmp
      j -= 1
    }
  }
  out
}

fn agenda_before(a: models.Issue, b: models.Issue, unblocks: Map<string, int>) -> bool {
  if (a.assignee == "") != (b.assignee == "") { return a.assignee == "" }
  let pa = display.prio_rank(a.priority)
  let qb = display.prio_rank(b.priority)
  if pa != qb { return pa < qb }
  let ta = parse_created(a.created)
  let tb = parse_created(b.created)
  if ta != tb { return ta < tb }
  unblocks.get(a.id).unwrap_or(0) > unblocks.get(b.id).unwrap_or(0)
}

/// A PB timestamp as seconds so age can compare. Unparseable strings sort as
/// 0 (oldest) — a malformed date should surface as "very old", not panic.
fn parse_created(stamp: string) -> int {
  let Ok(t) = time.Parse("2006-01-02 15:04:05.999Z", stamp) else { return 0 }
  t.Unix() as int
}
