import "go:encoding/json"
import "go:fmt"
import "go:os"
import "go:strings"

import "display"
import "flags"
import "models"
import "output"
import "pb"

/// Print a value as JSON, the end of every `--json` command that prints one
/// record. Timestamps come out in RFC3339 (contract_json).
///
/// `what` names the value in the encoding error, the only thing that varied
/// between the commands that used to repeat these lines.
fn print_json(value: Unknown, what: string) -> Result<(), pb.CliError> {
  let raw = encode_json(value, what)?
  fmt.Println(contract_json(raw, 0) as string)
  Ok(())
}

/// A write verb's --json (1.0 fleet: 'finding confirm SLUG --json' was an
/// unknown flag): the record as it now is, read back by id, in the shape its
/// create --json prints.
fn print_record_after(ctx: pb.Client, collection: string, id: string) -> Result<(), pb.CliError> {
  let record = ctx.get(f"/api/collections/{collection}/records/{id}")?
  fmt.Println(contract_json(record.bytes() as json.RawMessage, 0) as string)
  Ok(())
}

/// The --json flag of a write verb that prints `what` afterwards.
fn json_after_flag(what: string) -> flags.Flag {
  flags.Flag { name: "--json", help: f"print {what} afterwards as JSON", .. }
}

/// The ending of a write verb that has one confirmation line: --json prints
/// the issue as it now is instead.
fn issue_done(ctx: pb.Client, p: flags.Parsed, key: string, line: string) -> Result<(), pb.CliError> {
  if p.given("--json") { return print_issue_after(ctx, key) }
  fmt.Println(line)
  Ok(())
}

/// The same for a doc: --json prints the doc record instead of `line`.
fn doc_done(ctx: pb.Client, p: flags.Parsed, id: string, line: string) -> Result<(), pb.CliError> {
  if p.given("--json") { return print_doc_after(ctx, id) }
  fmt.Println(line)
  Ok(())
}

/// The empty-state line every list prints when it has nothing to show
/// (LLL-645): "no labels" on stderr, so stdout stays empty for pipes and
/// `| wc -l`, and a person can tell an empty list from a broken read.
fn say_empty(what: string) -> Result<(), pb.CliError> {
  let _ = fmt.Fprintln(os.Stderr, f"no {what}")
  Ok(())
}

/// Where a list's items sit in the whole result, for the list envelope.
struct ListPage {
  page: int,
  per_page: int,
  total_items: int,
  total_pages: int,
}

/// A list that is fetched whole and filtered here: one page holding all of
/// it. PocketBase answers an empty list with totalPages 0; so does this.
fn whole_list(count: int) -> ListPage {
  let pages = if count == 0 { 0 } else { 1 }
  ListPage { page: 1, per_page: count, total_items: count, total_pages: pages }
}

/// One page of `per_page` from a list of `total` items, page counted from 1.
fn page_of_total(page: int, per_page: int, total: int) -> ListPage {
  let pages = if per_page < 1 { 0 } else { (total + per_page - 1) / per_page }
  ListPage { page, per_page, total_items: total, total_pages: pages }
}

#[json]
struct ListEnvelope {
  items: json.RawMessage,
  page: int,
  #[json("perPage")]
  per_page: int,
  #[json("totalItems")]
  total_items: int,
  #[json("totalPages")]
  total_pages: int,
}

/// Print a list in the one envelope every `list --json` uses (LLL-645, D2):
/// {items, page, perPage, totalItems, totalPages}, whatever the flags.
/// `items` is always an array, never null.
fn print_list_json(items: Unknown, at: ListPage, what: string) -> Result<(), pb.CliError> {
  let mut encoded = encode_json(items, what)?
  if encoded as string == "null" { encoded = "[]".bytes() as json.RawMessage }
  let envelope = ListEnvelope {
    items: contract_json(encoded, 0),
    page: at.page,
    per_page: at.per_page,
    total_items: at.total_items,
    total_pages: at.total_pages,
  }
  fmt.Println(encode_json(envelope, what)? as string)
  Ok(())
}

fn encode_json(value: Unknown, what: string) -> Result<json.RawMessage, pb.CliError> {
  match json.Marshal(value) {
    Ok(b) => Ok(b as json.RawMessage),
    Err(e) => Err(pb.failed(f"encoding {what}: {e}")),
  }
}

/// The record fields that hold a timestamp. PocketBase stores and sends them
/// as "2026-10-08 03:02:11.982Z"; the contract prints RFC3339.
fn timestamp_fields() -> Slice<string> {
  ["created", "updated", "expires", "redeemed"]
}

/// `raw` with every timestamp field, at any depth, rewritten to RFC3339.
/// Other values, and anything that does not decode, pass through unchanged.
fn contract_json(raw: json.RawMessage, depth: int) -> json.RawMessage {
  if depth > 16 { return raw }
  let text = strings.TrimSpace(raw as string)
  let mut fields = Map.new<string, json.RawMessage>()
  if text.starts_with("{") && json.Unmarshal(raw, &fields).is_ok() {
    let mut out = Map.new<string, json.RawMessage>()
    for (name, value) in fields {
      out[name] = if timestamp_fields().contains(name) { rfc3339_value(value) } else { contract_json(value, depth + 1) }
    }
    return json.Marshal(out).map_or(raw, |b| b as json.RawMessage)
  }
  let mut items: Slice<json.RawMessage> = []
  let decoded = text.starts_with("[") && json.Unmarshal(raw, &items).is_ok()
  if decoded && items.length() > 0 {
    let converted = items.map(|item| contract_json(item, depth + 1))
    return json.Marshal(converted).map_or(raw, |b| b as json.RawMessage)
  }
  raw
}

fn rfc3339_value(value: json.RawMessage) -> json.RawMessage {
  let mut stamp = ""
  if json.Unmarshal(value, &stamp).is_err() { return value }
  json.Marshal(display.rfc3339(stamp)).map_or(value, |b| b as json.RawMessage)
}

/// The claim on an issue as --json prints it (LLL-651): who holds it, under
/// which agent label, since when, and when it was last renewed.
#[json]
struct ClaimJson {
  id: models.ClaimId,
  member: models.MemberId,
  holder: string,
  agent: string,
  claimed: string,
  renewed: string,
}

fn claim_json(held: models.Claim) -> ClaimJson {
  ClaimJson {
    id: held.id,
    member: held.member,
    holder: held.expand.member.name,
    agent: held.agent,
    claimed: display.rfc3339(held.created),
    renewed: display.rfc3339(held.updated),
  }
}

/// One issue record as every issue --json prints it (LLL-645, D2): the
/// server's record with `key` ("ENG-12") and `claim` (null when unclaimed)
/// added, and timestamps in RFC3339. `record` must expand team.
fn issue_json(record: json.RawMessage, claim: Option<models.Claim>) -> Result<Map<string, json.RawMessage>, pb.CliError> {
  let mut issue = models.Issue { .. }
  if let Err(e) = json.Unmarshal(record, &issue) { return Err(pb.failed(f"decoding issue: {e}")) }
  let mut fields = Map.new<string, json.RawMessage>()
  if let Err(e) = json.Unmarshal(contract_json(record, 0), &fields) { return Err(pb.failed(f"decoding issue JSON: {e}")) }
  fields["key"] = encode_json(f"{issue.expand.team.key}-{issue.number}", "issue key")?
  fields["claim"] = match claim {
    Some(held) => encode_json(claim_json(held), "claim")?,
    None => "null".bytes() as json.RawMessage,
  }
  // Fleet cases 06 and 08: names beside the relation ids, so a reader can
  // check "created by my bot" without a second lookup. A member the caller
  // may not see is "hidden member" (the roster rule); an empty relation is "".
  fields["creator_name"] = encode_json(display.member_name(issue.creator, issue.expand.creator.name, ""), "creator name")?
  fields["assignee_name"] = encode_json(display.member_name(issue.assignee, issue.expand.assignee.name, ""), "assignee name")?
  fields["project_name"] = encode_json(issue.expand.project.name, "project name")?
  fields["label_names"] = encode_json(issue.expand.labels.map(|l| l.name), "label names")?
  Ok(fields)
}

/// One doc record as every doc --json prints it: the server's record with
/// `author_name` and `last_editor_name` beside the ids (as issue_json names
/// its members) and timestamps in RFC3339. `record` must expand author and
/// last_editor, or every named member reads as hidden.
fn doc_json(record: json.RawMessage) -> Result<Map<string, json.RawMessage>, pb.CliError> {
  let mut d = models.Doc { .. }
  if let Err(e) = json.Unmarshal(record, &d) { return Err(pb.failed(f"decoding doc: {e}")) }
  let mut fields = Map.new<string, json.RawMessage>()
  if let Err(e) = json.Unmarshal(contract_json(record, 0), &fields) { return Err(pb.failed(f"decoding doc JSON: {e}")) }
  let author = d.expand.author.map_or("", |m| m.name)
  let editor = d.expand.last_editor.map_or("", |m| m.name)
  fields["author_name"] = encode_json(display.member_name(d.author, author, ""), "author name")?
  fields["last_editor_name"] = encode_json(display.member_name(d.last_editor, editor, ""), "last editor name")?
  Ok(fields)
}

/// doc_json for each of `docs`, for a list's items.
fn docs_json(docs: Slice<models.Doc>) -> Result<Slice<Map<string, json.RawMessage>>, pb.CliError> {
  let mut out: Slice<Map<string, json.RawMessage>> = []
  for d in docs {
    out = out.append(doc_json(encode_json(d, "doc")?)?)
  }
  Ok(out)
}

/// A doc write verb's --json: the doc as it now is, named as doc_json names it.
fn print_doc_after(ctx: pb.Client, id: string) -> Result<(), pb.CliError> {
  let record = ctx.get(f"/api/collections/docs/records/{id}?expand=issues.team,author.owner,last_editor.owner")?
  print_json(doc_json(record.bytes() as json.RawMessage)?, "doc")
}

/// issue_json, printed.
fn print_issue_json(record: string, claim: Option<models.Claim>) -> Result<(), pb.CliError> {
  let fields = issue_json(record.bytes() as json.RawMessage, claim)?
  fmt.Println(encode_json(fields, "issue")? as string)
  Ok(())
}

/// A verb that still prints for itself, adapted to return an Output while
/// the verbs move over to returning theirs (LLL-683).
fn printed(r: Result<(), pb.CliError>) -> Result<output.Output, pb.CliError> {
  r.map(|_| output.none())
}
