import "go:net/http"
import "go:net/url"
import "go:strings"

import "models"
import "pb"
import "query"

// GET /issues - the sortable, filterable table whose whole state is its URL.

/// Rebuild the /issues URL from its view state. Filters and sort travel
/// together, so a header link keeps the filters and "Clear" keeps the sort:
/// the URL is the whole page state, and every link on the page is the shared
/// encoder (serve_url.lis) with one part changed — the same encoder the
/// board's chips are made of (TASK-94 AC#3).
fn issues_href(q: ViewQuery) -> string {
  view_query_href("/issues", q)
}

/// One column heading. `field` is the PB field the header sorts on, or "" for
/// a column with nothing to sort by (title, labels, assignee — none of them
/// are in query.sort_fields()). First click on a column sorts it descending;
/// clicking the column that is already sorting flips it.
fn issue_col(label: string, field: string, cls: string, q: ViewQuery) -> IssueColVM {
  if field == "" {
    return IssueColVM { label, cls, .. }
  }
  let mut dir = ""
  let mut next = f"-{field}"
  if q.sort == field {
    dir = "asc"
  }
  if q.sort == f"-{field}" {
    dir = "desc"
    next = field
  }
  let mut nq = q
  nq.sort = next
  IssueColVM { label, cls, dir, href: issues_href(nq) }
}


/// The eight columns, in the order issues.html writes the row cells.
fn issue_cols(q: ViewQuery) -> Slice<IssueColVM> {
  [
    issue_col("ID", "number", "c-id", q),
    issue_col("Title", "", "c-title", q),
    issue_col("State", "", "c-state", q),
    issue_col("Priority", "priority", "c-prio", q),
    issue_col("Labels", "", "c-labels", q),
    issue_col("Assignee", "", "c-assignee", q),
    issue_col("Created", "created", "c-age", q),
    issue_col("Updated", "updated", "c-age", q),
  ]
}

/// Rows per request. The same 200 the board and `lll issue list` use; the
/// table shows the number rather than pretending it is the whole set.
fn table_page_size() -> int {
  200
}

/// One page of the issues table: at most `table_page_size()` rows plus PB's
/// total for the same filter, so the count can be honest about the ceiling.
fn fetch_issue_rows(
  team_id: string,
  state: string,
  assignee_id: string,
  label_id: string,
  project_id: string,
  sort: string,
) -> Result<models.IssueList, string> {
  let mut path = f"/api/collections/issues/records?perPage={table_page_size()}&expand=team,assignee,labels&sort={url.QueryEscape(sort)}"
  let filter = query.filter(team_id, state, assignee_id, project_id, label_id, "")
  if filter != "" { path = f"{path}&filter={url.QueryEscape(filter)}" }
  let mut issues = models.IssueList { .. }
  pb.fetch(path, "issues", &issues)?
  Ok(issues)
}

/// Every member's name, for the assignee chooser.
fn fetch_member_names() -> Result<Slice<string>, string> {
  Ok(fetch_members()?.map(|m| m.name))
}

/// Every label name, for the label chooser. Unfiltered by team on purpose:
/// labels created without --team are workspace-wide, and resolve_label — the
/// same lookup the filter itself goes through — does not scope by team either.
///
/// Shares the settings page's request, which also asks for expand=team. The
/// expand is wasted here, but one label query beats two that drift apart —
/// the same trade fetch_project_names already makes.
fn fetch_label_names() -> Result<Slice<string>, string> {
  Ok(fetch_labels()?.map(|l| l.name))
}

/// Every project name, for the project chooser. Unscoped by team for the
/// same reason labels are: a project created without --team is
/// workspace-wide, and resolve_project does not scope by team either.
fn fetch_project_names() -> Result<Slice<string>, string> {
  Ok(fetch_projects()?.map(|p| p.name))
}

/// The issues table: one sortable, filterable, bookmarkable list.
///
/// ZERO JavaScript. Column headers are <a href="?sort=-updated">, the filter
/// chooser is a plain GET <form>, and both land back here as query params fed
/// to query.sort() and query.filter(). So the URL is the entire page state:
/// bookmarkable in a browser, and `curl '/issues?state=todo&sort=-priority'`
/// gets an agent exactly what a person sees.
///
/// No SSE either. /events broadcasts ONE unfiltered #board fragment to every
/// board-scoped client, so a server-filtered page that subscribed would be
/// morphed into the full board on the next realtime event. A table whose
/// state lives in its URL reloads honestly instead.
///
/// A rejected query param is said out loud in the flash strip and dropped,
/// never served as a 500: a stale bookmark should still show issues.
fn issues_page(w: http.ResponseWriter, r: Ref<http.Request>, team_id: string, me: string) {
  let mut err = ""
  let raw = view_query(r)

  let mut sort = raw.sort
  if sort == "" { sort = "-updated" }
  if let Err(e) = query.sort(sort) {
    err = e
    sort = "-updated"
  }

  let mut state = raw.state
  if state != "" && query.states().find(|s| s == state).is_none() {
    err = f"unknown state '{state}' (use one of: {strings.Join(query.states(), ", ")})"
    state = ""
  }

  let mut assignee = raw.assignee
  let mut assignee_id = ""
  if assignee != "" {
    match resolve_member(assignee) {
      Ok(m) => { assignee_id = m.id },
      Err(e) => {
        err = e
        assignee = ""
      },
    }
  }

  let mut label = raw.label
  let mut label_id = ""
  if label != "" {
    match resolve_label(label) {
      Ok(l) => { label_id = l.id },
      Err(e) => {
        err = e
        label = ""
      },
    }
  }

  let mut project = raw.project
  let mut project_id = ""
  if project != "" {
    match resolve_project(project) {
      Ok(p) => { project_id = p.id },
      Err(e) => {
        err = e
        project = ""
      },
    }
  }

  let q = ViewQuery { state, assignee, label, project, sort, .. }
  let list = match fetch_issue_rows(team_id, state, assignee_id, label_id, project_id, sort) {
    Ok(l) => l,
    Err(e) => {
      http.Error(w, e, 500)
      return
    },
  }
  // The choosers offer the whole workspace, not just what this filter
  // matched: a filter you cannot widen out of is a dead end.
  let members = fetch_member_names().unwrap_or([])
  let label_names = fetch_label_names().unwrap_or([])
  let project_names = fetch_project_names().unwrap_or([])

  let rows = list.items.map(card_vm)
  let vm = IssuesVM {
    cols: issue_cols(q),
    rows,
    shown: rows.length(),
    total: list.total_items,
    truncated: rows.length() < list.total_items,
    limit: table_page_size(),
    states: state_opts(),
    members,
    label_names,
    project_names,
    state,
    assignee,
    label,
    project,
    sort,
    clear_href: issues_href(ViewQuery { sort, .. }),
    error: err,
  }
  let html = match render("issues-page", PageVM { rail: rail_vm("issues", me, shell_team(team_id)), page: vm }) {
    Ok(h) => h,
    Err(e) => {
      http.Error(w, e, 500)
      return
    },
  }
  w.Header().Set("Cache-Control", "no-store")
  w.Header().Set("Content-Type", "text/html; charset=utf-8")
  let _ = w.Write(html.bytes())
}
