import "go:net/http"
import "go:strings"

import "models"
import "query"
import "search"

// GET /search - a search over every issue in the team, served as a page or as
// results and title fragments.

/// GET /search?q=… — a search over every issue in the team, which is the
/// whole difference from the board's search box: that one filters the cards
/// already rendered, this one asks PocketBase.
///
/// The query is the URL, so a result is shareable and an agent can curl it.
/// `?fragment=1` asks the same handler for #search-results and #search-title,
/// as one datastar-patch-elements event: that is what the field's
/// debounced @get calls on every keystroke, and the browser rewrites its
/// address bar to the plain URL for the same q, so typing never separates
/// what is on screen from what the URL serves.
///
/// The page still opens no /events subscription: issue_broadcast sends one
/// unfiltered #board to every board-scoped client, and a server-filtered
/// list must never be a client it can reach. A one-shot answer to the page's
/// own request is not that.
/// `team` is the ROUTED team (TASK-198): /t/{team}/search resolved it before
/// this handler ran, so the search runs over that team's issues.
fn search_page(
  w: http.ResponseWriter,
  r: Ref<http.Request>,
  team: models.Team,
  me: string,
) {
  let q = strings.TrimSpace(query_param(r, "q"))
  let mut results: Slice<SearchHitVM> = []
  if q != "" {
    match search_hits(team, q) {
      Ok(hits) => results = hits,
      Err(e) => {
        http.Error(w, e, 500)
        return
      },
    }
  }
  let page = SearchVM { team_key: team.key, q, results }
  // ?raw beats ?fragment: a raw fetch is a one-shot answer, not a datastar
  // event, so it short-circuits before the fragment branch.
  if wants_raw(r) {
    write_raw(w, search_raw(page))
    return
  }
  // LLL-447: the ⌘K palette asks the same question from every page and shows
  // the top few hits. Same engine, same team, same URL contract - only the
  // frame differs, so the palette can never rank a result differently from
  // the search page it hands off to.
  //
  // Plain HTML, NOT a datastar patch: the palette rides the rail, and the
  // rail is on /issues, which deliberately loads no Datastar at all (a table
  // needs no JavaScript, and a page that subscribed would be morphed into
  // the unfiltered #board). A fragment only Datastar could apply would make
  // the palette work on five pages out of six, silently. navigation.js puts
  // this answer in #cmdk-results itself.
  if query_param(r, "palette") == "1" {
    let frag = match render("cmdk-results", page) {
      Ok(h) => h,
      Err(e) => {
        http.Error(w, e, 500)
        return
      },
    }
    w.Header().Set("Cache-Control", "no-store")
    w.Header().Set("Content-Type", "text/html; charset=utf-8")
    let _ = w.Write(frag.bytes())
    return
  }
  if query_param(r, "fragment") == "1" {
    let frag = match render("search-update", page) {
      Ok(h) => h,
      Err(e) => {
        http.Error(w, e, 500)
        return
      },
    }
    w.Header().Set("Cache-Control", "no-store")
    w.Header().Set("Content-Type", "text/event-stream")
    let _ = w.Write(patch_event(frag).bytes())
    return
  }
  let vm = PageVM { rail: rail_for(r, "search", me, team), page }
  let html = match render("search-page", vm) {
    Ok(h) => h,
    Err(e) => {
      http.Error(w, e, 500)
      return
    },
  }
  w.Header().Set("Cache-Control", "no-store")
  w.Header().Set("Content-Type", "text/html; charset=utf-8")
  let _ = w.Write(html.bytes())
}

/// The team's issues, comments and docs ranked for `q` by the same engine
/// `lll search` uses (LLL-96), so the page and the CLI agree on what a match
/// is and why. Docs joined the page when they got one of their own to link to
/// (LLL-405): until then a doc hit was a result you could not click, which is
/// why this searched issues and comments only (LLL-398).
fn search_hits(team: models.Team, q: string) -> Result<Slice<SearchHitVM>, string> {
  let issues = fetch_team_issues_where(team.id, candidate_clause(q, ["title", "description"]))?
  let comments = fetch_team_comments_where(team.id, candidate_clause(q, ["body"]))?
  // A comment's issue must be in the candidate set for the hit to have a
  // card; fetch the parents the comment filter found that the issue one did not.
  let mut have = Map.new<string, bool>()
  for i in issues { have[i.id] = true }
  let mut extra_ids: Slice<string> = []
  for c in comments { if have.get(c.issue).is_none() { have[c.issue] = true; extra_ids = extra_ids.append(c.issue) } }
  let mut all = issues
  if !extra_ids.is_empty() {
    let mut ors: Slice<string> = []
    for id in extra_ids { ors = ors.append(f"id={query.quote(id)}") }
    all = all.append(fetch_team_issues_where(team.id, "(" + strings.Join(ors, " || ") + ")")?...)
  }
  let issues = all
  let docs = fetch_team_docs_light(team.id, candidate_clause(q, ["title", "body"]))?
  let mut corpus = issue_documents(team.key, issues, comments)
  let mut by_slug = Map.new<string, models.Doc>()
  for d in docs {
    by_slug[d.slug] = d
    // The same Document the CLI builds (search.lis), so one query cannot rank
    // a doc differently in the two places.
    corpus = corpus.append(
      search.Document { group: d.slug, kind: "doc", label: d.kind, title: d.title, body: d.body, state: "" },
    )
  }
  let mut by_key = Map.new<string, models.Issue>()
  for i in issues { by_key[f"{team.key}-{i.number}"] = i }
  let mut out: Slice<SearchHitVM> = []
  for h in search.rank(corpus, q, 50) {
    if let Some(i) = by_key.get(h.group) {
      out = out.append(SearchHitVM { card: card_vm(i), snippets: h.snippets, .. })
      continue
    }
    if let Some(d) = by_slug.get(h.group) {
      out = out.append(
        SearchHitVM {
          doc: DocHitVM {
            slug: d.slug,
            kind: d.kind,
            title: d.title,
            url: f"/t/{team.key}/doc/{d.slug}",
          },
          snippets: h.snippets,
          ..
        },
      )
    }
  }
  Ok(out)
}
