import "records"
import "claims"
import "markdown"
import "query"
import "go:crypto/sha256"
import "go:fmt"
import "go:net/url"
import "go:encoding/json"
import "go:net/http"
import "go:time"

import "models"
import "pb"
import "realtime"

// Realtime: the fan-out hub, the /events endpoint each browser holds open, and
// the bridge that turns PocketBase events into broadcast fragments.

/// One connected browser: its scope ("board:KEY:ORDER" for a team's board
/// view in one card ordering, or "issue:KEY-1") and the channel its /events
/// handler drains. `teams` is a scoped viewer's team keys (LLL-545), None for
/// the board token: deliver drops every broadcast whose team is not among
/// them, including the workspace-wide "*" fragments (favorites, views).
struct SseClient { id: int, scope: string, ch: Channel<string>, description_hash: string, teams: Option<Slice<string>> }

/// A rendered SSE payload for every client with a matching scope. `team` is
/// the key of the team whose data it carries, "" for workspace-wide rows.
struct Broadcast {
  scope: string,
  team: string,
  payload: string,
  /// What a scoped client gets instead of `payload` when the fragment names
  /// another team's labels or project (LLL-545); None when they are equal.
  scoped_payload: Option<string>,
  description: Option<string>,
  client_id: int,
}

struct ScopeQuery { scope: string, client_id: int, reply: Channel<bool> }
struct PageSnapshot { key: string, team: string, order: string, client_id: int }

/// Fan-out hub. A single owner task holds the client registry and is fed
/// exclusively through these channels — no shared mutable state.
struct Hub {
  register: Channel<SseClient>,
  unregister: Channel<int>,
  broadcast: Channel<Broadcast>,
  ids: Channel<int>,
  observers: Channel<ScopeQuery>,
  snapshots: Channel<PageSnapshot>,
}

fn new_hub() -> Hub {
  let hub = Hub { 
    register: Channel.new<SseClient>(),
    unregister: Channel.new<int>(),
    broadcast: Channel.new<Broadcast>(),
    ids: Channel.new<int>(),
    observers: Channel.new<ScopeQuery>(),
    snapshots: Channel.new<PageSnapshot>(),
  }
  // Client-id allocator: unique ids without shared counters.
  task {
    let mut n = 1
    loop {
      if !hub.ids.send(n) { break }
      n += 1
    }
  }
  // Registry owner.
  task {
    let mut clients: Slice<SseClient> = []
    let mut running = true
    while running {
      select {
        match hub.register.receive() {
          Some(c) => clients = clients.append(c),
          None => running = false,
        },
        match hub.unregister.receive() {
          Some(id) => clients = clients.filter(|c| c.id != id),
          None => running = false,
        },
        match hub.observers.receive() {
          Some(q) => {
            let found = clients.find(|c| c.scope == q.scope && (q.client_id == 0 || c.id == q.client_id)).is_some()
            let _ = q.reply.send(found)
          },
          None => running = false,
        },
        match hub.broadcast.receive() {
          Some(msg) => clients = deliver(clients, msg),
          None => running = false,
        },
      }
    }
  }
  hub
}

/// Send a broadcast to every matching client, dropping the payload for any
/// client whose buffer is full (a stuck browser must not stall the hub).
///
/// Scope "*" matches every client. The rail is on every page, so its
/// favorites group is the one fragment with no single scope to belong to.
fn deliver(clients: Slice<SseClient>, msg: Broadcast) -> Slice<SseClient> {
  let mut result = clients.clone()
  let mut hash = ""
  if let Some(source) = msg.description {
    hash = fmt.Sprintf("%x", sha256.Sum256(source.bytes()))
  }
  let mut description_patch: Option<string> = None
  for i in 0..result.length() {
    let c = result[i]
    if msg.scope != "*" && c.scope != msg.scope { continue }
    // The second fence: the gate already kept a scoped client's stream on
    // its own teams, and this drops anything carrying another team's data
    // even if a scope string ever matched across teams.
    if let Some(teams) = c.teams {
      if !teams.contains(msg.team) { continue }
    }
    if msg.client_id != 0 && c.id != msg.client_id { continue }
    let changed = msg.description.is_some() && c.description_hash != hash
    let mut payload = if c.teams.is_some() { msg.scoped_payload.unwrap_or(msg.payload) } else { msg.payload }
    if changed {
      if description_patch.is_none() {
        let Ok(html) = render("issue-description", markdown.md_html(msg.description.unwrap_or(""))) else {
          continue
        }
        description_patch = Some(patch_event(html))
      }
      payload += description_patch.unwrap_or("")
    }
    select {
      c.ch.send(payload) => {
        // Advance only after enqueueing: a full buffer must not make a
        // later metadata update forget the description this client missed.
        if changed { result[i].description_hash = hash }
      },
      _ => continue,
    }
  }
  result
}

fn has_issue_observer(hub: Hub, key: string, client_id: int) -> bool {
  let reply = Channel.new<bool>()
  let _ = hub.observers.send(ScopeQuery { scope: f"issue:{key}", client_id, reply })
  reply.receive().unwrap_or(false)
}

/// SSE endpoint: register with the hub under the page's scope and forward
/// broadcast payloads until the browser disconnects.
///
/// A board page names its team (?team=KEY, TASK-198) so its client only
/// receives that team's #board morphs; a request naming none — an old
/// bookmark, a bare curl — is scoped to the boot team, which is what the
/// bare / redirect lands a browser on anyway.
///
/// A board page also names its card ordering (?order=updated, TASK-209),
/// threaded into the scope the same way team is: issue_broadcast renders one
/// #board per ordering, so the morph this client receives is already in the
/// order its URL asked for. Absent or unknown means manual.
fn events_stream(
  w: http.ResponseWriter,
  r: Ref<http.Request>,
  hub: Hub,
  boot_key: string,
) {
  let mut page = ""
  let mut key = ""
  let mut team = ""
  let mut order = ""
  if let Some(u) = r.URL {
    let q = u.Query()
    page = q.Get("page")
    key = q.Get("key")
    team = q.Get("team")
    order = q.Get("order")
  }
  if team == "" { team = boot_key }
  if board_orders().find(|o| o == order).is_none() { order = "manual" }
  let mut scope = f"board:{team}:{order}"
  if page == "issue" && key != "" { scope = f"issue:{key}" }

  let Some(flusher) = assert_type<http.Flusher>(w) else {
    http.Error(w, "streaming unsupported", 500)
    return
  }
  w.Header().Set("Content-Type", "text/event-stream")
  w.Header().Set("Cache-Control", "no-cache")
  let Some(id) = hub.ids.receive() else {
    return
  }
  let ch = Channel.buffered<string>(64)
  let teams = match board_viewer(r) {
    Viewer.Full => None,
    Viewer.Scoped(v) => Some(v.teams),
  }
  let _ = hub.register.send(SseClient { id, scope, ch, teams, .. })
  // Response headers acknowledge registration, so a client that has opened
  // the stream cannot miss an immediately following issue mutation.
  w.WriteHeader(200)
  flusher.Flush()
  if page == "issue" && key != "" {
    let _ = hub.snapshots.send(PageSnapshot { key, client_id: id, .. })
  } else {
    let _ = hub.snapshots.send(PageSnapshot { team, order, client_id: id, .. })
  }
  // Revocation (LLL-626): narrowing or deleting a member revokes it, open
  // streams included. A scoped viewer's access is read again before every
  // payload and on a timer while idle; the stream closes as soon as its
  // credential stops resolving or no longer covers what it streams. The
  // board token is fixed for the process, so a full viewer is not re-read.
  let scoped = teams.is_some()
  let still_allowed = || match board_viewer(r) {
    Viewer.Full => true,
    Viewer.Scoped(v) => if page == "issue" && key != "" { v.sees_issue(key) } else { v.teams.contains(team) },
  }
  let ticker = time.NewTicker(revalidate_every())
  defer ticker.Stop()
  let done = r.Context().Done()
  loop {
    let quit = select {
      match ch.receive() {
        Some(payload) => {
          if scoped && !still_allowed() {
            true
          } else {
            let _ = w.Write(payload.bytes())
            flusher.Flush()
            false
          }
        },
        None => true,
      },
      match ticker.C.receive() {
        Some(_) => scoped && !still_allowed(),
        None => false,
      },
      match done.receive() {
        Some(_) => true,
        None => true,
      },
    }
    if quit {
      let _ = hub.unregister.send(id)
      return
    }
  }
}

/// How often an idle scoped stream re-reads its viewer's access (LLL-626).
fn revalidate_every() -> time.Duration {
  10 * time.Second
}

/// Consume PB realtime events forever; re-render and broadcast fragments.
fn bridge(events: Channel<realtime.Event>, hub: Hub) {
  loop {
    let next = select {
      match events.receive() {
        Some(ev) => Some(ev),
        None => { return },
      },
      match hub.snapshots.receive() {
        Some(snapshot) => {
          if snapshot.key != "" { issue_snapshot(hub, snapshot.key, snapshot.client_id) }
          else if let Ok(Some(team)) = records.find_team(snapshot.team) {
            board_snapshot(hub, team.id, team.key, snapshot.order, snapshot.client_id)
          }
          None
        },
        None => { return },
      },
    }
    let Some(ev) = next else { continue };
    if ev.topic == "comments" {
      comment_broadcast(ev, hub)
    } else if ev.topic == "claims" {
      claim_broadcast(ev, hub)
    } else if ev.topic == "favorites" {
      favorites_broadcast(hub)
    } else if ev.topic == "views" {
      views_broadcast(hub)
    } else {
      issue_broadcast(ev, hub)
      // Titles and state icons in favorites are issue data too. Share one
      // metadata refresh across clients, independently of board rendering.
      favorites_broadcast(hub)
    }
  }
}

/// On any issues event: re-render the whole board fragment from a fresh
/// fetch (laziest correct — a state change moves a card between two columns,
/// and one #board morph covers create/update/delete alike), plus the
/// issue-detail fragment from a fresh read for observers of that issue.
///
/// The subscription is UNSCOPED (TASK-198): the server hosts every team, so
/// each event re-renders the board of the team the record belongs to and
/// lands only on clients scoped to that team ("board:KEY:ORDER").
///
/// One FETCH per event, one render per ordering (TASK-209): a client's scope
/// names the card order its URL asked for, so the board is sorted and
/// rendered once for each of the four orderings and each variant lands only
/// on the clients that requested it. Four renders over one in-memory issue
/// list beat teaching the hub to inventory its clients' scopes.
fn issue_broadcast(ev: realtime.Event, hub: Hub) {
  let mut event = IssueEvent { .. }
  if json.Unmarshal(ev.data.bytes(), &event).is_err() { return }
  let rec = event.record
  broadcast_issue_state(rec, hub)
}

fn broadcast_issue_state(rec: models.Issue, hub: Hub) {
  let team_key = rec.expand.team.key
  board_snapshot(hub, rec.team, team_key, "", 0)

  let key = f"{team_key}-{rec.number}"
  issue_snapshot(hub, key, 0)
}

/// Reconnects receive a fresh board snapshot, even if no new event follows.
fn board_snapshot(hub: Hub, team_id: string, team_key: string, only_order: string, client_id: int) {
  if let Ok(issues) = records.fetch_board_issues(team_id) {
    let Ok(claimed) = claims.for_team(team_id) else { return };
    // Scoped clients get a second rendering only when a card carries another
    // team's labels or project (LLL-545).
    let scoped_issues = if issues.any(has_foreign_refs) { Some(issues.map(without_foreign_refs)) } else { None }
    for order in board_orders() {
      if only_order != "" && only_order != order { continue }
      // UNFILTERED on purpose: /events sends one #board per (team, order) to
      // every matching client, so the per-URL filter is applied by the page
      // handler and guarded client-side by the cards' data-show, never here.
      let vm = BoardVM {
        states: state_opts(),
        columns: board_columns(issues, BoardFilter { .. }, claimed, order),
        ..
      }
      let mut scoped_payload: Option<string> = None
      if let Some(scoped) = scoped_issues {
        let scoped_vm = BoardVM { columns: board_columns(scoped, BoardFilter { .. }, claimed, order), ..vm }
        let Ok(html) = render("board", scoped_vm) else { continue };
        scoped_payload = Some(patch_event(html))
      }
      if let Ok(html) = render("board", vm) {
        let _ = hub.broadcast.send(
          Broadcast { scope: f"board:{team_key}:{order}", team: team_key, payload: patch_event(html), scoped_payload, client_id, .. },
        )
      }
    }
  }
}

#[json]
struct ClaimEvent { record: models.Claim }

/// Claim-only releases may not update the issue's assignee. Route the hold's
/// own event using its issue ID, including deleted holds, then read fresh state.
fn claim_broadcast(ev: realtime.Event, hub: Hub) {
  let mut event = ClaimEvent { .. }
  if json.Unmarshal(ev.data.bytes(), &event).is_err() { return }
  let mut issue = models.Issue { .. }
  if pb.fetch(f"/api/collections/issues/records/{event.record.issue}?expand=team", "claimed issue", &issue).is_err() { return }
  broadcast_issue_state(issue, hub)
}

/// The bridge serializes snapshot reads and event reads. Fetch current state
/// rather than replaying an old queued event over a reconnect's fresh snapshot.
/// No issue observers means no detail fetch, catalogues or markdown rendering.
fn issue_snapshot(hub: Hub, key: string, client_id: int) {
  if !has_issue_observer(hub, key, client_id) { return }
  let Ok((team, number)) = records.split_issue_key(key) else { return };
  let filter = url.QueryEscape(f"team.key={query.quote(team)} && number={number}")
  let mut issues = models.IssueList { .. }
  if pb.fetch(
    f"/api/collections/issues/records?filter={filter}&perPage=1&expand=team,assignee,labels,project,creator",
    "issue snapshot", &issues,
  ).is_err() { return }
  // Only a successful empty read means deleted; backend errors never clear
  // the page. Every new stream starts without a known description revision.
  let mut description = ""
  let mut vm = IssueVM { deleted: true, key, .. }
  let mut scoped_payload: Option<string> = None
  if let Some(issue) = issues.items.get(0) {
    description = issue.description
    let Ok(fields) = issue_fields_vm(issue, []) else { return };
    vm = fields
    // Scoped observers never see another team's labels or project (LLL-545).
    if has_foreign_refs(issue) {
      let Ok(scoped) = issue_fields_vm(without_foreign_refs(issue), []) else { return };
      let Ok(html) = render("issue-detail", scoped) else { return };
      scoped_payload = Some(patch_event(html))
    }
  }
  if let Ok(html) = render("issue-detail", vm) {
    let _ = hub.broadcast.send(Broadcast {
      scope: f"issue:{key}", team: records.normalize_team_key(team), payload: patch_event(html),
      scoped_payload, description: Some(description), client_id,
    })
  }
}

/// On favorite or issue events, refresh the FAVORITES group on connected
/// realtime pages. Static pages keep their normal reload behavior.
///
/// This is the one fragment that reaches inside #rail. It is legal because
/// the group is its own morph boundary with its own id: the shell itself is
/// still never rendered into a broadcast, so a page keeps the rail it was
/// served and only this group is replaced. Everything else in the rail stays
/// frozen at page load, by design.
///
/// The event's own record is ignored — the group is the whole list, and one
/// fetch is cheaper than reconciling a create against a delete.
fn favorites_broadcast(hub: Hub) {
  // A transient backend failure must not overwrite visible favorites with
  // the page-load fallback's empty list.
  let Ok(favs) = fetch_favorites() else { return };
  if let Ok(html) = render("rail-favorites", favorite_rows(favs)) {
    let _ = hub.broadcast.send(
      Broadcast { scope: "*", payload: patch_event(html), .. },
    )
  }
}

/// On any views event: re-render the rail's SAVED VIEWS group from a fresh
/// fetch and patch it into every open page — same shape as
/// favorites_broadcast, since a view is the workspace's like a star is.
fn views_broadcast(hub: Hub) {
  // Keep the last successful group when its refresh fails.
  let Ok(views) = fetch_view_vms() else { return };
  if let Ok(html) = render("rail-views", views) {
    let _ = hub.broadcast.send(
      Broadcast { scope: "*", payload: patch_event(html), .. },
    )
  }
}

/// On any comments event: re-render the comments fragment for the affected
/// issue's page. The board shows no comments, so it is left alone.
fn comment_broadcast(ev: realtime.Event, hub: Hub) {
  let mut event = CommentEvent { .. }
  if json.Unmarshal(ev.data.bytes(), &event).is_err() { return }
  // Resolve the issue for the page scope; a comment whose issue is already
  // deleted has no page to update.
  let mut issue = models.Issue { .. }
  if pb.fetch(
    f"/api/collections/issues/records/{event.record.issue}?expand=team",
    "issue",
    &issue,
  ).is_err() { return }
  let key = f"{issue.expand.team.key}-{issue.number}"
  let Ok(comments) = records.fetch_comments(issue.id) else {
    return
  }
  if let Ok(html) = render(
    "comments",
    CommentsVM { comments: comments.map(comment_vm) },
  ) {
    let _ = hub.broadcast.send(
      Broadcast { scope: f"issue:{key}", team: issue.expand.team.key, payload: patch_event(html), .. },
    )
  }
}
