import "go:encoding/json"
import "go:html/template"
import "go:net/http"
import "go:net/url"
import "go:strings"

import "display"
import "models"
import "pb"
import "query"
import "theme"

// The app shell and the two board pages: the rail every page wears, GET / and
// GET /issue/{key}.

/// The rail for one page: `active` names the current row, `me` decides
/// whether "My issues" has anywhere to point, and `team` carries the accent
/// every page wears.
fn rail_vm(active: string, me: string, team: models.Team) -> RailVM {
  let hex = theme.normalize_hex(team.accent)
  RailVM {
    active,
    me,
    version: version(),
    accent_css: theme.accent_css(hex),
    favicon: theme.favicon_url(hex, theme.mark_letter(team.key)),
    board_base: board_base(team.key),
    teams: rail_teams(team.key),
    favorites: fav_vms(),
    views: view_vms(),
  }
}

/// The board path for a team key: "/t/KEY/", or "/" when no key scopes the
/// page (defensive — run_server insists on a boot team). TASK-198.
fn board_base(key: string) -> string {
  if key == "" { return "/" }
  f"/t/{key}/"
}

/// The rail's team switcher rows (TASK-198): every team on the server,
/// key-sorted, the current page's marked. A failed fetch renders no switcher
/// rather than a 500 — the same bargain as the rail's other groups.
/// Archived teams stay off the switcher (TASK-210) — even the one the page
/// is scoped to: its board says "archived" in its own banner instead.
fn rail_teams(current: string) -> Slice<RailTeamVM> {
  let Ok(teams) = list_teams() else {
    return []
  }
  teams.items.filter(|t| !t.archived).map(|t| RailTeamVM {
    key: t.key,
    name: t.name,
    href: board_base(t.key),
    active: t.key == current,
  })
}

/// The rail's SAVED VIEWS group. Same bargain as fav_vms: a failed fetch
/// renders an empty group rather than a 500.
fn view_vms() -> Slice<ViewVM> {
  let mut list = models.ViewList { .. }
  if pb.fetch("/api/collections/views/records?perPage=200&sort=-created", "views", &list).is_err() {
    return []
  }
  // A view is a name plus a query string, nothing more: the rail row is the
  // board URL that query string reproduces.
  list.items.map(|v| {
    let mut href = "/"
    if v.query != "" { href = f"/?{v.query}" }
    ViewVM { name: v.name, href }
  })
}

/// The rail's FAVORITES group. A failed fetch renders an empty group rather
/// than a 500: a missing star list must not cost you the board.
fn fav_vms() -> Slice<FavVM> {
  let Ok(favs) = fetch_favorites() else {
    return []
  }
  favs.map(|f| {
    let issue = f.expand.issue
    FavVM {
      key: f"{issue.expand.team.key}-{issue.number}",
      title: issue.title,
      state: issue.state,
    }
  })
}

/// Every favorite, newest first, with its issue and that issue's team.
///
/// Unscoped by member on purpose: auth is deferred (task-32), so every row
/// carries member="" and a star belongs to the workspace. When members
/// arrive this grows a filter, not a new shape.
fn fetch_favorites() -> Result<Slice<models.Favorite>, string> {
  let mut list = models.FavoriteList { .. }
  pb.fetch(
    "/api/collections/favorites/records?perPage=200&sort=-created&expand=issue.team",
    "favorites",
    &list,
  )?
  // A favorite whose issue expand came back empty (issue deleted between the
  // list and the expand) has no link to render.
  Ok(list.items.filter(|f| f.expand.issue.id != ""))
}

/// The workspace's favorite row for one issue, if it has one.
fn fetch_favorite(issue_id: string) -> Result<Option<models.Favorite>, string> {
  let filter = url.QueryEscape(f"issue={query.quote(issue_id)} && member=''")
  let mut list = models.FavoriteList { .. }
  pb.fetch(
    f"/api/collections/favorites/records?perPage=1&filter={filter}",
    "favorites",
    &list,
  )?
  Ok(list.items.get(0))
}

/// One query parameter, or "" when there is no URL to ask.
fn query_param(r: Ref<http.Request>, name: string) -> string {
  let Some(u) = r.URL else {
    return ""
  }
  u.Query().Get(name)
}

/// The board: whose whole view state — filter chips AND hidden lanes — is
/// its query string (TASK-94). The server reads the params, validates them,
/// and renders the filtered board; every control that changes a filter is a
/// navigation, so a filtered URL reproduces the view in a fresh browser and
/// the back button walks between filter states for free.
///
/// A rejected param is dropped and said out loud in the flash strip, never
/// a 500 — the same contract /issues runs on: a stale bookmark must still
/// show a board.
///
/// /events still broadcasts ONE unfiltered #board fragment to every
/// board-scoped client, so the URL filter is guarded client-side too: each
/// card's data-show checks the $flt signal the page seeds from its own URL.
/// `team` is the ROUTED team (TASK-198): /t/{team}/ resolved it before this
/// handler ran, so every fetch and every generated URL below is that team's.
fn board_page(w: http.ResponseWriter, r: Ref<http.Request>, team: models.Team, me: string) {
  let team_id = team.id
  let mut err = ""
  let raw = view_query(r)

  // Validate every value against the catalogue before it filters anything.
  let mut states: Slice<string> = []
  for s in csv(raw.state) {
    if query.states().find(|x| x == s).is_some() {
      states = states.append(s)
    } else if err == "" {
      err = f"unknown state '{s}' (use one of: {strings.Join(query.states(), ", ")})"
    }
  }
  let mut assignees: Slice<string> = []
  for a in csv(raw.assignee) {
    match resolve_member(a) {
      Ok(_) => assignees = assignees.append(a),
      Err(e) => { if err == "" { err = e } },
    }
  }
  let mut labels: Slice<string> = []
  for l in csv(raw.label) {
    match resolve_label(team_id, l) {
      Ok(_) => labels = labels.append(l),
      Err(e) => { if err == "" { err = e } },
    }
  }
  let mut prios: Slice<string> = []
  for p in csv(raw.prio) {
    if display.priority_value(p).is_some() {
      prios = prios.append(p)
    } else if err == "" {
      err = f"unknown priority '{p}'"
    }
  }
  let mut hidden: Slice<string> = []
  for h in csv(raw.hide) {
    if query.states().find(|x| x == h).is_some() {
      hidden = hidden.append(h)
    } else if err == "" {
      err = f"unknown state '{h}' in hide (use one of: {strings.Join(query.states(), ", ")})"
    }
  }
  // Card ordering (TASK-209): "manual" is the default and never a URL param,
  // so ?order=manual normalizes back to the bare URL. An unknown value flashes
  // and falls back to manual, the same contract the filters run on.
  let mut order = raw.order
  if order == "" { order = "manual" }
  if board_orders().find(|o| o == order).is_none() {
    if err == "" {
      err = f"unknown order '{raw.order}' (use one of: {strings.Join(board_orders(), ", ")})"
    }
    order = "manual"
  }
  let mut order_param = order
  if order == "manual" { order_param = "" }

  let q = ViewQuery {
    state: join_csv(states),
    assignee: join_csv(assignees),
    label: join_csv(labels),
    prio: join_csv(prios),
    order: order_param,
    hide: join_csv(hidden),
    .. // `project` and `sort` are /issues dimensions; the board drops them.
  }
  let flt = BoardFilter { states, assignees, labels, prios }

  let issues = match fetch_board_issues(team_id) {
    Ok(i) => i,
    Err(e) => {
      http.Error(w, e, 500)
      return
    },
  }
  let raw_mode = wants_raw(r)
  let compose = match compose_vm(team_id) {
    Ok(c) => c,
    Err(e) => {
      http.Error(w, e, 500)
      return
    },
  }

  let mut pairs: Slice<string> = []
  for s in states { pairs = pairs.append(f"state:{s}") }
  for a in assignees { pairs = pairs.append(f"assignee:{a}") }
  for l in labels { pairs = pairs.append(f"label:{l}") }
  for p in prios { pairs = pairs.append(f"prio:{p}") }

  let mut active = "board"
  if me != "" && assignees.contains(me) { active = "mine" }

  let vm = BoardVM {
    states: state_opts(),
    columns: board_columns(issues, flt, fetch_claimed_issue_ids().unwrap_or([]), order),
    filter_groups: filter_groups(
      board_base(team.key),
      issues,
      q,
      fetch_member_names().unwrap_or([]),
      fetch_label_names(team_id).unwrap_or([]),
    ),
    flt_seed: flt_seed_js(pairs),
    query_str: view_query_string(q),
    hidden,
    hide_seed: hide_seed_js(hidden),
    error: err,
    no_match: view_query_filtered(q) && !issues.any(|i| issue_matches(i, flt)),
    compose,
    team_key: team.key,
    team_archived: team.archived,
    order,
    orders: order_opts(board_base(team.key), q, order),
  }
  if raw_mode {
    write_raw(w, board_raw(vm))
    return
  }
  let rail = rail_vm(active, me, team)
  let html = match render("board-page", PageVM { rail, page: vm }) {
    Ok(h) => h,
    Err(e) => {
      http.Error(w, e, 500)
      return
    },
  }
  w.Header().Set("Cache-Control", "no-store")
  w.Header().Set("Content-Type", "text/html; charset=utf-8")
  let _ = w.Write(html.bytes())
}

/// The ordering picker's options (TASK-209): each is the current URL with
/// ?order= swapped — a navigation, like the filter chips, so an ordering is
/// shareable and rides the same localStorage view restore. Manual drops the
/// param: the default needs no URL to say so.
fn order_opts(base: string, q: ViewQuery, active: string) -> Slice<OrderOptVM> {
  board_orders().map(|o| {
    let mut nq = q
    nq.order = o
    if o == "manual" { nq.order = "" }
    OrderOptVM {
      value: o,
      label: state_label(o),
      href: view_query_href(base, nq),
      active: o == active,
    }
  })
}

/// The active filter as a JSON array of "dim:value" keys, seeding the card
/// data-show's $flt signal. JSON rather than string interpolation because
/// the values are member and label names: html/template escapes the
/// attribute, the browser unescapes it, and a name with an apostrophe in it
/// would otherwise land as broken JS.
fn flt_seed_js(pairs: Slice<string>) -> template.JS {
  let Ok(json_bytes) = json.Marshal(pairs) else {
    return "[]" as template.JS
  }
  let text = json_bytes as string
  text as template.JS
}

/// One `$hide_<sig> = ...` assignment per state, so the data-class on .main
/// always reads defined signals: the states hidden by ?hide= get true, the
/// rest false.
fn hide_seed_js(hidden: Slice<string>) -> template.JS {
  let mut parts: Slice<string> = []
  for s in query.states() {
    let sig = strings.ReplaceAll(s, "-", "_")
    let mut on = "false"
    if hidden.contains(s) { on = "true" }
    parts = parts.append(f"$hide_{sig} = {on};")
  }
  strings.Join(parts, " ") as template.JS
}

/// `team` is the ROUTED team (TASK-198), carried by the rail (accent, links)
/// only: the issue itself renders from its own record, whichever team owns
/// it, and the canonical URL — the bare /issue/{key} redirect builds it —
/// routes through the issue's own team.
fn issue_page(w: http.ResponseWriter, r: Ref<http.Request>, team: models.Team, me: string) {
  let key = r.PathValue("key")
  let issue = match fetch_issue(key) {
    Ok(i) => i,
    Err(e) => {
      http.Error(w, e, 404)
      return
    },
  }
  let comments = match fetch_comments(issue.id) {
    Ok(c) => c,
    Err(e) => {
      http.Error(w, e, 500)
      return
    },
  }
  // An issue is a detail view under the board, so the board row stays
  // current — which also makes the rail byte-identical to the board's.
  let mut page = match issue_vm(issue, comments) {
    Ok(p) => p,
    Err(e) => {
      http.Error(w, e, 500)
      return
    },
  }
  // Related findings (TASK-103) are fetched BEFORE ?raw answers, unlike the
  // star and emoji catalogue: the raw form carries them too — "everything
  // is curl-able" includes the unprompted part. A failed fetch renders no
  // section rather than a 500 (same bargain as the rail's groups).
  page.findings = findings_for_issue(issue).map_or([], |f| f.map(finding_vm))
  // ?raw answers before the remaining page-only extras (star state, emoji
  // catalogue) are fetched: none of them are markdown's business. An
  // unknown key never gets here — fetch_issue already 404'd above, raw or
  // not.
  if wants_raw(r) {
    write_raw(w, issue_raw(page))
    return
  }
  if let Ok(Some(_)) = fetch_favorite(issue.id) { page.favorited = true }
  page.emojis = emoji_catalog()
  let vm = PageVM { rail: rail_vm("board", me, team), page }
  let html = match render("issue-page", vm) {
    Ok(h) => h,
    Err(e) => {
      http.Error(w, e, 500)
      return
    },
  }
  w.Header().Set("Cache-Control", "no-store")
  w.Header().Set("Content-Type", "text/html; charset=utf-8")
  let _ = w.Write(html.bytes())
}

/// The configured team record, re-read per page load. /settings can change
/// the accent at any moment, so a value cached at startup would leave every
/// open tab on a stale colour; this is one small GET beside the fetches the
/// page already makes. A missing or unreadable team yields a blank record,
/// which renders as the canonical orange.
fn shell_team(team_id: string) -> models.Team {
  let mut team = models.Team { .. }
  if team_id == "" { return team }
  let path = f"/api/collections/teams/records/{team_id}"
  if pb.fetch(path, "team", &team).is_err() { return models.Team { .. } }
  team
}
