import "records"
import "go:encoding/json"
import "go:fmt"
import "go:os"
import "go:crypto/rand"
import "go:regexp"
import "go:strconv"
import "go:strings"
import "go:time"

import "config"
import "flags"
import "models"
import "pb"

// `lll token` (TASK-183) — the agent entry point for auth. Agents do not
// have passwords to type; a superuser mints them a non-refreshable
// PocketBase token (the impersonate endpoint, verified in v0.40.1), which the
// agent sends as LLL_TOKEN or persists in the home config.
//
// TASK-214: these tokens used to ride PocketBase's collection duration (5
// days) while the help called them "static". The failure was silent and
// delayed — a colleague onboarded on Monday, worked all week, and hit a bare
// 401 the following week with nothing connecting it to the mint. So the
// duration is now explicit and long by default, the expiry is printed next
// to the token, and a 401 here names expiry as the likely cause.

/// Dispatch `lll token <verb>` through the noun's Command table (TASK-307).
/// The table is the one place a verb is declared: dispatch, `lll token --help`
/// and shell completions all read it, so none of the three can drift.
pub fn token(args: Slice<string>) -> Result<(), string> {
  flags.dispatch("token", "work with agent tokens", token_intro(), token_commands(), args)
}

/// Every token verb, as a value. `page` is the hand-written help `token
/// create` already had; its former pre-parse `--help` check is gone because
/// dispatch answers it now, and parses args against `spec` before `run` so a
/// trailing -h can never reach the verb body.
pub fn token_commands() -> Slice<flags.Command> {
  [
    flags.Command {
      name: "create",
      summary: "mint a long-lived agent token for <member> (superuser only)",
      page: token_create_page(),
      spec: token_create_spec(),
      positional: "<member>",
      run: token_create,
      ..
    },
  ]
}

/// Prose that belongs to the noun rather than to any one verb; dispatch
/// prints it under the verb table for `lll token --help`.
fn token_intro() -> string {
  "Mints a long-lived, non-refreshable auth token that authenticates as
<member> - the agent credential, superuser-only. It lasts a year unless
--duration says otherwise, and the expiry is printed with it. The token is
printed once, when it is created; nothing else ever shows it. Use it as
LLL_TOKEN=<token>, or persist it as token = \"...\" in ~/.config/lll/lll.toml
(never the repo's .lll.toml, which is committed).
On the receiving machine, save the API endpoint with 'lll config set url URL', or supply LLL_URL." + flags.section(token_create_spec())
}

/// The lifetime a mint gets when --duration is not given: one year in
/// seconds. Long on purpose. An agent credential has no refresh path and no
/// human watching it, so the only thing a short life buys is an outage
/// nobody can attribute; rotation is a deliberate re-mint, not an expiry.
fn default_token_duration() -> int {
  365 * 24 * 60 * 60
}

fn token_create_spec() -> Slice<flags.Flag> {
  with_admin_flags([
    flags.Flag { name: "--duration", value: true, hint: "seconds", help: "token lifetime in seconds (default one year);\n0 uses the members collection's duration", .. },
    flags.Flag { name: "--url", value: true, hint: "url", help: "server base url for this invocation (otherwise the configured server)", .. },
    flags.Flag { name: "--help", alias: "-h", hidden: true, help: "show this help", .. },
  ])
}

/// The --duration value as token create, `lll bot` and `lll bot rotate` all
/// read it: absent means the explicit one-year default, 0 means PocketBase's
/// collection duration, and a negative is refused here rather than
/// round-tripped into a 400 (PocketBase validates duration >= 0,
/// v0.40.1 impersonateForm).
fn parse_token_duration(raw: string) -> Result<int, string> {
  if raw == "" { return Ok(default_token_duration()) }
  let Ok(d) = strconv.Atoi(raw) else {
    return Err(flags.usage_error(f"--duration must be a number of seconds, got '{raw}'"))
  }
  if d < 0 {
    return Err(flags.usage_error("--duration must be 0 or more; 0 uses the members collection's duration"))
  }
  Ok(d)
}

fn token_create(input: flags.CommandInput) -> Result<(), string> {
  let usage = input.usage
  let p = input.parsed
  let name = p.first()
  if name == "" {
    return Err(flags.usage_error(f"usage: {usage}"))
  }
  // Absent --duration means the explicit default, not PocketBase's: leaving
  // it at 0 is what silently handed out 5-day tokens. 0 stays reachable, but
  // only by asking for it.
  let duration = parse_token_duration(p.one("--duration"))?

  point_at_url(p.one("--url"))?
  let su = superuser_auth(given_admin_login(p)?)?
  let found = records.find_member_as(su, name)?
  let Some(member) = found else {
    return Err(pb.fail(pb.ErrorKind.NotFound, f"no member named '{name}'; see 'lll member create'"))
  }
  let payload = match json.Marshal(models.ImpersonateRequest { duration }) {
    Ok(b) => b,
    Err(e) => return Err(f"encoding the request: {e}"),
  }
  let body = match pb.post_as(
    f"/api/collections/members/impersonate/{member.id}",
    payload as string,
    su,
  ) {
    Ok(b) => b,
    Err(e) => return Err(impersonate_error(name, e)),
  }
  let tok = decode_auth(body, "the impersonate response")?

  // The one place a token is ever printed: it is the agent's credential,
  // delivered exactly once, in the env form it is used in. Every other
  // surface — login, config list, the board — redacts it.
  fmt.Println(f"LLL_TOKEN={tok}")
  fmt.Println(
    f"one-time agent token for {member.name}, shown only here; to persist it, put token = \"...\" in ~/.config/lll/lll.toml (never .lll.toml, which is committed)",
  )
  // The expiry belongs next to the token because it is the only moment
  // anyone will ever see it: impersonate tokens are stateless, so nothing
  // records the mint and no later command can answer "when does this die?".
  fmt.Println(expiry_line(duration, time.Now(), "lll token create"))
  Ok(())
}

/// The "expires ..." line printed under a freshly minted token. `now` is
/// passed in so the formatting is a function of its arguments alone.
///
/// A 0 duration hands the decision to the members collection, which this
/// process cannot read the value of, so the line says that instead of
/// guessing a date.
fn expiry_line(duration: int, now: time.Time, remint: string) -> string {
  if duration == 0 {
    return "expires: whenever the members collection's token duration says; pass --duration to pin it"
  }
  let at = now.Add(time.Duration(duration as int64) * time.Second)
  let day = at.Format("2006-01-02")
  f"expires {day} ({duration}s from now); re-mint with '{remint}'"
}

/// What to say when the impersonate call is refused. `e` is the pb client's
/// error string, which carries the status line.
///
/// 401 and 403 are different refusals and used to share one message. 403 is
/// PocketBase saying "authenticated, but not a superuser" — a member token in
/// the gate. 401 is the token being rejected outright, and the way that
/// happens to someone who was working yesterday is expiry, which the old
/// shared wording never named (TASK-214). Anything else keeps the raw error.
fn impersonate_error(name: string, e: string) -> string {
  let status = pb.classify(e).status
  if status == 401 {
    return pb.fail(pb.ErrorKind.Auth, "the token this ran with was rejected (401) - most likely it expired
mint a new one with 'lll token create', or " + admin_hint())
  }
  if status == 403 {
    return pb.fail(pb.ErrorKind.Refused, "token create is superuser-only and the configured token is not one
" + admin_hint())
  }
  f"impersonating {name}: {e}"
}

/// A superuser token for the superuser-gated commands (token create, member
/// set-password). Env credentials win and authenticate fresh through
/// PocketBase's own endpoint; without them the configured token is tried
/// as-is — if it is not a superuser token, the gated call itself refuses,
/// and the caller's error names what to set.
/// The two flags every superuser-gated command accepts, so the credentials can
/// ride the command line instead of the environment (TASK-249). Four of six
/// agents in the round-4/5 usability runs reached for them.
pub fn admin_flags() -> Slice<flags.Flag> {
  [
    flags.Flag {
      name: "--admin-email",
      value: true,
      hint: "email",
      help: "superuser email (else LLL_ADMIN_EMAIL, only when no token is configured)",
      ..,
    },
    flags.Flag {
      name: "--admin-password",
      value: true,
      hint: "pw",
      help: "superuser password (else LLL_ADMIN_PASSWORD, only when no token is configured)",
      ..,
    },
  ]
}

/// `spec` plus the two admin flags. Slices append one element at a time here,
/// so the concatenation lives in one place rather than in every caller.
pub fn with_admin_flags(spec: Slice<flags.Flag>) -> Slice<flags.Flag> {
  let mut out = spec
  for fl in admin_flags() { out = out.append(fl) }
  out
}

pub struct AdminCreds {
  pub email: string,
  pub password: string,
}

/// Administrator credentials and where they came from (D7, LLL-646). They
/// are passed to the call that uses them and never written to the
/// environment, which every child process (gh, git, a browser opener) would
/// inherit.
pub enum AdminLogin {
  /// --admin-email/--admin-password, or a saved local share: the superuser,
  /// whatever token is configured. The only way a command with a member
  /// token configured acts as the administrator.
  Explicit(AdminCreds),
  /// LLL_ADMIN_EMAIL/LLL_ADMIN_PASSWORD: used only when no token is
  /// configured. A configured member token outranks them, so an inherited
  /// environment cannot silently turn a member's command into an ownerless
  /// administrator one.
  Env(AdminCreds),
  Absent,
}

/// The admin login a command was given: both --admin-* flags, else both
/// LLL_ADMIN_* variables, else none. One flag without the other is refused.
pub fn given_admin_login(p: flags.Parsed) -> Result<AdminLogin, string> {
  let email = p.one("--admin-email")
  let pass = p.one("--admin-password")
  if (email == "") != (pass == "") {
    return Err(flags.usage_error("--admin-email and --admin-password go together; give both"))
  }
  if email != "" { return Ok(AdminLogin.Explicit(AdminCreds { email, password: pass })) }
  let env_email = os.Getenv("LLL_ADMIN_EMAIL")
  let env_pass = os.Getenv("LLL_ADMIN_PASSWORD")
  if env_email != "" && env_pass != "" {
    return Ok(AdminLogin.Env(AdminCreds { email: env_email, password: env_pass }))
  }
  Ok(AdminLogin.Absent)
}

/// The administrator email a login carries, "" for none.
pub fn admin_login_email(login: AdminLogin) -> string {
  match login {
    AdminLogin.Explicit(creds) => creds.email,
    AdminLogin.Env(creds) => creds.email,
    AdminLogin.Absent => "",
  }
}

/// The words every superuser refusal ends with: how to supply the
/// administrator credentials under the D7 precedence.
pub fn admin_hint() -> string {
  "pass --admin-email and --admin-password (LLL_ADMIN_EMAIL/LLL_ADMIN_PASSWORD are read only when no token is configured)"
}

/// A token for a superuser-gated command (token create, member set-password
/// and the rest). Explicit credentials authenticate fresh through
/// PocketBase's own endpoint. Otherwise the configured token is used as-is -
/// if it is not a superuser token, the gated call itself refuses and the
/// caller's error names the flags. Env credentials authenticate only when no
/// token is configured.
pub fn superuser_auth(login: AdminLogin) -> Result<string, string> {
  let cfg = config.load()?
  match login {
    AdminLogin.Explicit(creds) => superuser_login(creds),
    AdminLogin.Env(creds) => {
      if cfg.token != "" { Ok(cfg.token) } else { superuser_login(creds) }
    },
    AdminLogin.Absent => {
      if cfg.token != "" { return Ok(cfg.token) }
      Err(
        "this command is superuser-only and nothing here can authenticate as one
pass --admin-email and --admin-password (the credentials used to start the server),
or set LLL_ADMIN_EMAIL/LLL_ADMIN_PASSWORD (read only when no token is configured),
or put a superuser token in LLL_TOKEN - and name the server with --url if it is
not the configured one",
      )
    },
  }
}

fn superuser_login(creds: AdminCreds) -> Result<string, string> {
  let payload = match json.Marshal(models.AuthRequest { identity: creds.email, password: creds.password }) {
    Ok(b) => b,
    Err(e) => return Err(f"encoding credentials: {e}"),
  }
  let body = match pb.post_anon(
    "/api/collections/_superusers/auth-with-password",
    payload as string,
  ) {
    Ok(b) => b,
    Err(e) => return Err(superuser_auth_failed(e)),
  }
  decode_auth(body, "the superuser auth response")
}

/// A failed superuser auth, with the wrong-server reading spelled out.
///
/// PocketBase answers 400 "Failed to authenticate" for bad credentials AND
/// for correct credentials sent to a server that has no such superuser. Four
/// usability runs read it the first way, re-checked an admin password that
/// was perfectly good, and lost commands — the real fault was the default
/// url, printed mid-line as incidental request detail. So when the url was
/// nobody's choice, say that first.
fn superuser_auth_failed(e: string) -> string {
  let msg = f"authenticating as the superuser: {e}"
  if pb.classify(e).status != 400 { return msg }
  let Ok((_, src)) = config.load_traced() else { return msg }
  if src.url != "default" {
    return msg + "
if the administrator credentials are right, check the server: --url names another one"
  }
  msg + "
that url is the built-in default: nothing here configured one, so the credentials
were almost certainly sent to the wrong server. Name it: --url <your server url>"
}

/// Pull the token out of an auth-with-password / impersonate response body
/// (both answer {token, record}; verified in v0.40.1 apis/record_helpers.go).
fn decode_auth(body: string, what: string) -> Result<string, string> {
  let mut auth = models.AuthResponse { .. }
  if let Err(e) = json.Unmarshal(body.bytes(), &auth) {
    return Err(f"decoding {what}: {e}")
  }
  if auth.token == "" {
    return Err(f"{what} carried no token")
  }
  Ok(auth.token)
}

fn token_create_page() -> string {
  let spec = token_create_spec()
  let usage = flags.usage("lll token create", spec, "<member>")
  f"lll token create - mint a long-lived agent token (superuser only)

Usage:
  {usage}

Authenticates as the server administrator - from --admin-email/--admin-password,
else the configured token when it already is one, else
LLL_ADMIN_EMAIL/LLL_ADMIN_PASSWORD when no token is configured - and asks the
server to impersonate <member>: a
non-refreshable token sent as LLL_TOKEN. It does expire. --duration sets the
lifetime in seconds and defaults to one year; 0 hands the decision to the
members collection's own duration (5 days out of the box).

The expiry is printed with the token, because nothing records the mint and no
later command can tell you when it dies. When it does, the 401 says so and the
fix is another 'lll token create'.

The token is printed exactly once. Agents persist it with
token = \"...\" in ~/.config/lll/lll.toml, never .lll.toml, which is committed.
On the receiving machine, save the API endpoint with 'lll config set url URL', or supply LLL_URL." + flags.section(spec)
}

/// `lll bot create bot-NAME [--duration s]`: an agent identity in one command
/// (LLL-392, after veans init; LLL-407 made bots a member kind). Creates a
/// bot-kind member named NAME - the bot- prefix is reserved for bots and
/// enforced server-side - records the calling member as its owner, and
/// prints its token once. The human's own session is never the agent's
/// credential: the bot's token is scoped to the bot. `lll bot rotate NAME`
/// re-mints it while invalidating the previous token, which stops working at
/// its next request.
///
/// Create refuses a bot that already exists (D7, LLL-646): rerunning a setup
/// script used to rotate silently and strand the running agent's token.
/// Rotation is only ever `lll bot rotate`. Bare `lll bot bot-NAME` is create.
///
/// Creation rides the calling member's own token when there is one, so the
/// bot is owned by whoever ran the command. Administrator credentials name
/// no member, so a bot created with them has no owner.
pub fn bot(args: Slice<string>) -> Result<(), string> {
  // `args` is the full argv ("lll", "bot", ...), so the verb rides index 2
  // - where a bare create's NAME would sit. A bot cannot be named "rotate"
  // or "create": the server reserves bot- * names, so the forms cannot
  // collide.
  match args.get(2).unwrap_or("") {
    "rotate" => bot_rotate(args),
    "create" => bot_create(args, 3, "lll bot create"),
    _ => bot_create(args, 2, "lll bot"),
  }
}

fn bot_create(args: Slice<string>, start: int, command: string) -> Result<(), string> {
  let spec = bot_spec()
  let usage = flags.usage(command, spec, "bot-NAME")
  let p = flags.parse_n(spec, args, start, 1, usage)?
  if p.given("--help") {
    fmt.Println(bot_page(false))
    return Ok(())
  }
  let name = strings.TrimSpace(p.first())
  if name == "" {
    return Err(
      flags.usage_error(f"usage: {usage}\n  bot-NAME is the agent's member name, e.g. bot-myrepo; bot names are reserved to the bot- prefix"),
    )
  }
  require_bot_prefix("lll bot create", name)?
  point_at_url(p.one("--url"))?
  let (tok, caller) = bot_caller(given_admin_login(p)?)?
  let duration = parse_token_duration(p.one("--duration"))?
  let env_only = p.given("--env")
  // Resolved before anything is created or minted, so a refusal leaves the
  // bot and its current token as they were.
  let team = prompt_team(tok, env_only, p.one("--team"))?
  let url = config.load()?.url
  check_prompt_values(url, team, name)?
  let existing = records.find_member_as(tok, name)?
  if let Some(member) = existing {
    if member.kind != "bot" {
      return Err(
        f"member '{name}' exists and is not a bot member
'lll bot create' only provisions bot members; use 'lll token create {name}' to mint its token directly",
      )
    }
    return Err(pb.fail(
      pb.ErrorKind.Refused,
      f"bot {name} already exists; nothing was changed
'lll bot rotate {name}' mints a new token (the previous one stops working)"),
    )
  }
  let owner = caller.map_or("", |me| me.id)
  let created = create_bot_member_as(tok, name, owner)?
  let owned = caller.map_or(
    "no owner (administrator credentials created it)",
    |me| f"owned by {me.name}",
  )
  bot_status(
    env_only,
    f"created bot member {created.name} (kind=bot, {owned})",
  )
  let minted = bot_mint(tok, name, duration)?
  print_bot_credential(name, minted, url, team, duration, env_only)
}

/// `lll bot rotate bot-NAME [--duration s]`: re-mint the bot's token and strand
/// the previous one. The server admits the superuser or the bot's owner —
/// the human who created it is the one who sees a token leak.
fn bot_rotate(args: Slice<string>) -> Result<(), string> {
  let spec = bot_spec()
  let usage = flags.usage("lll bot rotate", spec, "bot-NAME")
  let p = flags.parse_n(spec, args, 3, 1, usage)?
  if p.given("--help") {
    fmt.Println(bot_page(true))
    return Ok(())
  }
  let name = strings.TrimSpace(p.first())
  if name == "" {
    return Err(
      flags.usage_error(f"usage: {usage}\n  bot-NAME is the bot member's name, e.g. bot-myrepo"),
    )
  }
  require_bot_prefix("lll bot rotate", name)?
  point_at_url(p.one("--url"))?
  let (tok, _) = bot_caller(given_admin_login(p)?)?
  let duration = parse_token_duration(p.one("--duration"))?
  let env_only = p.given("--env")
  let team = prompt_team(tok, env_only, p.one("--team"))?
  let url = config.load()?.url
  check_prompt_values(url, team, name)?
  let minted = bot_mint(tok, name, duration)?
  print_bot_credential(name, minted, url, team, duration, env_only)
}

/// token create's flags plus the two that shape the bot's handoff.
fn bot_spec() -> Slice<flags.Flag> {
  let mut spec = token_create_spec()
  spec = spec.append(
    flags.Flag {
      name: "--team",
      value: true,
      hint: "KEY",
      help: "team the agent prompt attaches to (default: the configured team)",
      ..,
    },
  )
  spec = spec.append(
    flags.Flag {
      name: "--env",
      help: "print only the two export lines (LLL_URL, LLL_TOKEN), e.g. > agent.env",
      ..,
    },
  )
  spec
}

/// The team the agent prompt names, checked against the credential that
/// creates (and so owns) the bot. A bot never sees more than its owner
/// (slice 2), so a team its owner cannot see would hand the agent a prompt
/// whose 'lll attach' fails. --env prints no team, so it needs none.
fn prompt_team(
  tok: string,
  env_only: bool,
  flag: string,
) -> Result<string, string> {
  if env_only { return Ok("") }
  let key = if flag != "" { flag } else { config.load()?.team }
  let wanted = records.normalize_team_key(key)
  if wanted == "" {
    // Usage, exit 2, like every no-team refusal that --team fixes (LLL-679).
    return Err(flags.usage_error(
      "name the team the agent joins: --team KEY (no team is configured here)
or pass --env to print only the LLL_URL and LLL_TOKEN export lines",
    ))
  }
  let Some(team) = records.find_team_as(tok, wanted)? else {
    return Err(
      f"no team '{wanted}' among the teams this credential can see - a bot gets no more access than its owner, so the agent could not open it
'lll team list' shows the teams you can see",
    )
  }
  Ok(team.key)
}

/// A progress line. With --env, stdout carries only the export lines, so
/// `lll bot bot-x --env > agent.env` writes a file that sources cleanly.
fn bot_status(env_only: bool, line: string) {
  if env_only { fmt.Fprintln(os.Stderr, line) } else { fmt.Println(line) }
}

/// Print a freshly minted bot token: the one place it is ever shown. The
/// default is the agent prompt from the design (doc scoped-access-invites,
/// Decision step 3); --env is its two export lines alone.
fn print_bot_credential(
  name: string,
  tok: string,
  url: string,
  team: string,
  duration: int,
  env_only: bool,
) -> Result<(), string> {
  // The server minted it, but it is printed into a shell all the same.
  if !regexp.MustCompile("^[A-Za-z0-9._-]+$").MatchString(tok) {
    return Err("the minted token contains characters lll cannot paste safely into a shell; nothing was printed")
  }
  let expiry = expiry_line(duration, time.Now(), f"lll bot rotate {name}")
  if env_only {
    fmt.Print(agent_env(url, tok))
    fmt.Fprintln(os.Stderr, f"one-time bot token for {name}, shown only here")
    fmt.Fprintln(os.Stderr, expiry)
    return Ok(())
  }
  fmt.Println(f"one-time bot token for {name}, shown only here; {expiry}")
  fmt.Println("paste this into the agent:")
  fmt.Println("")
  fmt.Print(agent_prompt(url, team, tok))
  Ok(())
}

/// The export lines an agent's shell needs, newline-terminated.
fn agent_env(url: string, tok: string) -> string {
  f"export LLL_URL={shell_word(url)}\nexport LLL_TOKEN={shell_word(tok)}\n"
}

/// The values a prompt may carry, checked before any bot is created or
/// token minted (LLL-546 review). Quoting arbitrary input for every shell a
/// prompt gets pasted into cannot be done (fish reads backslashes inside
/// single quotes, zsh expands a leading `=`, a terminal renders CR and ESC),
/// so the safety is an allowlist: a value outside it is refused, naming the
/// field, and no prompt is printed. `team` is "" for --env, which prints
/// none. The root fix for hostile team keys is server-side (LLL-628).
pub fn check_prompt_values(url: string, team: string, name: string) -> Result<(), string> {
  let url_ok = regexp.MustCompile(
    r"^https?://(\[[0-9A-Fa-f:.]+\]|[A-Za-z0-9.-]+)(:[0-9]{1,5})?(/[A-Za-z0-9._/-]*)?$",
  )
  if !url_ok.MatchString(url) {
    return Err(
      f"the server url {strconv.Quote(url)} contains characters lll cannot paste safely into a shell; use a plain http(s)://host[:port][/path] url (no user, query or fragment)",
    )
  }
  if team != "" && !regexp.MustCompile("^[A-Z0-9][A-Z0-9-]*$").MatchString(team) {
    return Err(
      f"team key {strconv.Quote(team)} contains characters lll cannot paste safely into a shell; rename the team",
    )
  }
  if !regexp.MustCompile("^bot-[A-Za-z0-9][A-Za-z0-9._-]*$").MatchString(name) {
    return Err(
      f"bot name {strconv.Quote(name)} contains characters lll cannot paste safely into a shell; use letters, digits, '.', '_' and '-' after bot-",
    )
  }
  Ok(())
}

/// The copyable agent prompt, newline-terminated. It is the design doc's
/// prompt (scoped-access-invites, Decision step 3) reshaped so the whole
/// text is also a harmless shell script. Its values have passed
/// check_prompt_values; that allowlist is the safety, and the quoting below
/// is belt and braces. No line relies on `#`: interactive zsh without
/// interactive_comments (the macOS default) runs a `#` line as a command.
/// Prose lines are the no-op `true` with the sentence as one
/// single-quoted word. The doc's "You're" is "You are".
fn agent_prompt(url: string, team: string, tok: string) -> string {
  prose(f"You are joining lll team {team} at {url}.") +
  agent_env(url, tok) +
  f"lll attach --key {shell_word(team)}\n" +
  prose("Read the workflow:") +
  "lll skill get software-factory\n" +
  prose("Claim an issue before you edit code; record findings on the board.")
}

/// A prose line that every shell runs as a no-op: `true '<text>'`. `true`
/// rather than `:`, which fish lacks. `text` is a constant sentence or
/// allowlisted values, so it holds no quote or backslash to escape.
fn prose(text: string) -> string {
  "true '" + text + "'\n"
}

/// `s` as one shell word. The prompt is pasted into a shell, and the url
/// comes from configuration or the environment, so anything outside a plain
/// url/token alphabet is single-quoted rather than trusted.
fn shell_word(s: string) -> string {
  if s != "" && regexp.MustCompile("^[A-Za-z0-9_./:@%+=,~-]+$").MatchString(s) {
    return s
  }
  "'" + strings.ReplaceAll(s, "'", "'\\''") + "'"
}

fn bot_page(rotating: bool) -> string {
  let command = if rotating { "lll bot rotate" } else { "lll bot create" }
  let spec = bot_spec()
  let description = if rotating {
    "Rotate a bot's token; the previous token stops working. Requires the bot's owner or administrator credentials."
  } else {
    "Create a bot member and print its token once. An existing bot is refused; 'lll bot rotate' re-mints its token. Uses your configured token; administrator credentials only through --admin-email and --admin-password. 'lll bot bot-NAME' is the same command."
  }
  let see_rotate = if rotating {
    "

Who may rotate: a superuser, or the bot's owner while the owner's access
covers the bot's. The owner is the member whose token ran 'lll bot create'
to create it; a bot created with administrator credentials has none. Other
members and the bot itself are refused, unless they first make themselves the
owner, which the server does not yet prevent.

What rotation strands: every earlier token for the bot, including ones from
'lll token create', at its next request. This is the only command that
rotates; 'lll bot create' refuses an existing bot. 'lll token create bot-NAME'
adds a token and strands none."
  } else {
    "

Access: a bot created with your member token starts with your teams and mode,
and can never do more than you can: narrowing you narrows it at once, and a
read-only owner makes its bots read-only. 'lll whoami' with the bot's token
shows what it can do. A bot created with administrator credentials has no
owner and keeps its own access.

See 'lll bot rotate --help' for token rotation."
  }
  let rotate_usage = if rotating { "" } else { "\n  " + flags.usage("lll bot rotate", spec, "bot-NAME") }
  f"{command} - {description}\n\nUsage:\n  {flags.usage(command, spec, "bot-NAME")}{rotate_usage}\n\nThe name must start with the reserved bot- prefix, e.g. '{command} bot-myrepo'."
    + "

The token is printed once, inside a prompt to paste into the agent: its
LLL_URL and LLL_TOKEN exports, 'lll attach --key KEY' for --team (default: the
configured team, which you must be able to see), and where to read the
workflow. --env prints only the two export lines on stdout:
  "
    + command
    + " bot-myrepo --env > agent.env"
    + flags.section(spec)
    + see_rotate
}

/// The server reserves bot- names to bots (gopb checkMemberKind), so a name
/// without the prefix can never be a bot. Refuse it here, before any
/// credential or server call, with the spelling that would work.
fn require_bot_prefix(command: string, name: string) -> Result<(), string> {
  if strings.HasPrefix(name, "bot-") { return Ok(()) }
  Err(f"bot names are reserved to the bot- prefix - got '{name}'; try '{command} bot-{name}'")
}

/// The credential `lll bot` creates and rotates with, and the member it
/// names. The configured token comes first (D7, LLL-646): a member token
/// creates on the caller's own behalf, so the caller owns the bot (the
/// members create rule is authenticated-only, TASK-181), and a configured
/// superuser token creates ownerless. Only explicit --admin-* flags act as
/// the administrator over a configured token; LLL_ADMIN_* is read only when
/// no token is configured. Before this, inherited admin variables silently
/// outranked a member's token and the bot came out ownerless.
fn bot_caller(login: AdminLogin) -> Result<(string, Option<models.Member>), string> {
  let cfg = config.load()?
  let explicit = match login {
    AdminLogin.Explicit(_) => true,
    _ => false,
  }
  if explicit || cfg.token == "" {
    return Ok((superuser_auth(login)?, None))
  }
  let me = token_member(cfg.token)?
  Ok((cfg.token, me))
}

/// The member a token names, or None when it names nobody: a superuser
/// token's JWT id has no members record, and PocketBase answers 404. The
/// same probe `lll whoami` makes — the id out of the JWT, then that record.
fn token_member(tok: string) -> Result<Option<models.Member>, string> {
  let Some(id) = pb.token_subject(tok) else { return Ok(None) }
  match pb.get_as(f"/api/collections/members/records/{id}", tok) {
    Ok(body) => {
      let mut me = models.Member { .. }
      if let Err(e) = json.Unmarshal(body.bytes(), &me) {
        return Err(f"decoding the identity response: {e}")
      }
      Ok(Some(me))
    },
    Err(e) => {
      if pb.classify(e).status == 404 { return Ok(None) }
      Err(e)
    },
  }
}

/// Create the bot-kind member record: a random password nobody knows (the
/// login door is closed server-side regardless), the synthesized email every
/// record-only member gets, kind = bot, and `owner` pointing at the calling
/// member when there is one.
fn create_bot_member_as(tok: string, name: string, owner: string) -> Result<models.Member, string> {
  let password = rand.Text()
  let new_bot = models.NewMember {
    name,
    email: synthesize_email(name),
    password,
    password_confirm: password,
    email_visibility: true,
    kind: "bot",
    owner,
    scope: "",
    teams: [],
    mode: "",
  }
  let payload = match json.Marshal(new_bot) {
    Ok(p) => p,
    Err(e) => return Err(f"encoding bot member: {e}"),
  }
  let body = pb.post_as("/api/collections/members/records", payload as string, tok)?
  let mut created = models.Member { .. }
  if let Err(e) = json.Unmarshal(body.bytes(), &created) {
    return Err(f"decoding created bot member: {e}")
  }
  Ok(created)
}

/// Mint the bot's token through the rotate route: it re-mints and — by
/// refreshing the record's tokenKey — strands every earlier token at its
/// next request. The server checks owner or superuser; the response is the
/// same {token, record} shape impersonate answers with. The caller prints
/// it, once (print_bot_credential).
fn bot_mint(tok: string, name: string, duration: int) -> Result<string, string> {
  let payload = match json.Marshal(models.BotRotate { name, duration }) {
    Ok(b) => b,
    Err(e) => return Err(f"encoding the rotation request: {e}"),
  }
  let body = match pb.post_as("/api/lll/bots/rotate", payload as string, tok) {
    Ok(b) => b,
    Err(e) => return Err(bot_mint_error(name, e)),
  }
  let mut auth = models.AuthResponse { .. }
  if let Err(e) = json.Unmarshal(body.bytes(), &auth) {
    return Err(f"decoding the rotation response: {e}")
  }
  if auth.token == "" { return Err("the rotation response carried no token") }
  Ok(auth.token)
}

/// What to say when the rotate route refuses. 403 is the owner check — the
/// configured credential neither owns the bot nor is a superuser; 401 is a
/// dead token, the same shape token create's refusal names. Anything else
/// keeps the raw error.
fn bot_mint_error(name: string, e: string) -> string {
  let status = pb.classify(e).status
  if status == 403 {
    return pb.fail(pb.ErrorKind.Refused, f"rotating {name}'s token: only the bot's owner or a superuser can do that
the configured token does not own this bot; pass --admin-email and --admin-password to rotate as the superuser")
  }
  if status == 401 {
    return pb.fail(pb.ErrorKind.Auth, "the token this ran with was rejected (401) - most likely it expired
log in again with 'lll login', or " + admin_hint())
  }
  f"rotating {name}'s token: {e}"
}
