import "go:os"
import "go:os/exec"
import "go:strings"
import "display"
import "gitctx"
import "models"

/// Ambient creation context is optional: filing must also work outside Git.
/// `agent` is LLL_AGENT as the caller's settings carry it.
pub fn capture(agent: string) -> models.IssueOrigin {
  let sha = exec.Command("git", "rev-parse", "--short", "HEAD").Output()
    .map_or("", |value| strings.TrimSpace(value as string))
  models.IssueOrigin {
    host: os.Hostname().unwrap_or(""),
    cwd: os.Getwd().unwrap_or(""),
    branch: gitctx.current_branch().unwrap_or(""),
    sha,
    tool: agent,
  }
}

pub struct Field { pub label: string, pub value: string }

/// One presentation inventory for CLI, raw/export and web issue detail.
pub fn fields(issue: models.Issue) -> Slice<Field> {
  let creator = display.member_name(issue.creator, issue.expand.creator.name, "")
  [
    Field { label: "Creator", value: creator },
    Field { label: "Origin host", value: issue.origin.host },
    Field { label: "Origin path", value: issue.origin.cwd },
    Field { label: "Origin branch", value: issue.origin.branch },
    Field { label: "Origin commit", value: issue.origin.sha },
    Field { label: "Origin tool", value: issue.origin.tool },
    Field { label: "Refs", value: issue.refs },
  ].filter(|field| field.value != "")
}
