import "records"
import "go:net/url"
import "go:strings"

import "flags"
import "models"
import "pb"
import "query"

// LLL-100: moving a label or project from one team to another.
//
// A label or project belongs to exactly one team (TASK-173), and the scope was
// write-once: `--team` at creation, read-only text on /settings. One created in
// the wrong team could only be deleted and remade, which loses every issue that
// referenced it — the relation is the thing you were trying to keep.

/// Move one team-owned record to another team, refusing while another team's
/// issues still reference it.
///
/// Decided on LLL-100: **refuse**, rather than letting the references follow
/// (team A's issues would then carry a B-owned label) or clearing them (A's
/// issues silently lose it). It is the LLL-341 precedent — deleting a member
/// is refused while they hold issues — and the only option that rewrites
/// nothing the user did not ask for. The way through is to unassign the
/// references and run it again.
pub fn move_to_team(
  ctx: pb.Client,
  kind: string,
  name: string,
  id: string,
  from: models.Team,
  to: models.Team,
) -> Result<string, pb.CliError> {
  if from.id == to.id {
    return Ok(f"{kind} {name} is already in {to.key}")
  }
  let blocking = referencing_issue_keys(ctx, kind, id, to.id)?
  if !blocking.is_empty() {
    return Err(pb.failed(refuse_move(kind, name, from, to, blocking)))
  }
  // Only the relation moves; name, colour, description and status are not
  // this verb's business.
  match kind {
    "label" => update_label(ctx, id, LabelPatch { team: Some(to.id), .. })?,
    "project" => update_project(ctx, id, ProjectPatch { team: Some(to.id), .. })?,
    _ => return Err(pb.failed(f"cannot move a '{kind}'")),
  }
  Ok(f"Moved {kind} {name}: {from.key} -> {to.key}")
}

/// The keys of the issues that stand in the way: every issue referencing this
/// record that does NOT belong to the destination team. An issue already in the
/// destination is not a problem — after the move it and the record agree.
///
/// Keys, not a count: "3 issues reference it" sends you looking, and the fix is
/// per-issue.
fn referencing_issue_keys(
  ctx: pb.Client,
  kind: string,
  id: string,
  to_team_id: string,
) -> Result<Slice<string>, pb.CliError> {
  let filter = match kind {
    "label" => query.filter("", "", "", "", id, ""),
    "project" => query.filter("", "", "", id, "", ""),
    _ => return Err(pb.failed(f"cannot move a '{kind}'")),
  }
  let issues = records.fetch_all_issues(ctx,
    f"&expand=team&sort=created,id&filter={url.QueryEscape(filter)}",
  )?
  Ok(
    issues
      .filter(|i| i.team != to_team_id)
      .map(|i| f"{i.expand.team.key}-{i.number}"),
  )
}

/// The refusal. Names what blocks it and the command that clears each one, so
/// the reader never has to work out which flag unassigns an issue.
fn refuse_move(
  kind: string,
  name: string,
  from: models.Team,
  to: models.Team,
  blocking: Slice<string>,
) -> string {
  let shown = if blocking.length() > 10 { blocking[..10] } else { blocking }
  let mut tail = ""
  if blocking.length() > shown.length() {
    tail = f" (and {blocking.length() - shown.length()} more)"
  }
  // Both nouns clear the same way; only the flag differs.
  let flag = if kind == "label" { "--label" } else { "--project" }
  let clear = f"lll issue update KEY {flag} \"\""
  f"{blocking.length()} issue(s) outside {to.key} still reference the {kind} '{name}': {strings.Join(shown, ", ")}{tail}\nMoving it to {to.key} would leave them pointing at another team's {kind}.\nClear it off them first ({clear}), or move those issues to {to.key}.\n'{name}' stays in {from.key}."
}

/// The destination team a `--to KEY` names.
pub fn move_destination(ctx: pb.Client, key: string) -> Result<models.Team, pb.CliError> {
  if strings.TrimSpace(key) == "" {
    return Err(flags.usage_error("--to requires a team key (see 'lll team list')"))
  }
  let Some(team) = records.find_team(ctx, key)? else {
    return Err(records.unknown_team(ctx, key))
  }
  if team.archived {
    return Err(pb.failed(f"team {team.key} is archived; run 'lll team unarchive {team.key}' first"))
  }
  Ok(team)
}
