/// Record identifiers, one type per collection (LLL-675). Each is the
/// PocketBase id as the server sent it, so a team's id cannot be passed where
/// an issue's is wanted, and none can be passed as a plain string. Values are
/// made by decoding a record (here, from JSON) or in records/ and writes/;
/// scripts/test_typed_ids.py holds that. A relation PocketBase reports as
/// unset decodes to the empty id: `is_empty` says so.
///
/// `string()` makes each a Stringer, so an id interpolates as itself into a
/// URL or a filter.
pub struct TeamId(string)
pub struct IssueId(string)
pub struct LabelId(string)
pub struct ProjectId(string)
pub struct MemberId(string)
pub struct ClaimId(string)

impl TeamId {
  pub fn string(self) -> string { self.0 }
  pub fn is_empty(self) -> bool { self.0 == "" }
}

impl IssueId {
  pub fn string(self) -> string { self.0 }
  pub fn is_empty(self) -> bool { self.0 == "" }
}

impl LabelId {
  pub fn string(self) -> string { self.0 }
  pub fn is_empty(self) -> bool { self.0 == "" }
}

impl ProjectId {
  pub fn string(self) -> string { self.0 }
  pub fn is_empty(self) -> bool { self.0 == "" }
}

impl MemberId {
  pub fn string(self) -> string { self.0 }
  pub fn is_empty(self) -> bool { self.0 == "" }
}

impl ClaimId {
  pub fn string(self) -> string { self.0 }
  pub fn is_empty(self) -> bool { self.0 == "" }
}

#[json]
pub struct Team {
  pub id: TeamId,
  pub key: string,
  pub name: string,
  // The team's accent colour as "#rrggbb". Empty means DESIGN.md's canonical
  // ember orange, which theme.css already hard-codes.
  pub accent: string,
  // An optional glyph beside the key, and the tab icon's mark (LLL-427).
  // Empty renders exactly as before: the letter derived from the key.
  pub emoji: string,
  // The lifecycle end (TASK-210): an archived team leaves the rail switcher
  // and default team lists; its board stays readable at /t/KEY/ and its data
  // is untouched. 'lll team unarchive KEY' brings it back.
  pub archived: bool,
}

#[json]
pub struct TeamList {
  pub items: Slice<Team>,
}

#[json]
pub struct NewTeam {
  pub key: string,
  pub name: string,
}

#[json]
pub struct Member {
  pub id: MemberId,
  pub name: string,
  pub email: string,
  // Bot accounts (LLL-407): "person" or "bot"; "" only on servers that have
  // not applied the kind migration. `owner` is the creating human member's
  // id, empty for people and for bots minted by the superuser.
  pub kind: string,
  #[json(omitempty)]
  pub owner: MemberId,
  // Access (LLL-542): "all" | "teams", the team ids, "rw" | "ro". Empty on a
  // server that predates scoped members.
  #[json(omitempty)]
  pub scope: string,
  #[json(omitempty)]
  pub teams: Slice<TeamId>,
  #[json(omitempty)]
  pub mode: string,
  // Keys of `teams` the caller can see; filled by 'member list --json' only.
  #[json(omitempty)]
  pub team_keys: Slice<string>,
  // A bot's owner (LLL-610), present only when the read asked PocketBase to
  // expand `owner` and the caller may read that member. Absent is not "no
  // owner": it may be an owner this caller cannot see.
  #[json(omitempty)]
  pub expand: Option<MemberExpand>,
}

#[json]
pub struct MemberExpand {
  #[json(omitempty)]
  pub owner: Option<MemberOwner>,
}

/// The owner as a comment needs it: who, not their email or access.
#[json]
pub struct MemberOwner {
  pub id: MemberId,
  pub name: string,
}

impl Member {
  /// The expanded owner's name, or "" when there is none to show.
  pub fn owner_name(self) -> string {
    self.expand.and_then(|e| e.owner).map_or("", |o| o.name)
  }

  /// This member's access within `owner`'s (LLL-543): a bot with an owner
  /// sees only teams both see, and writes only if both write. The server
  /// enforces the same (gopb effectiveAccess), reading the owner live, so
  /// this is what the bot can do right now.
  pub fn within(self, owner: Member) -> Member {
    let mut out = self
    out.mode = if self.mode == "rw" && owner.mode == "rw" { "rw" } else { "ro" }
    if self.scope == "all" && owner.scope == "all" { return out }
    out.scope = "teams"
    out.teams = if self.scope == "all" {
      owner.teams
    } else if owner.scope == "all" {
      self.teams
    } else {
      self.teams.filter(|t| owner.teams.contains(t))
    }
    out
  }
}

#[json]
pub struct MemberList {
  pub items: Slice<Member>,
}

#[json]
pub struct NewMember {
  pub name: string,
  #[json(omitempty)]
  pub email: string,
  // members is an auth collection (TASK-180): PB requires the password pair
  // on create. Random and never printed — nobody logs in until a real
  // password is set by an admin or the member.
  pub password: string,
  #[json("passwordConfirm")]
  pub password_confirm: string,
  // keeps emails visible to `lll member list` and the board, as they were
  // before the collection became an auth one.
  #[json("emailVisibility")]
  pub email_visibility: bool,
  // Bot accounts (LLL-407). Selects have no schema-level default, so every
  // create states its kind; owner is the creating human member's id, sent
  // only for bots.
  #[json(omitempty)]
  pub kind: string,
  #[json(omitempty)]
  pub owner: Option<MemberId>,
  // Access scope: "all" or "teams". Empty lets the server fill in the
  // creator's ("all"). With "teams", the member sees only `teams`, the ids
  // `lll member invite --team` sets; an empty list then sees nothing.
  #[json(omitempty)]
  pub scope: string,
  #[json(omitempty)]
  pub teams: Slice<TeamId>,
  // "rw" | "ro"; empty lets the server fill in the creator's ("rw").
  #[json(omitempty)]
  pub mode: string,
}

#[json]
pub struct ProjectExpand {
  pub team: Team,
}

#[json]
pub struct Project {
  pub id: ProjectId,
  pub name: string,
  pub description: string,
  pub status: string,
  pub team: TeamId,
  pub expand: ProjectExpand,
}

#[json]
pub struct ProjectList {
  pub items: Slice<Project>,
}

#[json]
pub struct NewProject {
  pub name: string,
  #[json(omitempty)]
  pub description: string,
  pub status: string,
  pub team: TeamId,
}

#[json]
pub struct LabelExpand {
  pub team: Team,
}

#[json]
pub struct Label {
  pub id: LabelId,
  pub name: string,
  pub color: string,
  pub team: TeamId,
  pub expand: LabelExpand,
}

#[json]
pub struct LabelList {
  pub items: Slice<Label>,
}

#[json]
pub struct NewLabel {
  pub name: string,
  #[json(omitempty)]
  pub color: string,
  pub team: TeamId,
}

#[json]
pub struct IssueExpand {
  pub creator: Member,
  pub team: Team,
  pub assignee: Member,
  pub project: Project,
  pub labels: Slice<Label>,
  pub blocked_by: Slice<Issue>,
}

#[json]
pub struct Issue {
  pub creator: MemberId,
  pub origin: IssueOrigin,
  pub refs: string,
  pub attachments: Slice<string>,
  pub id: IssueId,
  pub team: TeamId,
  pub number: int,
  pub title: string,
  pub description: string,
  pub state: string,
  pub priority: int,
  pub sort: float64,
  // One author-chosen marker. Empty for most issues.
  pub emoji: string,
  // TASK-205 work-site slot: where the branch is checked out RIGHT NOW.
  // Written by `issue start` on an existing matching issue branch; a start from a
  // different site overwrites it (and leaves an auto-comment recording the
  // displaced one). Never cleared — staleness is a presentation rule.
  pub work_branch: string,
  pub work_host: string,
  pub work_path: string,
  pub assignee: MemberId,
  pub project: ProjectId,
  pub labels: Slice<LabelId>,
  // LLL-175: the issues that must be done before this one can start.
  pub blocked_by: Slice<IssueId>,
  pub created: string,
  pub updated: string,
  pub expand: IssueExpand,
}

#[json]
pub struct IssueList {
  pub items: Slice<Issue>,
  #[json("totalItems")]
  pub total_items: int,
}

#[json]
pub struct NewIssue {
  #[json(omitempty)]
  pub creator: Option<MemberId>,
  pub origin: IssueOrigin,
  pub team: TeamId,
  // LLL-454: normally left at zero, which is how gopb's issueDefaults knows
  // to allocate the next number and sort for the team. `lll import dir`
  // supplies them, so a restored mirror reproduces ENG-7 as ENG-7 rather
  // than renumbering and silently repointing every cross-reference.
  #[json(omitempty)]
  pub number: int,
  #[json(omitempty)]
  pub sort: float64,
  pub title: string,
  pub state: string,
  pub priority: int,
  #[json(omitempty)]
  pub description: string,
  #[json(omitempty)]
  pub emoji: string,
  #[json(omitempty)]
  pub assignee: Option<MemberId>,
  #[json(omitempty)]
  pub project: Option<ProjectId>,
  #[json(omitempty)]
  pub labels: Slice<LabelId>,
}

#[json]
pub struct IssueOrigin {
  pub host: string,
  pub cwd: string,
  pub branch: string,
  pub sha: string,
  pub tool: string,
}

#[json]
pub struct CommentExpand {
  pub author: Member,
}

#[json]
pub struct Comment {
  pub id: string,
  pub issue: IssueId,
  pub author: MemberId,
  #[json(omitempty)]
  pub agent: string,
  // "system" when the server wrote the comment on its own (the claim-expiry
  // note; LLL-654), "" (omitted from JSON) for a person's or an agent's.
  #[json(omitempty)]
  pub author_kind: string,
  pub body: string,
  pub created: string,
  pub updated: string,
  pub expand: CommentExpand,
}

#[json]
pub struct CommentList {
  pub items: Slice<Comment>,
  #[json("totalPages")]
  pub total_pages: int,
}

#[json]
pub struct NewComment {
  pub issue: IssueId,
  #[json(omitempty)]
  pub author: Option<MemberId>,
  #[json(omitempty)]
  pub agent: string,
  pub body: string,
}

/// A favorite's expanded issue. Fetched with `expand=issue.team`, so the
/// nested Issue carries its own expand.team and the rail can build a key.
#[json]
pub struct FavoriteExpand {
  pub issue: Issue,
}

/// One starred issue. `member` is "" for every row written before auth
/// (TASK-32) lands: a favorite is workspace-wide, not personal.
#[json]
pub struct Favorite {
  pub id: string,
  pub issue: IssueId,
  pub member: MemberId,
  pub created: string,
  pub expand: FavoriteExpand,
}

#[json]
pub struct FavoriteList {
  pub items: Slice<Favorite>,
}

#[json]
pub struct NewFavorite {
  pub issue: IssueId,
  #[json(omitempty)]
  pub member: Option<MemberId>,
}

/// A claim's holder, fetched with `expand=member` so a refusal can name them.
#[json]
pub struct ClaimExpand {
  pub member: Member,
}

/// One exclusive hold on an issue. The unique issue index admits one hold;
/// server operations couple acquisition/release with the assignment update.
/// `created` records when this hold was acquired, retained by an own-claim retry.
#[json]
pub struct Claim {
  pub id: ClaimId,
  pub issue: IssueId,
  pub member: MemberId,
  #[json(omitempty)]
  pub agent: string,
  pub created: string,
  // When the holder last renewed the hold (LLL-535); `created` on a fresh one.
  pub updated: string,
  pub expand: ClaimExpand,
}

#[json]
pub struct ClaimList {
  #[json("totalPages")]
  pub total_pages: int,
  pub items: Slice<Claim>,
}

/// One saved view (TASK-94): a name plus the board query string it stands
/// for. `member` is "" for every row written before auth (TASK-32) lands:
/// a view is workspace-wide, not personal.
#[json]
pub struct View {
  pub id: string,
  pub name: string,
  pub query: string,
  pub member: MemberId,
  pub created: string,
}

#[json]
pub struct ViewList {
  pub items: Slice<View>,
}

#[json]
pub struct NewView {
  pub name: string,
  pub query: string,
  #[json(omitempty)]
  pub member: Option<MemberId>,
}

/// One doc (TASK-86): a wiki page, finding, decision or PRD. The `issues`
/// relation is the doc -> issue direction; the issue -> doc direction is a
/// `issues.id ?= 'x'` filter, no stored back-reference.
#[json]
pub struct DocExpand {
  pub issues: Slice<Issue>,
  // The author, and a bot author's owner, when the read asked for
  // expand=author.owner and the caller may read them (LLL-618).
  #[json(omitempty)]
  pub author: Option<Member>,
}

#[json]
pub struct Doc {
  pub id: string,
  // Required (TASK-173): a doc belongs to exactly one team, and slugs are
  // unique per team, not per server — GRDN and LLL both get an `index`.
  pub team: TeamId,
  pub slug: string,
  pub title: string,
  pub kind: string,
  pub body: string,
  // TASK-103: the retrieval coordinates. `area` is one workspace area,
  // conventionally a label's name — an issue whose labels contain it
  // surfaces the doc. `paths` is comma-separated file/directory paths the
  // doc is about; `lll finding near <path>` matches by directory
  // containment. Empty on docs that name neither.
  pub area: string,
  pub paths: string,
  pub issues: Slice<IssueId>,
  pub created: string,
  pub updated: string,
  // LLL-396: a finding is asserted by default; these mark the guesses.
  // 'confirmed' is the stored default so every pre-field doc keeps today's
  // semantics, and only 'suspected' and 'refuted' change how it reads.
  pub confidence: string,
  pub confidence_note: string,
  // LLL-618: the member whose token created the doc, set by the server.
  // Empty on docs written before the field and on superuser writes.
  // omitempty keeps re-encoded authorless docs (issue view --json) as before.
  #[json(omitempty)]
  pub author: MemberId,
  pub expand: DocExpand,
}

#[json]
pub struct DocList {
  pub items: Slice<Doc>,
}

#[json]
pub struct NewDoc {
  pub team: TeamId,
  pub slug: string,
  pub title: string,
  pub kind: string,
  pub body: string,
  // Set explicitly on every create: selects have no schema-level default.
  pub confidence: string,
  #[json(omitempty)]
  pub confidence_note: string,
  #[json(omitempty)]
  pub area: string,
  #[json(omitempty)]
  pub paths: string,
  #[json(omitempty)]
  pub issues: Slice<IssueId>,
}

/// POST body for PocketBase's auth-with-password (members and _superusers
/// alike): `identity` is the account's email.
#[json]
pub struct AuthRequest {
  pub identity: string,
  pub password: string,
}

/// The shape both auth-with-password and impersonate answer with (verified
/// in v0.40.1 apis/record_helpers.go): the token to send as Bearer and the
/// member record it belongs to. `record.name` is who a login is.
#[json]
pub struct AuthResponse {
  pub token: string,
  pub record: Member,
}

/// POST body for /api/collections/members/impersonate/{id} (TASK-183): a
/// static, non-refreshable agent token. 0 uses the collection's token
/// duration; the endpoint validates duration >= 0 (v0.40.1
/// apis/record_auth_impersonate.go).
#[json]
pub struct ImpersonateRequest {
  pub duration: int,
}

#[json]
pub struct WebhookExpand {
  pub team: Team,
  pub project: Project,
}

/// An outbound webhook registration (LLL-409): one URL that receives issue
/// events for its team, narrowed to one project when `project` is set. The
/// secret itself is write-only (LLL-661): a read says only whether one is set.
#[json]
pub struct Webhook {
  pub id: string,
  pub url: string,
  pub secret_set: bool,
  pub team: TeamId,
  pub project: ProjectId,
  pub expand: WebhookExpand,
}

#[json]
pub struct WebhookList {
  pub items: Slice<Webhook>,
}

#[json]
pub struct NewWebhook {
  pub team: TeamId,
  #[json(omitempty)]
  pub project: Option<ProjectId>,
  pub url: string,
  #[json(omitempty)]
  pub secret: string,
}

/// POST body for /api/lll/bots/rotate (LLL-407): re-mint the named bot's
/// static token after invalidating the previous one. 0 uses the collection's
/// token duration, the same contract impersonate has. The name rides the
/// body because member names are arbitrary text, not path segments.
#[json]
pub struct BotRotate {
  pub name: string,
  pub duration: int,
}

/// One team in an /api/lll/access answer.
#[json]
pub struct AccessTeam { pub id: TeamId, pub key: string }

/// /api/lll/access: the calling member's effective access (a bot's within
/// its owner's), read by `lll login` and the board's gate.
#[json]
pub struct AccessReply { pub id: MemberId, pub name: string, pub rw: bool, pub all: bool, pub teams: Slice<AccessTeam> }
