import "go:fmt"
import "go:os"
import "go:strings"

import "commands"
import "flags"
import "pb"
import "query"

fn main() {
  let Some(noun) = os.Args.get(1) else {
    print_usage()
    return
  }

  // LLL-441: before anything reads the token, renew a login token near
  // expiry - only for nouns that talk to the server anyway, so --help,
  // version and completions never wait on the network.
  if commands.talks_to_server(noun) {
    commands.renew_login_token()
  }
  let skew = commands.version_skew_check(noun)
  let result = match commands.scoped_args(os.Args) {
    Ok(args) => dispatch(noun, args),
    Err(msg) => Err(msg),
  }
  if let Some(Some(line)) = skew.receive() {
    fmt.Fprintln(os.Stderr, line)
  }

  if let Err(msg) = result {
    // A help request travels as an error so it short-circuits the verb before
    // it can act (flags.parse, TASK-237). It is not a failure: print it bare
    // and exit 0, or `lll issue list -h` in a script reads as a broken command.
    let marker = flags.help_marker()
    if strings.HasPrefix(msg, marker) {
      fmt.Println(strings.TrimPrefix(msg, marker))
      return
    }
    // Every failing exit is decided here, by the error's kind (LLL-645,
    // docs/cli-contract.md): scripts branch on the code, not the text.
    let err = pb.classify(msg)
    fmt.Fprintln(os.Stderr, f"Error: {err.message}")
    os.Exit(pb.exit_code(err.kind))
  }
}

fn dispatch(noun: string, args: Slice<string>) -> Result<(), string> {
  match noun {
    "issue" => commands.issue(args),
    "team" => commands.team(args),
    "member" => commands.member(args),
    "invite" => commands.invite(args),
    "project" => commands.project(args),
    "api" => commands.api(args),
    "label" => commands.label(args),
    "doc" => commands.doc(args),
    "finding" => commands.finding(args),
    "import" => commands.import_cmd(args),
    "export" => commands.export_cmd(args),
    "config" => commands.config_cmd(args),
    "login" => commands.login(args),
    "logout" => commands.logout(args),
    "whoami" => commands.whoami(args),
    "token" => commands.token(args),
    "bot" => commands.bot(args),
    "attach" => commands.attach(args),
    "watch" => commands.watch(args),
    "webhook" => commands.webhook(args),
    "search" => commands.search_cmd(args),
    "up" => commands.up(args),
    "board" => commands.board(args),
    "skill" => commands.skill(args),
    "completions" => commands.completions(args),
    "upgrade" => commands.upgrade(args),
    "--help" => {
      print_usage()
      Ok(())
    },
    "-h" => {
      print_usage()
      Ok(())
    },
    "help" => {
      print_usage()
      Ok(())
    },
    "--version" => {
      fmt.Println(f"lll {commands.version()}")
      Ok(())
    },
    "-v" => {
      fmt.Println(f"lll {commands.version()}")
      Ok(())
    },
    "version" => {
      fmt.Println(f"lll {commands.version()}")
      Ok(())
    },
    other => Err(pb.fail(pb.ErrorKind.Usage, unknown_command(other, os.Args.get(2).unwrap_or("")))),
  }
}

fn print_usage() {
  fmt.Println(
    f"lll - a Linear-style issue tracker

Every verb lives under a noun: 'lll issue list', 'lll issue comment KEY \"body\"',
'lll doc view SLUG'. There is no 'lll list' or 'lll comment'.

A team is one tracker on the server: its key (ENG) prefixes every issue id
(ENG-12), and each repo or directory attaches to one team.

Start here, with no server yet:
  lll up                  start a server and web board on this machine; keep it
                          running (on this machine it also logs the CLI in)
  lll login               log the CLI in as your member, if lll up did not
  lll attach              in your repo: point it at a team (--key KEY to pick one)
  lll issue create -t \"First issue\"

Usage:
  lll issue <command>     work with issues (see 'lll issue --help')
  lll search <text>       full-text search: issues, comments, docs, ranked, with context
  lll bot create bot-<name>
                          an agent identity in one command: member + token, printed
                          once in a prompt to paste into the agent (--env: only the
                          exports); the name must start with bot- (lll bot create bot-myrepo)
  lll bot rotate bot-<name>
                          a new token for a bot; the previous one stops working
                          (see 'lll bot rotate --help')
  lll team <command>      work with teams (see 'lll team --help')
  lll member <command>    work with members (see 'lll member --help')
  lll invite create --team KEY [--read-only]
                          a single-use link that lets one person join with
                          those teams (see 'lll invite --help')
  lll project <command>   work with projects (see 'lll project --help')
  lll api METHOD PATH     raw passthrough to the board's server API;
                          --schema prints the collection/field reference
                          (see 'lll api --help')
  lll label <command>     work with labels (see 'lll label --help')
  lll import github OWNER/REPO
                          bring a GitHub repo's issues in via gh: title, body,
                          labels, state (open todo, closed done), each issue
                          ref'd gh#N; re-import skips what it already brought
  lll export [DIR]        the team as readable Markdown a repo can hold:
                          one file per issue and doc, attachment bytes beside
                          them (default DIR: mirror)
  lll doc <command>       work with docs: wiki, findings, decisions, PRDs
                          (see 'lll doc --help')
  lll finding <command>   retrieve findings by area or path
                          (see 'lll finding --help')
  lll config <command>    manage configuration (see 'lll config --help')
  lll login [--url URL]   authenticate as a member; the token goes to
                          ~/.config/lll/lll.toml, and --url persists the
                          server url too — the one-command machine setup
                          (see 'lll login --help')
  lll logout              clear the stored token (see 'lll logout --help')
  lll whoami              which member, server and team you are acting as
  lll token create        mint a static agent token (superuser only)
                          (see 'lll token --help')
  lll attach [--key KEY]  write this repo's team to a shareable
                          .lll.toml (see 'lll attach --help')
  lll watch [flags]       live event stream for a query; --ready streams the
                          ready agenda (see 'lll watch --help')
  lll webhook <command>   outbound webhooks: add/list/remove URLs that the
                          server POSTs issue events to (see 'lll webhook --help')
  lll up [--port 8100]    start the lll server and web board together (see 'lll up --help')
  lll board [-w]          print the web board URL; -w opens it (see 'lll board --help')
  lll board --team KEY    a view-only link to one team's board, no account needed
  lll skill list          the agent operating instructions in this binary
  lll skill get NAME      one of them as markdown (see 'lll skill --help')
  lll completions <shell> completion script for bash, zsh, or fish
                          (see 'lll completions --help')
  lll upgrade [--dry-run] upgrade lll the way it was installed: runs
                          'brew upgrade lll', or prints the command to run
                          (see 'lll upgrade --help')
  lll --version, -v       print the version
  lll --help              show this help

Exit codes: 0 ok, 1 error, 2 usage, 3 not found, 4 refused or conflict,
5 nothing to do, 6 not authenticated. They and the --json fields scripts may
rely on are the CLI contract:
https://github.com/escherize/lll/blob/main/docs/cli-contract.md

Scoped commands (issue, project, label, doc, finding, import, export, watch,
search, webhook) accept --team KEY.
It overrides LLL_TEAM for this invocation and never writes configuration.
Explicit issue IDs still target their own team.

Examples:
  lll issue list --team ENG --search checkout
  lll issue update ENG-1 --assignee alice --state in-review
  next=$(lll issue next)  the one issue to work next: ready, unclaimed,
                          priority, age, unblocks; add --claim to take it

Configuration (env > the repo's .lll.toml > ~/.config/lll/lll.toml; the files
layer, each supplying the keys it names — 'lll config list' shows which won):
  LLL_URL      lll server base URL (default http://127.0.0.1:8090)
  LLL_TEAM     default team key (e.g. ENG); scopes 'issue list', used by 'issue create'
  LLL_SORT     default sort for 'issue list': {strings.Join(query.sort_fields(), ", ")}; prefix - to descend
  LLL_WEB_URL  web board base URL for 'board', 'issue url', 'view -w' (set with 'lll config set web_url URL')",
  )
  let hint = commands.setup_hint()
  if hint != "" { fmt.Println(hint) }
}

/// An issue verb typed as a noun ('lll comment ...') is the most common
/// unknown command (three of thirty fleet agents); name where it lives.
fn unknown_command(noun: string, verb: string) -> string {
  // 'lll issues list' for 'lll issue list': the plural is the natural guess.
  // The verb rides along - seven of thirty fleet agents rated the bare
  // "did you mean 'lll issue'" the least helpful message, since it dropped
  // the half they had right.
  let singular = strings.TrimSuffix(noun, "s")
  for n in ["issue", "team", "member", "project", "label", "doc", "finding", "token"] {
    if singular == n && noun != n {
      let rest = if verb == "" || verb.starts_with("-") { "" } else { f" {verb}" }
      return f"unknown command: '{noun}' — did you mean 'lll {n}{rest}'? (see 'lll {n} -h')"
    }
  }
  for c in commands.issue_commands() {
    if c.name == noun {
      // 'lll comment create' is the common shape of this mistake; dropping
      // the typed verb here, as the plural branch once did, hid the half
      // the user had right. So the verb rides along (LLL-313).
      let rest = if verb == "" || verb.starts_with("-") { "" } else { f" {verb}" }
      return f"unknown command: '{noun}{rest}' — it is an issue verb: 'lll issue {noun} ...' (see 'lll issue {noun} -h')"
    }
  }
  // A member verb typed as a noun, the same mistake shape (fleet case 11 was
  // 'lll invite', which is now its own noun and points back at member invite).
  for c in commands.member_commands() {
    if c.name == noun {
      return f"unknown command: '{noun}' — it is a member verb: 'lll member {noun} ...' (see 'lll member {noun} -h')"
    }
  }
  f"unknown command: '{noun}' (see 'lll --help')"
}
