import "records"
import "models"

// The refresh queue behind the live stream: one job per fragment scope,
// coalesced while it waits, run by a bounded set of workers.

/// A team's #board in one ordering or every one (""), for one client or
/// every client of it (0). `team_id` is None when only the key is known.
struct BoardRefresh { team_key: string, team_id: Option<models.TeamId>, order: string, client_id: int }

/// An issue page, for one client or all (0): #issue-detail and comments.
struct IssueRefresh { key: string, client_id: int }

/// A claim or a comment names its issue by id: read the issue, then refresh
/// its page, and its board too when `board`.
struct ResolveRefresh { issue_id: models.IssueId, board: bool }

/// One piece of live-refresh work (LLL-666). The bridge turns realtime
/// events, new pages' snapshots and reconnects into these. refresh_key names
/// the views one rewrites; two refreshes of the same views never run at
/// once, so an older read cannot land after a newer one, and a refresh asked
/// for while its views are already being refreshed waits, merged with any
/// other asked for meanwhile.
enum Refresh {
  Board(BoardRefresh),
  Issue(IssueRefresh),
  Resolve(ResolveRefresh),
  Favorites,
  Views,
}

fn refresh_key(job: Refresh) -> string {
  match job {
    Refresh.Board(b) => f"board:{records.normalize_team_key(b.team_key)}",
    Refresh.Issue(i) => f"issue:{i.key}",
    Refresh.Resolve(r) => f"resolve:{r.issue_id}",
    Refresh.Favorites => "favorites",
    Refresh.Views => "views",
  }
}

/// One refresh covering both, for two with the same key. Different
/// orderings or clients widen to all of them.
fn merge_refresh(prev: Refresh, next: Refresh) -> Refresh {
  match prev {
    Refresh.Board(a) => match next {
      Refresh.Board(b) => {
        // The key and the id come from the same job: a snapshot's key is the
        // URL's spelling, an event's is the stored one.
        let named = if a.team_id.is_some() { a } else { b }
        let order = if a.order == b.order { a.order } else { "" }
        let client_id = if a.client_id == b.client_id { a.client_id } else { 0 }
        Refresh.Board(BoardRefresh { team_key: named.team_key, team_id: named.team_id, order, client_id })
      },
      other => other,
    },
    Refresh.Issue(a) => match next {
      Refresh.Issue(b) => {
        let client_id = if a.client_id == b.client_id { a.client_id } else { 0 }
        Refresh.Issue(IssueRefresh { key: a.key, client_id })
      },
      other => other,
    },
    Refresh.Resolve(a) => match next {
      Refresh.Resolve(b) => Refresh.Resolve(ResolveRefresh { issue_id: a.issue_id, board: a.board || b.board }),
      other => other,
    },
    _ => next,
  }
}

/// A refresh the queue has started: its key and the id of this run.
struct RefreshRun { key: string, id: int, job: Refresh }

struct RunEnd { key: string, id: int }

/// The bridge's bookkeeping, no IO (LLL-666). A key is waiting, running, or
/// both (running with the next refresh held back in `jobs`); `slots` counts
/// running refreshes that still hold a worker.
struct RefreshQueue {
  waiting: Slice<string>,
  jobs: mut Map<string, Refresh>,
  running: mut Map<string, int>,
  late: mut Map<string, bool>,
  slots: int,
  runs: int,
}

impl RefreshQueue {
  fn new() -> mut RefreshQueue {
    RefreshQueue {
      waiting: [],
      jobs: Map.new<string, Refresh>(),
      running: Map.new<string, int>(),
      late: Map.new<string, bool>(),
      slots: 0,
      runs: 0,
    }
  }

  fn submit(self: mut Ref<RefreshQueue>, job: Refresh) {
    let key = refresh_key(job)
    if let Some(prev) = self.jobs.get(key) {
      self.jobs[key] = merge_refresh(prev, job)
      return
    }
    self.jobs[key] = job
    if self.running.get(key).is_none() { self.waiting = self.waiting.append(key) }
  }

  /// The refreshes to start now, oldest first, up to `workers` running.
  fn start(self: mut Ref<RefreshQueue>, workers: int) -> Slice<RefreshRun> {
    let mut out: Slice<RefreshRun> = []
    while self.slots < workers && !self.waiting.is_empty() {
      let key = self.waiting[0]
      self.waiting = self.waiting[1..]
      let Some(job) = self.jobs.get(key) else { continue }
      self.jobs.delete(key)
      self.runs += 1
      self.running[key] = self.runs
      self.slots += 1
      out = out.append(RefreshRun { key, id: self.runs, job })
    }
    out
  }

  /// A run finished. A refresh asked for while it ran starts next.
  fn finished(self: mut Ref<RefreshQueue>, end: RunEnd) {
    let Some(id) = self.running.get(end.key) else { return }
    if id != end.id { return }
    self.running.delete(end.key)
    if self.late.get(end.key).is_some() {
      self.late.delete(end.key)
    } else {
      self.slots -= 1
    }
    if self.jobs.get(end.key).is_some() { self.waiting = self.waiting.append(end.key) }
  }

  /// A run outlived refresh_bound: it gives up its worker, and its key stays
  /// running. True the first time, so the caller logs it once.
  fn overdue(self: mut Ref<RefreshQueue>, end: RunEnd) -> bool {
    let Some(id) = self.running.get(end.key) else { return false }
    if id != end.id || self.late.get(end.key).is_some() { return false }
    self.late[end.key] = true
    self.slots -= 1
    true
  }
}
