import "records"

import "display"
import "models"
import "pb"

// Who a board page may name (LLL-551, LLL-658).
//
// Pages read with the viewer's own client, so the members collection rule
// already decides which members come back: the roster is exactly the
// members list the viewer reads. A record the viewer may see can still
// carry the id of a member it may not (an assignee, creator, comment author,
// claim holder or bot owner from outside its teams); that id arrives without
// its expanded record, and renders as "hidden member"
// (display.hidden_member). Pickers and filters offer only the roster.

/// The members one rendering may name: the viewer's own read of the members
/// collection.
struct Roster {
  members: Slice<models.Member>,
}

/// The roster `ctx`'s credential may see.
fn read_roster(ctx: pb.Client) -> Result<Roster, pb.CliError> {
  Ok(Roster { members: records.fetch_members(ctx)? })
}

/// The roster member with this exact name. A hidden member answers exactly
/// like a name nobody has (records.resolve_member's words), so a filter
/// cannot probe who exists.
fn roster_member(roster: Roster, name: string) -> Result<models.Member, pb.CliError> {
  let Some(m) = roster.members.find(|m| m.name == name) else {
    return Err(pb.failed(f"no member named '{name}'; see 'lll member list'"))
  }
  Ok(m)
}

impl Roster {
  /// Whether this rendering may name the member with this id. An empty id
  /// is no member, which names nobody.
  fn sees(self, id: models.MemberId) -> bool {
    id == "" || self.members.any(|m| m.id == id)
  }

  /// The member, or a placeholder that keeps only its id when it is hidden.
  fn member(self, m: models.Member) -> models.Member {
    if self.sees(m.id) { return m }
    models.Member { id: m.id, name: display.hidden_member(), .. }
  }

  /// An issue with a hidden assignee or creator replaced by the placeholder.
  fn issue(self, i: models.Issue) -> models.Issue {
    let mut out = i
    out.expand.assignee = self.member(models.Member { id: i.assignee, ..i.expand.assignee })
    out.expand.creator = self.member(models.Member { id: i.creator, ..i.expand.creator })
    out
  }

  /// A comment whose hidden author, or a visible bot author's hidden owner,
  /// is withheld.
  fn comment(self, c: models.Comment) -> models.Comment {
    let mut out = c
    out.expand.author = self.author(models.Member { id: c.author, ..c.expand.author })
    out
  }

  /// A doc whose hidden author (or the author's hidden owner) is withheld.
  fn doc(self, d: models.Doc) -> models.Doc {
    if d.author == "" { return d }
    let mut out = d
    out.expand.author = Some(self.author(d.expand.author.unwrap_or(models.Member { id: d.author, .. })))
    out
  }

  /// A claim whose hidden holder is withheld.
  fn claim(self, c: models.Claim) -> models.Claim {
    let mut out = c
    out.expand.member = self.member(models.Member { id: c.member, ..c.expand.member })
    out
  }

  /// An author: the placeholder when hidden, else itself without an owner
  /// this rendering may not name.
  fn author(self, m: models.Member) -> models.Member {
    let mut out = self.member(m)
    if let Some(e) = out.expand {
      if let Some(owner) = e.owner {
        if !self.sees(owner.id) { out.expand = None }
      }
    }
    out
  }

  /// The members a picker or a filter offers.
  fn picks(self) -> Slice<PickVM> {
    self.members.map(|m| PickVM { id: m.id.string(), name: m.name, bot: m.kind == "bot" })
  }
}
