import "records"
import "claims"
import "markdown"
import "query"
import "go:crypto/sha256"
import "go:fmt"
import "go:net/url"
import "go:encoding/json"
import "go:net/http"
import "go:os"
import "go:strings"
import "go:time"

import "models"
import "pb"
import "realtime"

// Realtime: the fan-out hub, the /events endpoint each browser holds open, and
// the bridge that turns PocketBase events into broadcast fragments.

/// Who a client's fragments are read and rendered as (LLL-658). The shared
/// PocketBase subscription runs as the board's member and only says WHAT
/// changed; each refresh then reads the changed views once per reader, with
/// that reader's own client, so PocketBase's rules decide what each one
/// sees. `key` names the credential: clients holding the same one (two tabs
/// of one member, every board-token tab) share one read and one rendering.
/// The board login's key is "board": only its rail carries the workspace's
/// favorites and saved views. `scoped` and `writes` are presentation
/// (shown_refs, the claim button).
struct Reader { key: string, client: pb.Client, scoped: bool, writes: bool }

/// One connected browser: its scope ("board:KEY:ORDER" for a team's board
/// view in one card ordering, or "issue:KEY-1"), who it reads as, and the
/// channel its /events handler drains.
struct SseClient { id: int, scope: string, ch: Channel<string>, description_hash: string, reader: Reader }

/// A rendered SSE payload for every client with a matching scope that reads
/// as `reader` (a Reader's key).
struct Broadcast {
  scope: string,
  reader: string,
  payload: string,
  description: Option<string>,
  client_id: int,
}

/// One open view: a client's scope and who it reads as.
struct OpenView { scope: string, reader: Reader }

/// Which views are open: those whose scope is `scope` (`exact`) or starts
/// with it, for one client or all (0). The reply has one entry per distinct
/// (scope, reader).
struct WatchQuery { scope: string, exact: bool, client_id: int, reply: Channel<Slice<OpenView>> }
struct PageSnapshot { key: string, team: string, order: string, client_id: int }

/// Fan-out hub. A single owner task holds the client registry and is fed
/// exclusively through these channels — no shared mutable state.
struct Hub {
  register: Channel<SseClient>,
  unregister: Channel<int>,
  broadcast: Channel<Broadcast>,
  ids: Channel<int>,
  watchers: Channel<WatchQuery>,
  snapshots: Channel<PageSnapshot>,
  /// Asks for every connected client's scope (LLL-666): a reconnect
  /// re-renders exactly the views that are open.
  scopes: Channel<Channel<Slice<string>>>,
}

fn new_hub() -> Hub {
  let hub = Hub { 
    register: Channel.new<SseClient>(),
    unregister: Channel.new<int>(),
    broadcast: Channel.new<Broadcast>(),
    ids: Channel.new<int>(),
    watchers: Channel.new<WatchQuery>(),
    snapshots: Channel.new<PageSnapshot>(),
    scopes: Channel.new<Channel<Slice<string>>>(),
  }
  // Client-id allocator: unique ids without shared counters.
  task {
    let mut n = 1
    loop {
      if !hub.ids.send(n) { break }
      n += 1
    }
  }
  // Registry owner.
  task {
    let mut clients: Slice<SseClient> = []
    let mut running = true
    while running {
      select {
        match hub.register.receive() {
          Some(c) => clients = clients.append(c),
          None => running = false,
        },
        match hub.unregister.receive() {
          Some(id) => clients = clients.filter(|c| c.id != id),
          None => running = false,
        },
        match hub.watchers.receive() {
          Some(q) => { let _ = q.reply.send(watches(clients, q)) },
          None => running = false,
        },
        match hub.broadcast.receive() {
          Some(msg) => clients = deliver(clients, msg),
          None => running = false,
        },
        match hub.scopes.receive() {
          Some(reply) => { let _ = reply.send(clients.map(|c| c.scope)) },
          None => running = false,
        },
      }
    }
  }
  hub
}

/// Send a broadcast to every matching client, dropping the payload for any
/// client whose buffer is full (a stuck browser must not stall the hub).
///
/// Scope "*" matches every client. The rail is on every page, so its
/// favorites group is the one fragment with no single scope to belong to.
/// A client gets only what was read as its own reader (LLL-658).
fn deliver(clients: Slice<SseClient>, msg: Broadcast) -> Slice<SseClient> {
  let mut result = clients.clone()
  let mut hash = ""
  if let Some(source) = msg.description {
    hash = fmt.Sprintf("%x", sha256.Sum256(source.bytes()))
  }
  let mut description_patch: Option<string> = None
  for i in 0..result.length() {
    let c = result[i]
    if msg.scope != "*" && c.scope != msg.scope { continue }
    if c.reader.key != msg.reader { continue }
    if msg.client_id != 0 && c.id != msg.client_id { continue }
    let changed = msg.description.is_some() && c.description_hash != hash
    let mut payload = msg.payload
    if changed {
      if description_patch.is_none() {
        let Ok(html) = render("issue-description", markdown.md_html(msg.description.unwrap_or(""))) else {
          continue
        }
        description_patch = Some(patch_event(html))
      }
      payload += description_patch.unwrap_or("")
    }
    select {
      c.ch.send(payload) => {
        // Advance only after enqueueing: a full buffer must not make a
        // later metadata update forget the description this client missed.
        if changed { result[i].description_hash = hash }
      },
      _ => continue,
    }
  }
  result
}

/// The open views a query names, one per distinct (scope, reader).
fn watches(clients: Slice<SseClient>, q: WatchQuery) -> Slice<OpenView> {
  let mut out: Slice<OpenView> = []
  for c in clients {
    let named = if q.exact { c.scope == q.scope } else { strings.HasPrefix(c.scope, q.scope) }
    if !named || (q.client_id != 0 && c.id != q.client_id) { continue }
    if out.any(|w| w.scope == c.scope && w.reader.key == c.reader.key) { continue }
    out = out.append(OpenView { scope: c.scope, reader: c.reader })
  }
  out
}

/// The open views for `scope`, asked of the hub.
fn watching(hub: Hub, scope: string, exact: bool, client_id: int) -> Slice<OpenView> {
  let reply = Channel.buffered<Slice<OpenView>>(1)
  if !hub.watchers.send(WatchQuery { scope, exact, client_id, reply }) { return [] }
  reply.receive().unwrap_or([])
}

/// Each distinct reader among these views, once.
fn readers_of(views: Slice<OpenView>) -> Slice<Reader> {
  let mut out: Slice<Reader> = []
  for w in views {
    if !out.any(|r| r.key == w.reader.key) { out = out.append(w.reader) }
  }
  out
}

/// Who a viewer's live fragments are read as: one key per credential, and,
/// for a member, per the access it rendered with, so two streams sharing a
/// key always share the client and the presentation flags (review F2, F3).
/// A team link's reader token is minted per request, so each link stream
/// reads with its own.
fn reader_of(v: Viewing) -> Reader {
  let key = match v.viewer {
    Viewer.Full => "board",
    Viewer.Scoped(s) => s.member.map_or_else(
      || f"link:{v.reads.token()}",
      |m| f"member:{m.rw}:{m.all}:{m.token}",
    ),
  }
  Reader {
    key,
    client: v.reads,
    scoped: viewer_is_scoped(v.viewer),
    writes: viewer_writes(v.viewer),
  }
}

/// SSE endpoint: register with the hub under the page's scope and forward
/// broadcast payloads until the browser disconnects.
///
/// A board page names its team (?team=KEY, TASK-198) so its client only
/// receives that team's #board morphs; a request naming none — an old
/// bookmark, a bare curl — is scoped to the boot team, which is what the
/// bare / redirect lands a browser on anyway.
///
/// A board page also names its card ordering (?order=updated, TASK-209),
/// threaded into the scope the same way team is: issue_broadcast renders one
/// #board per ordering, so the morph this client receives is already in the
/// order its URL asked for. Absent or unknown means manual.
fn events_stream(
  ctx: pb.Client,
  w: http.ResponseWriter,
  r: Ref<http.Request>,
  hub: Hub,
  boot_key: string,
  v: Viewing,
) {
  let mut page = ""
  let mut key = ""
  let mut team = ""
  let mut order = ""
  if let Some(u) = r.URL {
    let q = u.Query()
    page = q.Get("page")
    key = q.Get("key")
    team = q.Get("team")
    order = q.Get("order")
  }
  if team == "" { team = boot_key }
  if board_orders().find(|o| o == order).is_none() { order = "manual" }
  let mut scope = f"board:{team}:{order}"
  if page == "issue" && key != "" { scope = f"issue:{key}" }
  // A scoped viewer streams only what it can read (LLL-658): its own read of
  // the issue or team answers, and one it cannot see is a 404 in a missing
  // one's words.
  let scoped = match v.viewer {
    Viewer.Full => false,
    Viewer.Scoped(_) => true,
  }
  if scoped {
    if page == "issue" && key != "" {
      if records.fetch_issue(v.reads, key).is_err() {
        http.Error(w, records.issue_not_found(key), 404)
        return
      }
    } else {
      let visible = match records.find_team(v.reads, team) {
        Ok(Some(_)) => true,
        _ => false,
      }
      if !visible {
        http.Error(w, hidden_team(team), 404)
        return
      }
    }
  }

  let Some(flusher) = assert_type<http.Flusher>(w) else {
    http.Error(w, "streaming unsupported", 500)
    return
  }
  w.Header().Set("Content-Type", "text/event-stream")
  w.Header().Set("Cache-Control", "no-cache")
  let Some(id) = hub.ids.receive() else {
    return
  }
  let ch = Channel.buffered<string>(64)
  let _ = hub.register.send(SseClient { id, scope, ch, reader: reader_of(v), .. })
  // Response headers acknowledge registration, so a client that has opened
  // the stream cannot miss an immediately following issue mutation.
  w.WriteHeader(200)
  flusher.Flush()
  if page == "issue" && key != "" {
    let _ = hub.snapshots.send(PageSnapshot { key, client_id: id, .. })
  } else {
    let _ = hub.snapshots.send(PageSnapshot { team, order, client_id: id, .. })
  }
  // Revocation (LLL-626): narrowing or deleting a member revokes it, open
  // streams included. A scoped viewer's access is read again before every
  // payload and on a timer while idle; the stream closes as soon as its
  // credential stops resolving or no longer covers what it streams. The
  // board token is fixed for the process, so a full viewer is not re-read.
  // Every payload was read as this viewer already; this check is what closes
  // the stream, not what keeps data out of it. A stream also closes when its
  // read credential expires or the member's mode or reach changed since it
  // opened: the browser reconnects and reads with what is current.
  let opened_writes = viewer_writes(v.viewer)
  let opened_scoped = viewer_is_scoped(v.viewer)
  let still_allowed = || {
    if pb.token_expired(v.reads.token()) { return false }
    let current = board_viewer(ctx, r)
    if viewer_writes(current) != opened_writes || viewer_is_scoped(current) != opened_scoped { return false }
    match current {
      Viewer.Full => true,
      Viewer.Scoped(now) => if page == "issue" && key != "" { now.sees_issue(key) } else { now.teams.contains(team) },
    }
  }
  let ticker = time.NewTicker(revalidate_every())
  defer ticker.Stop()
  let done = r.Context().Done()
  loop {
    let quit = select {
      match ch.receive() {
        Some(payload) => {
          if scoped && !still_allowed() {
            true
          } else {
            let _ = w.Write(payload.bytes())
            flusher.Flush()
            false
          }
        },
        None => true,
      },
      match ticker.C.receive() {
        Some(_) => scoped && !still_allowed(),
        None => false,
      },
      match done.receive() {
        Some(_) => true,
        None => true,
      },
    }
    if quit {
      let _ = hub.unregister.send(id)
      return
    }
  }
}

/// How often an idle scoped stream re-reads its viewer's access (LLL-626).
fn revalidate_every() -> time.Duration {
  10 * time.Second
}

/// How many refreshes run at once (LLL-666). A refresh is a few reads and a
/// render; four lets one slow read stall only its own views, without a
/// burst of events opening a read per event.
fn refresh_workers() -> int {
  4
}

/// How long a refresh holds a worker (LLL-666). A read cannot be cancelled,
/// so a refresh past this keeps running and its own views wait for it; it is
/// logged, and its worker goes to the next refresh.
fn refresh_bound() -> time.Duration {
  10 * time.Second
}

/// A team's #board in one ordering or every one (""), for one client or
/// every client of it (0). `team_id` is "" when only the key is known.
struct BoardRefresh { team_key: string, team_id: string, order: string, client_id: int }

/// An issue page, for one client or all (0): #issue-detail and comments.
struct IssueRefresh { key: string, client_id: int }

/// A claim or a comment names its issue by id: read the issue, then refresh
/// its page, and its board too when `board`.
struct ResolveRefresh { issue_id: string, board: bool }

/// One piece of live-refresh work (LLL-666). The bridge turns realtime
/// events, new pages' snapshots and reconnects into these. refresh_key names
/// the views one rewrites; two refreshes of the same views never run at
/// once, so an older read cannot land after a newer one, and a refresh asked
/// for while its views are already being refreshed waits, merged with any
/// other asked for meanwhile.
enum Refresh {
  Board(BoardRefresh),
  Issue(IssueRefresh),
  Resolve(ResolveRefresh),
  Favorites,
  Views,
}

fn refresh_key(job: Refresh) -> string {
  match job {
    Refresh.Board(b) => f"board:{records.normalize_team_key(b.team_key)}",
    Refresh.Issue(i) => f"issue:{i.key}",
    Refresh.Resolve(r) => f"resolve:{r.issue_id}",
    Refresh.Favorites => "favorites",
    Refresh.Views => "views",
  }
}

/// One refresh covering both, for two with the same key. Different
/// orderings or clients widen to all of them.
fn merge_refresh(prev: Refresh, next: Refresh) -> Refresh {
  match prev {
    Refresh.Board(a) => match next {
      Refresh.Board(b) => {
        // The key and the id come from the same job: a snapshot's key is the
        // URL's spelling, an event's is the stored one.
        let named = if a.team_id != "" { a } else { b }
        let order = if a.order == b.order { a.order } else { "" }
        let client_id = if a.client_id == b.client_id { a.client_id } else { 0 }
        Refresh.Board(BoardRefresh { team_key: named.team_key, team_id: named.team_id, order, client_id })
      },
      other => other,
    },
    Refresh.Issue(a) => match next {
      Refresh.Issue(b) => {
        let client_id = if a.client_id == b.client_id { a.client_id } else { 0 }
        Refresh.Issue(IssueRefresh { key: a.key, client_id })
      },
      other => other,
    },
    Refresh.Resolve(a) => match next {
      Refresh.Resolve(b) => Refresh.Resolve(ResolveRefresh { issue_id: a.issue_id, board: a.board || b.board }),
      other => other,
    },
    _ => next,
  }
}

/// A refresh the queue has started: its key and the id of this run.
struct RefreshRun { key: string, id: int, job: Refresh }

struct RunEnd { key: string, id: int }

/// The bridge's bookkeeping, no IO (LLL-666). A key is waiting, running, or
/// both (running with the next refresh held back in `jobs`); `slots` counts
/// running refreshes that still hold a worker.
struct RefreshQueue {
  waiting: Slice<string>,
  jobs: mut Map<string, Refresh>,
  running: mut Map<string, int>,
  late: mut Map<string, bool>,
  slots: int,
  runs: int,
}

impl RefreshQueue {
  fn new() -> mut RefreshQueue {
    RefreshQueue {
      waiting: [],
      jobs: Map.new<string, Refresh>(),
      running: Map.new<string, int>(),
      late: Map.new<string, bool>(),
      slots: 0,
      runs: 0,
    }
  }

  fn submit(self: mut Ref<RefreshQueue>, job: Refresh) {
    let key = refresh_key(job)
    if let Some(prev) = self.jobs.get(key) {
      self.jobs[key] = merge_refresh(prev, job)
      return
    }
    self.jobs[key] = job
    if self.running.get(key).is_none() { self.waiting = self.waiting.append(key) }
  }

  /// The refreshes to start now, oldest first, up to `workers` running.
  fn start(self: mut Ref<RefreshQueue>, workers: int) -> Slice<RefreshRun> {
    let mut out: Slice<RefreshRun> = []
    while self.slots < workers && !self.waiting.is_empty() {
      let key = self.waiting[0]
      self.waiting = self.waiting[1..]
      let Some(job) = self.jobs.get(key) else { continue }
      self.jobs.delete(key)
      self.runs += 1
      self.running[key] = self.runs
      self.slots += 1
      out = out.append(RefreshRun { key, id: self.runs, job })
    }
    out
  }

  /// A run finished. A refresh asked for while it ran starts next.
  fn finished(self: mut Ref<RefreshQueue>, end: RunEnd) {
    let Some(id) = self.running.get(end.key) else { return }
    if id != end.id { return }
    self.running.delete(end.key)
    if self.late.get(end.key).is_some() {
      self.late.delete(end.key)
    } else {
      self.slots -= 1
    }
    if self.jobs.get(end.key).is_some() { self.waiting = self.waiting.append(end.key) }
  }

  /// A run outlived refresh_bound: it gives up its worker, and its key stays
  /// running. True the first time, so the caller logs it once.
  fn overdue(self: mut Ref<RefreshQueue>, end: RunEnd) -> bool {
    let Some(id) = self.running.get(end.key) else { return false }
    if id != end.id || self.late.get(end.key).is_some() { return false }
    self.late[end.key] = true
    self.slots -= 1
    true
  }
}

/// Consume PB realtime events forever; turn them into refreshes and run
/// those on a few workers (LLL-666). This task only keeps the books: every
/// read and render happens on a worker, so a slow read no longer holds up
/// every other viewer's update.
fn bridge(ctx: pb.Client, events: Channel<realtime.Event>, hub: Hub) {
  let done = Channel.new<RunEnd>()
  let slow = Channel.new<RunEnd>()
  let follow = Channel.new<Refresh>()
  let mut queue = RefreshQueue.new()
  loop {
    let jobs: Slice<Refresh> = select {
      match events.receive() {
        Some(ev) => {
          if ev.topic == realtime.RESYNC {
            fmt.Fprintln(os.Stderr, "realtime: re-rendering every open view after the reconnect")
            resync_refreshes(open_scopes(hub))
          } else { event_refreshes(ev) }
        },
        None => { return },
      },
      match hub.snapshots.receive() {
        Some(snapshot) => [snapshot_refresh(snapshot)],
        None => { return },
      },
      match follow.receive() {
        Some(job) => [job],
        None => { return },
      },
      match done.receive() {
        Some(end) => {
          queue.finished(end)
          []
        },
        None => { return },
      },
      match slow.receive() {
        Some(end) => {
          if queue.overdue(end) {
            fmt.Fprintln(os.Stderr, f"realtime: refreshing {end.key} is taking over {refresh_bound()}; other views keep updating")
          }
          []
        },
        None => { return },
      },
    }
    for job in jobs { queue.submit(job) }
    for run in queue.start(refresh_workers()) { launch(ctx, run, hub, done, slow, follow) }
  }
}

/// Run one refresh on its own task, log a failure instead of dropping it,
/// and report back: once if it outlives refresh_bound, always when it ends.
fn launch(ctx: pb.Client, run: RefreshRun, hub: Hub, done: Channel<RunEnd>, slow: Channel<RunEnd>, follow: Channel<Refresh>) {
  let end = RunEnd { key: run.key, id: run.id }
  task {
    let finished = Channel.buffered<bool>(1)
    task {
      if let Err(e) = run_refresh(ctx, run.job, hub, follow) {
        fmt.Fprintln(os.Stderr, f"realtime: refreshing {run.key} failed: {e}")
      }
      let _ = finished.send(true)
    }
    let timer = time.NewTimer(refresh_bound())
    select {
      finished.receive() => { let _ = timer.Stop() },
      timer.C.receive() => {
        let _ = slow.send(end)
        let _ = finished.receive()
      },
    }
    let _ = done.send(end)
  }
}

fn run_refresh(ctx: pb.Client, job: Refresh, hub: Hub, follow: Channel<Refresh>) -> Result<(), string> {
  match job {
    Refresh.Board(b) => board_refresh(hub, b),
    Refresh.Issue(i) => issue_snapshot(hub, i.key, i.client_id),
    Refresh.Resolve(r) => resolve_issue(ctx, r, follow),
    Refresh.Favorites => favorites_broadcast(ctx, hub),
    Refresh.Views => views_broadcast(ctx, hub),
  }
}

/// The refreshes one PocketBase event asks for. Decoding is the only work
/// here; anything that reads runs on a worker.
fn event_refreshes(ev: realtime.Event) -> Slice<Refresh> {
  if ev.topic == "comments" {
    let mut event = realtime.CommentEvent { .. }
    if json.Unmarshal(ev.data.bytes(), &event).is_err() { return [] }
    return [Refresh.Resolve(ResolveRefresh { issue_id: event.record.issue, board: false })]
  }
  if ev.topic == "claims" {
    // Claim-only releases may not update the issue's assignee: route the
    // hold's own event by its issue id, deleted holds included.
    let mut event = ClaimEvent { .. }
    if json.Unmarshal(ev.data.bytes(), &event).is_err() { return [] }
    return [Refresh.Resolve(ResolveRefresh { issue_id: event.record.issue, board: true })]
  }
  if ev.topic == "favorites" { return [Refresh.Favorites] }
  if ev.topic == "views" { return [Refresh.Views] }
  let mut event = realtime.IssueEvent { .. }
  if json.Unmarshal(ev.data.bytes(), &event).is_err() { return [] }
  let rec = event.record
  let team_key = rec.expand.team.key
  // Titles and state icons in favorites are issue data too.
  [
    Refresh.Board(BoardRefresh { team_key, team_id: rec.team, order: "", client_id: 0 }),
    Refresh.Issue(IssueRefresh { key: f"{team_key}-{rec.number}", client_id: 0 }),
    Refresh.Favorites,
  ]
}

/// A new page's first fragment: its board or its issue, for it alone.
fn snapshot_refresh(snapshot: PageSnapshot) -> Refresh {
  if snapshot.key != "" {
    return Refresh.Issue(IssueRefresh { key: snapshot.key, client_id: snapshot.client_id })
  }
  Refresh.Board(BoardRefresh { team_key: records.normalize_team_key(snapshot.team), team_id: "", order: snapshot.order, client_id: snapshot.client_id })
}

/// After a reconnect (LLL-666), everything an open page shows: PocketBase
/// does not replay the events the outage swallowed, so every board and issue
/// page with a client, and the rail's groups, are read again.
fn resync_refreshes(scopes: Slice<string>) -> Slice<Refresh> {
  let mut jobs: Slice<Refresh> = [Refresh.Favorites, Refresh.Views]
  for scope in scopes {
    if let Some(key) = strings.CutPrefix(scope, "issue:") {
      jobs = jobs.append(Refresh.Issue(IssueRefresh { key, client_id: 0 }))
    } else if let Some(rest) = strings.CutPrefix(scope, "board:") {
      let (team, order, _) = strings.Cut(rest, ":")
      jobs = jobs.append(Refresh.Board(BoardRefresh { team_key: records.normalize_team_key(team), team_id: "", order, client_id: 0 }))
    }
  }
  jobs
}

/// The scope of every connected browser, one entry per client.
fn open_scopes(hub: Hub) -> Slice<string> {
  let reply = Channel.buffered<Slice<string>>(1)
  if !hub.scopes.send(reply) { return [] }
  reply.receive().unwrap_or([])
}

/// Re-render a team's #board for every reader that has it open (LLL-658):
/// one read per reader, with that reader's own client, then one render per
/// ordering its clients asked for. A reader whose read fails is skipped, so
/// one revoked credential cannot stall the others; the first failure is
/// reported.
fn board_refresh(hub: Hub, b: BoardRefresh) -> Result<(), string> {
  let open = watching(hub, f"board:{b.team_key}:", false, b.client_id)
  for_readers(readers_of(open), |reader: Reader| {
    let orders = open.filter(|w| w.reader.key == reader.key).map(|w| strings.TrimPrefix(w.scope, f"board:{b.team_key}:"))
    board_snapshot(hub, reader, b, orders)
  })
}

/// How many readers one refresh reads for at once (LLL-658). Every viewer's
/// read comes from the board's one address, and PocketBase answers a burst
/// of empty filtered lists from one address with a randomized delay of up
/// to half a second (its timing-attack throttle), so readers read side by
/// side rather than queueing those delays one after another.
fn reader_workers() -> int {
  16
}

/// Run `each` for every reader, at most reader_workers() at once; the first
/// failure is the answer, and a failed reader never stops the others.
fn for_readers(readers: Slice<Reader>, each: fn(Reader) -> Result<(), string>) -> Result<(), string> {
  let slots = Channel.buffered<bool>(reader_workers())
  let results = Channel.buffered<Result<(), string>>(readers.length() + 1)
  for reader in readers {
    let _ = slots.send(true)
    task {
      let _ = results.send(each(reader))
      let _ = slots.receive()
    }
  }
  let mut failed: Result<(), string> = Ok(())
  for _ in 0..readers.length() {
    if let Some(Err(e)) = results.receive() {
      if failed.is_ok() { failed = Err(e) }
    }
  }
  failed
}

/// Re-render the whole board fragment from a fresh fetch (laziest correct —
/// a state change moves a card between two columns, and one #board morph
/// covers create/update/delete alike), as one reader.
///
/// The subscription is UNSCOPED (TASK-198): the server hosts every team, so
/// each event re-renders the board of the team the record belongs to and
/// lands only on clients scoped to that team ("board:KEY:ORDER").
///
/// One FETCH per reader, one render per ordering (TASK-209): a client's
/// scope names the card order its URL asked for, so each variant lands only
/// on the clients that requested it.
fn board_snapshot(hub: Hub, reader: Reader, b: BoardRefresh, orders: Slice<string>) -> Result<(), string> {
  let ctx = reader.client
  let mut team_id = b.team_id
  if team_id == "" {
    // A team deleted since the page opened, or one this reader no longer
    // sees, has no board to refresh.
    let Some(team) = records.find_team(ctx, b.team_key)? else { return Ok(()) }
    team_id = team.id
  }
  // The three reads side by side: see reader_workers on why each may wait.
  let held = Channel.buffered<Result<Slice<models.Claim>, string>>(1)
  task { let _ = held.send(claims.for_team(ctx, team_id)) }
  let roster = Channel.buffered<Result<Roster, string>>(1)
  task { let _ = roster.send(read_roster(ctx)) }
  let fetched = records.fetch_board_issues(ctx, team_id)
  let shown = roster.receive().unwrap_or(Err("reading the roster stopped"))?
  let issues = issues_for(reader.scoped, fetched?).map(|i| shown.issue(i))
  let claimed = held.receive().unwrap_or(Err("reading the claims stopped"))?.map(|c| shown.claim(c))
  for order in board_orders() {
    if !orders.contains(order) { continue }
    // UNFILTERED on purpose: /events sends one #board per (team, order) to
    // every matching client, so the per-URL filter is applied by the page
    // handler and guarded client-side by the cards' data-show, never here.
    let vm = BoardVM {
      states: state_opts(),
      columns: board_columns(issues, BoardFilter { .. }, claimed, order),
      ..
    }
    let html = render("board", vm)?
    let _ = hub.broadcast.send(
      Broadcast { scope: f"board:{b.team_key}:{order}", reader: reader.key, payload: patch_event(html), client_id: b.client_id, .. },
    )
  }
  Ok(())
}

#[json]
struct ClaimEvent { record: models.Claim }

/// A claim or comment event's issue, read fresh, then its page (and board)
/// refreshed under their own keys, so they stay ordered with every other
/// refresh of the same views. An issue deleted since is nothing to refresh.
fn resolve_issue(ctx: pb.Client, r: ResolveRefresh, follow: Channel<Refresh>) -> Result<(), string> {
  let filter = url.QueryEscape(f"id={query.quote(r.issue_id)}")
  let mut found = models.IssueList { .. }
  pb.fetch(ctx, f"/api/collections/issues/records?filter={filter}&perPage=1&expand=team", "issue", &found)?
  let Some(issue) = found.items.get(0) else { return Ok(()) }
  let team_key = issue.expand.team.key
  let _ = follow.send(Refresh.Issue(IssueRefresh { key: f"{team_key}-{issue.number}", client_id: 0 }))
  if r.board {
    let _ = follow.send(Refresh.Board(BoardRefresh { team_key, team_id: issue.team, order: "", client_id: 0 }))
  }
  Ok(())
}

/// An issue page's live fragments for every reader that has it open
/// (LLL-658), each read with that reader's own client. No observers means
/// no fetch, catalogues or markdown rendering.
fn issue_snapshot(hub: Hub, key: string, client_id: int) -> Result<(), string> {
  for_readers(readers_of(watching(hub, f"issue:{key}", true, client_id)), |reader: Reader| {
    issue_for_reader(hub, reader, key, client_id)
  })
}

/// #issue-detail and the comments from a fresh read as `reader`. An issue
/// the reader cannot read is, for it, deleted.
fn issue_for_reader(hub: Hub, reader: Reader, key: string, client_id: int) -> Result<(), string> {
  let ctx = reader.client
  let (team, number) = records.split_issue_key(key)?
  let filter = url.QueryEscape(f"team.key={query.quote(team)} && number={number}")
  let mut issues = models.IssueList { .. }
  pb.fetch(ctx,
    f"/api/collections/issues/records?filter={filter}&perPage=1&expand=team,assignee,labels,project,creator",
    "issue snapshot", &issues,
  )?
  // Only a successful empty read means deleted; backend errors never clear
  // the page. Every new stream starts without a known description revision.
  let mut description = ""
  let mut vm = IssueVM { deleted: true, key, .. }
  let found = issues.items.get(0).map(|i| issues_for(reader.scoped, [i])[0])
  // The comments are read beside the detail: see reader_workers on why each
  // read may wait.
  let thread = Channel.buffered<Result<Slice<models.Comment>, string>>(1)
  if let Some(issue) = found {
    task { let _ = thread.send(records.fetch_comments(ctx, issue.id)) }
  }
  let shown = read_roster(ctx)?
  if let Some(issue) = found {
    description = issue.description
    vm = issue_fields_vm(ctx, issue, [], shown)?
    // A reader that cannot write never gets a claim button (LLL-545).
    if !reader.writes { vm.claim_read_only = true }
  }
  let html = render("issue-detail", vm)?
  let _ = hub.broadcast.send(Broadcast {
    scope: f"issue:{key}", reader: reader.key, payload: patch_event(html),
    description: Some(description), client_id,
  })
  if found.is_some() {
    // The board shows no comments, so only the issue's own page gets them.
    let comments = thread.receive().unwrap_or(Err("reading the comments stopped"))?
    let html = render("comments", CommentsVM { comments: comments.map(|c| comment_vm(shown.comment(c))) })?
    let _ = hub.broadcast.send(
      Broadcast { scope: f"issue:{key}", reader: reader.key, payload: patch_event(html), client_id, .. },
    )
  }
  Ok(())
}

/// Refresh the FAVORITES group on connected realtime pages. Static pages
/// keep their normal reload behavior.
///
/// This is the one fragment that reaches inside #rail. It is legal because
/// the group is its own morph boundary with its own id: the shell itself is
/// still never rendered into a broadcast, so a page keeps the rail it was
/// served and only this group is replaced. Everything else in the rail stays
/// frozen at page load, by design.
///
/// The event's own record is ignored — the group is the whole list, and one
/// fetch is cheaper than reconciling a create against a delete. A failed
/// read leaves the visible group as it was. Only the board login's rail
/// carries the group, so it is read as the board and goes to the "board"
/// reader alone.
fn favorites_broadcast(ctx: pb.Client, hub: Hub) -> Result<(), string> {
  let html = render("rail-favorites", favorite_rows(fetch_favorites(ctx)?))?
  let _ = hub.broadcast.send(Broadcast { scope: "*", reader: "board", payload: patch_event(html), .. })
  Ok(())
}

/// Re-render the rail's SAVED VIEWS group from a fresh fetch and patch it
/// into every open page — same shape as favorites_broadcast, since a view is
/// the workspace's like a star is.
fn views_broadcast(ctx: pb.Client, hub: Hub) -> Result<(), string> {
  let html = render("rail-views", fetch_view_vms(ctx)?)?
  let _ = hub.broadcast.send(Broadcast { scope: "*", reader: "board", payload: patch_event(html), .. })
  Ok(())
}
